{"run": 0, "name": "baseline", "overrides": {"max_steps": 4883, "max_lr": 0.002, "min_lr": 0.0002}}
{"step": 0, "train_loss": 9.263228416442871, "val_loss": 9.257105350494385, "lr": 0.0, "elapsed_seconds": 12.133170545101166, "tokens_seen": 8192, "tokens_per_second": 675.1736758380524, "peak_memory_mib": 2491.22216796875}
{"step": 100, "train_loss": 3.3958890438079834, "val_loss": 3.362333869934082, "lr": 0.002, "elapsed_seconds": 16.892405565828085, "tokens_seen": 827392, "tokens_per_second": 172128.5652756022, "peak_memory_mib": 2673.96044921875}
{"step": 200, "train_loss": 2.864527702331543, "val_loss": 2.849962818622589, "lr": 0.001998059313627899, "elapsed_seconds": 21.61948590911925, "tokens_seen": 1646592, "tokens_per_second": 173299.32460699131, "peak_memory_mib": 2673.96044921875}
{"step": 300, "train_loss": 2.790541648864746, "val_loss": 2.6705390930175783, "lr": 0.0019922456239862526, "elapsed_seconds": 26.371658485382795, "tokens_seen": 2465792, "tokens_per_second": 172384.3345538701, "peak_memory_mib": 2673.96044921875}
{"step": 400, "train_loss": 2.510416030883789, "val_loss": 2.524552059173584, "lr": 0.0019825840034045244, "elapsed_seconds": 31.112340737134218, "tokens_seen": 3284992, "tokens_per_second": 172802.13758525634, "peak_memory_mib": 2673.96044921875}
{"step": 500, "train_loss": 2.3732359409332275, "val_loss": 2.408806562423706, "lr": 0.0019691161189391497, "elapsed_seconds": 35.853994488716125, "tokens_seen": 4104192, "tokens_per_second": 172766.71589682964, "peak_memory_mib": 2673.96044921875}
{"step": 600, "train_loss": 2.407618522644043, "val_loss": 2.381637787818909, "lr": 0.0019519000526786673, "elapsed_seconds": 40.59705065190792, "tokens_seen": 4923392, "tokens_per_second": 172715.62404289367, "peak_memory_mib": 2673.96044921875}
{"step": 700, "train_loss": 2.3451080322265625, "val_loss": 2.3223344922065734, "lr": 0.0019310100512567956, "elapsed_seconds": 45.3308118134737, "tokens_seen": 5742592, "tokens_per_second": 173054.79159008552, "peak_memory_mib": 2673.96044921875}
{"step": 800, "train_loss": 2.136549949645996, "val_loss": 2.2365729451179504, "lr": 0.0019065362056536954, "elapsed_seconds": 50.089326122775674, "tokens_seen": 6561792, "tokens_per_second": 172154.58297451018, "peak_memory_mib": 2673.96044921875}
{"step": 900, "train_loss": 2.166365146636963, "val_loss": 2.245011794567108, "lr": 0.0018785840626663333, "elapsed_seconds": 54.87224764935672, "tokens_seen": 7380992, "tokens_per_second": 171275.98643223153, "peak_memory_mib": 2673.96044921875}
{"step": 1000, "train_loss": 2.250471591949463, "val_loss": 2.152549111843109, "lr": 0.001847274169723524, "elapsed_seconds": 60.06993592903018, "tokens_seen": 8200192, "tokens_per_second": 157608.60443056724, "peak_memory_mib": 2673.96044921875}
{"step": 1100, "train_loss": 2.02767276763916, "val_loss": 2.1332952618598937, "lr": 0.0018127415550087027, "elapsed_seconds": 65.23449305072427, "tokens_seen": 9019392, "tokens_per_second": 158619.44230037162, "peak_memory_mib": 2674.02294921875}
{"step": 1200, "train_loss": 2.0496459007263184, "val_loss": 2.08053657412529, "lr": 0.00177513514513247, "elapsed_seconds": 70.02968530729413, "tokens_seen": 9838592, "tokens_per_second": 170837.9272982386, "peak_memory_mib": 2674.02294921875}
{"step": 1300, "train_loss": 2.0538949966430664, "val_loss": 2.0974263072013857, "lr": 0.0017346171228662711, "elapsed_seconds": 74.79636420495808, "tokens_seen": 10657792, "tokens_per_second": 171859.7442756941, "peak_memory_mib": 2674.02294921875}
{"step": 1400, "train_loss": 2.0547730922698975, "val_loss": 2.059442329406738, "lr": 0.001691362227707076, "elapsed_seconds": 79.57508656941354, "tokens_seen": 11476992, "tokens_per_second": 171426.51977634075, "peak_memory_mib": 2674.02294921875}
{"step": 1500, "train_loss": 2.1183505058288574, "val_loss": 2.0255321145057676, "lr": 0.0016455570022894668, "elapsed_seconds": 84.3368364572525, "tokens_seen": 12296192, "tokens_per_second": 172037.6042243089, "peak_memory_mib": 2674.02294921875}
{"step": 1600, "train_loss": 1.9369165897369385, "val_loss": 2.0089443743228914, "lr": 0.0015973989878950861, "elapsed_seconds": 89.0999496448785, "tokens_seen": 13115392, "tokens_per_second": 171988.3595279602, "peak_memory_mib": 2674.02294921875}
{"step": 1700, "train_loss": 2.0471339225769043, "val_loss": 2.010654777288437, "lr": 0.0015470958725289172, "elapsed_seconds": 93.87228932790458, "tokens_seen": 13934592, "tokens_per_second": 171655.88038345723, "peak_memory_mib": 2674.02294921875}
{"step": 1800, "train_loss": 1.9791184663772583, "val_loss": 1.9775579690933227, "lr": 0.0014948645952364392, "elapsed_seconds": 98.84588900767267, "tokens_seen": 14753792, "tokens_per_second": 164709.67252719417, "peak_memory_mib": 2674.02294921875}
{"step": 1900, "train_loss": 1.9580254554748535, "val_loss": 1.922348153591156, "lr": 0.0014409304105244042, "elapsed_seconds": 103.76108018308878, "tokens_seen": 15572992, "tokens_per_second": 166666.96835812562, "peak_memory_mib": 2674.02294921875}
{"step": 2000, "train_loss": 1.9403715133666992, "val_loss": 1.9111150622367858, "lr": 0.0013855259169200597, "elapsed_seconds": 108.50199529528618, "tokens_seen": 16392192, "tokens_per_second": 172793.66971655833, "peak_memory_mib": 2674.02294921875}
{"step": 2100, "train_loss": 1.7759788036346436, "val_loss": 1.9208807706832887, "lr": 0.0013288900538582745, "elapsed_seconds": 113.21868006885052, "tokens_seen": 17211392, "tokens_per_second": 173681.29017075093, "peak_memory_mib": 2674.02294921875}
{"step": 2200, "train_loss": 1.9936214685440063, "val_loss": 1.9329618453979491, "lr": 0.0012712670712226402, "elapsed_seconds": 117.958002012223, "tokens_seen": 18030592, "tokens_per_second": 172851.68017089413, "peak_memory_mib": 2674.02294921875}
{"step": 2300, "train_loss": 1.8604722023010254, "val_loss": 1.9068800508975983, "lr": 0.001212905475984536, "elapsed_seconds": 123.00620700977743, "tokens_seen": 18849792, "tokens_per_second": 162275.51705344912, "peak_memory_mib": 2674.08544921875}
{"step": 2400, "train_loss": 1.8289272785186768, "val_loss": 1.8785193800926208, "lr": 0.0011540569604829235, "elapsed_seconds": 128.06024120934308, "tokens_seen": 19668992, "tokens_per_second": 162088.35538747822, "peak_memory_mib": 2674.08544921875}
{"step": 2500, "train_loss": 1.8674075603485107, "val_loss": 1.8560306429862976, "lr": 0.001094975316966808, "elapsed_seconds": 132.8258787151426, "tokens_seen": 20488192, "tokens_per_second": 171897.2056585315, "peak_memory_mib": 2674.08544921875}
{"step": 2600, "train_loss": 1.9009969234466553, "val_loss": 1.861122041940689, "lr": 0.0010359153430815518, "elapsed_seconds": 137.57933473214507, "tokens_seen": 21307392, "tokens_per_second": 172337.80164388055, "peak_memory_mib": 2674.13232421875}
{"step": 2700, "train_loss": 1.7971307039260864, "val_loss": 1.816265332698822, "lr": 0.0009771317430192785, "elapsed_seconds": 142.29543328471482, "tokens_seen": 22126592, "tokens_per_second": 173702.94051990594, "peak_memory_mib": 2674.13232421875}
{"step": 2800, "train_loss": 1.811072826385498, "val_loss": 1.8004895806312562, "lr": 0.000918878029072308, "elapsed_seconds": 147.02314798533916, "tokens_seen": 22945792, "tokens_per_second": 173276.09417732072, "peak_memory_mib": 2674.13232421875}
{"step": 2900, "train_loss": 1.761274814605713, "val_loss": 1.802277398109436, "lr": 0.0008614054283268206, "elapsed_seconds": 151.7514673061669, "tokens_seen": 23764992, "tokens_per_second": 173253.95235432917, "peak_memory_mib": 2674.13232421875}
{"step": 3000, "train_loss": 1.839829683303833, "val_loss": 1.7870757162570954, "lr": 0.0008049617992117852, "elapsed_seconds": 156.50410059280694, "tokens_seen": 24584192, "tokens_per_second": 172367.59478981383, "peak_memory_mib": 2674.13232421875}
{"step": 3100, "train_loss": 1.8145631551742554, "val_loss": 1.7879085123538971, "lr": 0.0007497905625756802, "elapsed_seconds": 161.45033008418977, "tokens_seen": 25403392, "tokens_per_second": 165621.0816503403, "peak_memory_mib": 2674.13232421875}
{"step": 3200, "train_loss": 1.7359756231307983, "val_loss": 1.7799840211868285, "lr": 0.0006961296519008872, "elapsed_seconds": 166.35306310281157, "tokens_seen": 26222592, "tokens_per_second": 167090.51484892875, "peak_memory_mib": 2674.13232421875}
{"step": 3300, "train_loss": 1.8850016593933105, "val_loss": 1.7290273904800415, "lr": 0.0006442104871830975, "elapsed_seconds": 171.1165755931288, "tokens_seen": 27041792, "tokens_per_second": 171973.9122973104, "peak_memory_mib": 2674.13232421875}
{"step": 3400, "train_loss": 1.6479660272598267, "val_loss": 1.754413253068924, "lr": 0.0005942569769010196, "elapsed_seconds": 175.84031952545047, "tokens_seen": 27860992, "tokens_per_second": 173421.77830554484, "peak_memory_mib": 2674.13232421875}
{"step": 3500, "train_loss": 1.8299918174743652, "val_loss": 1.7364358842372893, "lr": 0.0005464845523805263, "elapsed_seconds": 180.59504203125834, "tokens_seen": 28680192, "tokens_per_second": 172291.83346732688, "peak_memory_mib": 2674.13232421875}
{"step": 3600, "train_loss": 1.764258623123169, "val_loss": 1.7058936715126038, "lr": 0.0005010992387176826, "elapsed_seconds": 185.3249250445515, "tokens_seen": 29499392, "tokens_per_second": 173196.69749241634, "peak_memory_mib": 2674.13232421875}
{"step": 3700, "train_loss": 1.596165657043457, "val_loss": 1.7229688107967376, "lr": 0.0004582967662674195, "elapsed_seconds": 190.03706318326294, "tokens_seen": 30318592, "tokens_per_second": 173848.92260787613, "peak_memory_mib": 2674.13232421875}
{"step": 3800, "train_loss": 1.631178379058838, "val_loss": 1.6979804039001465, "lr": 0.0004182617265296849, "elapsed_seconds": 194.76953038945794, "tokens_seen": 31137792, "tokens_per_second": 173102.09012816957, "peak_memory_mib": 2674.13232421875}
{"step": 3900, "train_loss": 1.7585468292236328, "val_loss": 1.7126160860061646, "lr": 0.000381166776073424, "elapsed_seconds": 199.50597410835326, "tokens_seen": 31956992, "tokens_per_second": 172956.7641886832, "peak_memory_mib": 2674.13232421875}
{"step": 4000, "train_loss": 1.6328136920928955, "val_loss": 1.6913251996040344, "lr": 0.00034717189193158, "elapsed_seconds": 204.253512756899, "tokens_seen": 32776192, "tokens_per_second": 172552.550950564, "peak_memory_mib": 2674.13232421875}
{"step": 4100, "train_loss": 1.8152533769607544, "val_loss": 1.6826969265937806, "lr": 0.0003164236816783195, "elapsed_seconds": 208.99937659688294, "tokens_seen": 33595392, "tokens_per_second": 172613.45262154742, "peak_memory_mib": 2674.13232421875}
{"step": 4200, "train_loss": 1.7380057573318481, "val_loss": 1.6666710138320924, "lr": 0.0002890547511638763, "elapsed_seconds": 213.71228679455817, "tokens_seen": 34414592, "tokens_per_second": 173820.46103966114, "peak_memory_mib": 2674.13232421875}
{"step": 4300, "train_loss": 1.671857237815857, "val_loss": 1.6926026225090027, "lr": 0.00026518313263373527, "elapsed_seconds": 218.4345725160092, "tokens_seen": 35233792, "tokens_per_second": 173475.28458947616, "peak_memory_mib": 2674.13232421875}
{"step": 4400, "train_loss": 1.6641886234283447, "val_loss": 1.6676945745944978, "lr": 0.0002449117756984776, "elapsed_seconds": 223.17110522463918, "tokens_seen": 36052992, "tokens_per_second": 172953.53815078005, "peak_memory_mib": 2674.13232421875}
{"step": 4500, "train_loss": 1.676758050918579, "val_loss": 1.6801309823989867, "lr": 0.00022832810334954366, "elapsed_seconds": 227.89552509784698, "tokens_seen": 36872192, "tokens_per_second": 173396.92619128988, "peak_memory_mib": 2674.13232421875}
{"step": 4600, "train_loss": 1.505101203918457, "val_loss": 1.659366136789322, "lr": 0.0002155036349356601, "elapsed_seconds": 232.61209907196462, "tokens_seen": 37691392, "tokens_per_second": 173685.39318403922, "peak_memory_mib": 2674.13232421875}
{"step": 4700, "train_loss": 1.719571828842163, "val_loss": 1.6681270837783813, "lr": 0.00020649367772589418, "elapsed_seconds": 237.34464518167078, "tokens_seen": 38510592, "tokens_per_second": 173099.19501759444, "peak_memory_mib": 2674.13232421875}
{"step": 4800, "train_loss": 1.7025220394134521, "val_loss": 1.6370630025863648, "lr": 0.000201337088389513, "elapsed_seconds": 242.06631047651172, "tokens_seen": 39329792, "tokens_per_second": 173498.1402815037, "peak_memory_mib": 2674.13232421875}
{"step": 4882, "train_loss": 1.6121002435684204, "val_loss": 1.6468734443187714, "lr": 0.00020000019413841596, "elapsed_seconds": 246.04007461294532, "tokens_seen": 40001536, "tokens_per_second": 169044.7508834388, "peak_memory_mib": 2674.13232421875}
{"run": 1, "name": "no-rmsnorm-base-lr", "overrides": {"max_steps": 4883, "remove_rmsnorm": true, "max_lr": 0.002, "min_lr": 0.0002}}
/root/autodl-tmp/Stanford-CS336/assignments/spring2026/assignment1-basics/.venv/lib/python3.12/site-packages/torch/_inductor/compile_fx.py:322: UserWarning: TensorFloat32 tensor cores for float32 matrix multiplication available but not enabled. Consider setting `torch.set_float32_matmul_precision('high')` for better performance.
  warnings.warn(
{"step": 0, "train_loss": 9.259035110473633, "val_loss": 9.255899047851562, "lr": 0.0, "elapsed_seconds": 19.459702726453543, "tokens_seen": 8192, "tokens_per_second": 420.97244096533916, "peak_memory_mib": 2387.64404296875}
{"step": 100, "train_loss": NaN, "val_loss": NaN, "lr": 0.002, "elapsed_seconds": 24.146873261779547, "tokens_seen": 827392, "tokens_per_second": 174774.9910773999, "peak_memory_mib": 2562.33544921875}
{"step": 200, "train_loss": NaN, "val_loss": NaN, "lr": 0.001998059313627899, "elapsed_seconds": 28.65857195854187, "tokens_seen": 1646592, "tokens_per_second": 181572.4388262201, "peak_memory_mib": 2562.33544921875}
{"step": 300, "train_loss": NaN, "val_loss": NaN, "lr": 0.0019922456239862526, "elapsed_seconds": 33.18730574660003, "tokens_seen": 2465792, "tokens_per_second": 180889.3614582666, "peak_memory_mib": 2562.33544921875}
{"step": 400, "train_loss": NaN, "val_loss": NaN, "lr": 0.0019825840034045244, "elapsed_seconds": 37.722909945994616, "tokens_seen": 3284992, "tokens_per_second": 180615.36676554123, "peak_memory_mib": 2562.33544921875}
{"step": 500, "train_loss": NaN, "val_loss": NaN, "lr": 0.0019691161189391497, "elapsed_seconds": 42.226978827267885, "tokens_seen": 4104192, "tokens_per_second": 181880.04678001275, "peak_memory_mib": 2562.33544921875}
{"step": 600, "train_loss": NaN, "val_loss": NaN, "lr": 0.0019519000526786673, "elapsed_seconds": 46.73845097795129, "tokens_seen": 4923392, "tokens_per_second": 181581.5146057413, "peak_memory_mib": 2562.33544921875}
{"step": 700, "train_loss": NaN, "val_loss": NaN, "lr": 0.0019310100512567956, "elapsed_seconds": 51.48576872982085, "tokens_seen": 5742592, "tokens_per_second": 172560.60339060455, "peak_memory_mib": 2562.33544921875}
{"step": 800, "train_loss": NaN, "val_loss": NaN, "lr": 0.0019065362056536954, "elapsed_seconds": 56.395035373046994, "tokens_seen": 6561792, "tokens_per_second": 166868.0964655478, "peak_memory_mib": 2562.33544921875}
{"step": 900, "train_loss": NaN, "val_loss": NaN, "lr": 0.0018785840626663333, "elapsed_seconds": 60.91104129515588, "tokens_seen": 7380992, "tokens_per_second": 181399.25244855272, "peak_memory_mib": 2562.33544921875}
{"step": 1000, "train_loss": NaN, "val_loss": NaN, "lr": 0.001847274169723524, "elapsed_seconds": 65.56044656410813, "tokens_seen": 8200192, "tokens_per_second": 176194.54737157706, "peak_memory_mib": 2562.33544921875}
{"step": 1100, "train_loss": NaN, "val_loss": NaN, "lr": 0.0018127415550087027, "elapsed_seconds": 70.48508574254811, "tokens_seen": 9019392, "tokens_per_second": 166347.2034598297, "peak_memory_mib": 2562.33544921875}
{"step": 1200, "train_loss": NaN, "val_loss": NaN, "lr": 0.00177513514513247, "elapsed_seconds": 75.10652616433799, "tokens_seen": 9838592, "tokens_per_second": 177260.7809635252, "peak_memory_mib": 2562.33544921875}
{"step": 1300, "train_loss": NaN, "val_loss": NaN, "lr": 0.0017346171228662711, "elapsed_seconds": 79.84260908514261, "tokens_seen": 10657792, "tokens_per_second": 172969.92457674682, "peak_memory_mib": 2562.33544921875}
{"step": 1400, "train_loss": NaN, "val_loss": NaN, "lr": 0.001691362227707076, "elapsed_seconds": 84.48689895495772, "tokens_seen": 11476992, "tokens_per_second": 176388.6507834885, "peak_memory_mib": 2562.33544921875}
{"step": 1500, "train_loss": NaN, "val_loss": NaN, "lr": 0.0016455570022894668, "elapsed_seconds": 89.23836532235146, "tokens_seen": 12296192, "tokens_per_second": 172409.9365185487, "peak_memory_mib": 2562.33544921875}
{"step": 1600, "train_loss": NaN, "val_loss": NaN, "lr": 0.0015973989878950861, "elapsed_seconds": 93.76566074602306, "tokens_seen": 13115392, "tokens_per_second": 180946.85343336526, "peak_memory_mib": 2562.33544921875}
{"step": 1700, "train_loss": NaN, "val_loss": NaN, "lr": 0.0015470958725289172, "elapsed_seconds": 98.58263548463583, "tokens_seen": 13934592, "tokens_per_second": 170065.2629180019, "peak_memory_mib": 2562.33544921875}
{"step": 1800, "train_loss": NaN, "val_loss": NaN, "lr": 0.0014948645952364392, "elapsed_seconds": 103.50789000093937, "tokens_seen": 14753792, "tokens_per_second": 166326.4583852344, "peak_memory_mib": 2562.33544921875}
{"step": 1900, "train_loss": NaN, "val_loss": NaN, "lr": 0.0014409304105244042, "elapsed_seconds": 108.30693643726408, "tokens_seen": 15572992, "tokens_per_second": 170700.50136667787, "peak_memory_mib": 2562.33544921875}
{"step": 2000, "train_loss": NaN, "val_loss": NaN, "lr": 0.0013855259169200597, "elapsed_seconds": 112.85079496540129, "tokens_seen": 16392192, "tokens_per_second": 180287.3807644324, "peak_memory_mib": 2562.33544921875}
{"step": 2100, "train_loss": NaN, "val_loss": NaN, "lr": 0.0013288900538582745, "elapsed_seconds": 117.35991683229804, "tokens_seen": 17211392, "tokens_per_second": 181676.1668529285, "peak_memory_mib": 2562.33544921875}
{"step": 2200, "train_loss": NaN, "val_loss": NaN, "lr": 0.0012712670712226402, "elapsed_seconds": 122.06799321435392, "tokens_seen": 18030592, "tokens_per_second": 173998.84504459548, "peak_memory_mib": 2562.33544921875}
{"step": 2300, "train_loss": NaN, "val_loss": NaN, "lr": 0.001212905475984536, "elapsed_seconds": 126.59786538220942, "tokens_seen": 18849792, "tokens_per_second": 180843.8328623626, "peak_memory_mib": 2562.33544921875}
{"step": 2400, "train_loss": NaN, "val_loss": NaN, "lr": 0.0011540569604829235, "elapsed_seconds": 131.10554961115122, "tokens_seen": 19668992, "tokens_per_second": 181734.27225334232, "peak_memory_mib": 2562.33544921875}
{"step": 2500, "train_loss": NaN, "val_loss": NaN, "lr": 0.001094975316966808, "elapsed_seconds": 135.60572557337582, "tokens_seen": 20488192, "tokens_per_second": 182037.31852981448, "peak_memory_mib": 2562.33544921875}
{"step": 2600, "train_loss": NaN, "val_loss": NaN, "lr": 0.0010359153430815518, "elapsed_seconds": 140.1091616973281, "tokens_seen": 21307392, "tokens_per_second": 181905.55264566274, "peak_memory_mib": 2562.33544921875}
{"step": 2700, "train_loss": NaN, "val_loss": NaN, "lr": 0.0009771317430192785, "elapsed_seconds": 144.63698008097708, "tokens_seen": 22126592, "tokens_per_second": 180925.98605265128, "peak_memory_mib": 2562.33544921875}
{"step": 2800, "train_loss": NaN, "val_loss": NaN, "lr": 0.000918878029072308, "elapsed_seconds": 149.15791274234653, "tokens_seen": 22945792, "tokens_per_second": 181201.5523258283, "peak_memory_mib": 2562.33544921875}
{"step": 2900, "train_loss": NaN, "val_loss": NaN, "lr": 0.0008614054283268206, "elapsed_seconds": 153.65442539379, "tokens_seen": 23764992, "tokens_per_second": 182185.6163296051, "peak_memory_mib": 2562.33544921875}
{"step": 3000, "train_loss": NaN, "val_loss": NaN, "lr": 0.0008049617992117852, "elapsed_seconds": 158.15647309459746, "tokens_seen": 24584192, "tokens_per_second": 181961.67125517872, "peak_memory_mib": 2562.33544921875}
{"step": 3100, "train_loss": NaN, "val_loss": NaN, "lr": 0.0007497905625756802, "elapsed_seconds": 162.66605651378632, "tokens_seen": 25403392, "tokens_per_second": 181657.56576378047, "peak_memory_mib": 2562.33544921875}
{"step": 3200, "train_loss": NaN, "val_loss": NaN, "lr": 0.0006961296519008872, "elapsed_seconds": 167.18246181309223, "tokens_seen": 26222592, "tokens_per_second": 181383.1937745327, "peak_memory_mib": 2562.33544921875}
{"step": 3300, "train_loss": NaN, "val_loss": NaN, "lr": 0.0006442104871830975, "elapsed_seconds": 171.69885676912963, "tokens_seen": 27041792, "tokens_per_second": 181383.5531414801, "peak_memory_mib": 2562.44482421875}
{"step": 3400, "train_loss": NaN, "val_loss": NaN, "lr": 0.0005942569769010196, "elapsed_seconds": 176.22503990121186, "tokens_seen": 27860992, "tokens_per_second": 180991.4298140798, "peak_memory_mib": 2562.44482421875}
{"step": 3500, "train_loss": NaN, "val_loss": NaN, "lr": 0.0005464845523805263, "elapsed_seconds": 180.74219972081482, "tokens_seen": 28680192, "tokens_per_second": 181352.86434193657, "peak_memory_mib": 2562.44482421875}
{"step": 3600, "train_loss": NaN, "val_loss": NaN, "lr": 0.0005010992387176826, "elapsed_seconds": 185.25079507753253, "tokens_seen": 29499392, "tokens_per_second": 181697.328353382, "peak_memory_mib": 2562.44482421875}
{"step": 3700, "train_loss": NaN, "val_loss": NaN, "lr": 0.0004582967662674195, "elapsed_seconds": 189.75982534512877, "tokens_seen": 30318592, "tokens_per_second": 181679.93746654253, "peak_memory_mib": 2562.44482421875}
{"step": 3800, "train_loss": NaN, "val_loss": NaN, "lr": 0.0004182617265296849, "elapsed_seconds": 194.25979069434106, "tokens_seen": 31137792, "tokens_per_second": 182045.82972697652, "peak_memory_mib": 2562.44482421875}
{"step": 3900, "train_loss": NaN, "val_loss": NaN, "lr": 0.000381166776073424, "elapsed_seconds": 198.7716089952737, "tokens_seen": 31956992, "tokens_per_second": 181567.6017447615, "peak_memory_mib": 2562.44482421875}
{"step": 4000, "train_loss": NaN, "val_loss": NaN, "lr": 0.00034717189193158, "elapsed_seconds": 203.2967758346349, "tokens_seen": 32776192, "tokens_per_second": 181032.0211866441, "peak_memory_mib": 2562.44482421875}
{"step": 4100, "train_loss": NaN, "val_loss": NaN, "lr": 0.0003164236816783195, "elapsed_seconds": 207.8031700514257, "tokens_seen": 33595392, "tokens_per_second": 181786.1232065931, "peak_memory_mib": 2562.44482421875}
{"step": 4200, "train_loss": NaN, "val_loss": NaN, "lr": 0.0002890547511638763, "elapsed_seconds": 212.31118760630488, "tokens_seen": 34414592, "tokens_per_second": 181720.66229022105, "peak_memory_mib": 2562.44482421875}
{"step": 4300, "train_loss": NaN, "val_loss": NaN, "lr": 0.00026518313263373527, "elapsed_seconds": 216.82100314833224, "tokens_seen": 35233792, "tokens_per_second": 181648.2553563253, "peak_memory_mib": 2562.44482421875}
{"step": 4400, "train_loss": NaN, "val_loss": NaN, "lr": 0.0002449117756984776, "elapsed_seconds": 221.3431011363864, "tokens_seen": 36052992, "tokens_per_second": 181154.5950503843, "peak_memory_mib": 2562.44482421875}
{"step": 4500, "train_loss": NaN, "val_loss": NaN, "lr": 0.00022832810334954366, "elapsed_seconds": 225.8629837371409, "tokens_seen": 36872192, "tokens_per_second": 181243.89807501042, "peak_memory_mib": 2562.44482421875}
{"step": 4600, "train_loss": NaN, "val_loss": NaN, "lr": 0.0002155036349356601, "elapsed_seconds": 230.50236254185438, "tokens_seen": 37691392, "tokens_per_second": 176575.34169891107, "peak_memory_mib": 2562.44482421875}
{"step": 4700, "train_loss": NaN, "val_loss": NaN, "lr": 0.00020649367772589418, "elapsed_seconds": 235.40153924189508, "tokens_seen": 38510592, "tokens_per_second": 167211.74124827288, "peak_memory_mib": 2562.44482421875}
{"step": 4800, "train_loss": NaN, "val_loss": NaN, "lr": 0.000201337088389513, "elapsed_seconds": 240.13636071793735, "tokens_seen": 39329792, "tokens_per_second": 173016.05633172014, "peak_memory_mib": 2562.44482421875}
{"step": 4882, "train_loss": NaN, "val_loss": NaN, "lr": 0.00020000019413841596, "elapsed_seconds": 244.2282855026424, "tokens_seen": 40001536, "tokens_per_second": 164163.33650375216, "peak_memory_mib": 2562.44482421875}
{"run": 2, "name": "no-rmsnorm-retuned", "overrides": {"max_steps": 4883, "remove_rmsnorm": true, "max_lr": 0.0005, "min_lr": 5e-05}}
{"step": 0, "train_loss": 9.259035110473633, "val_loss": 9.255899047851562, "lr": 0.0, "elapsed_seconds": 0.5111363790929317, "tokens_seen": 8192, "tokens_per_second": 16026.978502298707, "peak_memory_mib": 2387.64404296875}
{"step": 100, "train_loss": 10.01032829284668, "val_loss": 9.888071870803833, "lr": 0.0005, "elapsed_seconds": 5.28337325155735, "tokens_seen": 827392, "tokens_per_second": 171659.48987399126, "peak_memory_mib": 2562.33544921875}
{"step": 200, "train_loss": 7.444240570068359, "val_loss": 7.511745619773865, "lr": 0.0004995148284069748, "elapsed_seconds": 9.972129574045539, "tokens_seen": 1646592, "tokens_per_second": 174715.86170533593, "peak_memory_mib": 2562.33544921875}
{"step": 300, "train_loss": 7.195746421813965, "val_loss": 7.182482886314392, "lr": 0.0004980614059965631, "elapsed_seconds": 14.892570298165083, "tokens_seen": 2465792, "tokens_per_second": 166489.1443305548, "peak_memory_mib": 2562.33544921875}
{"step": 400, "train_loss": 7.018491744995117, "val_loss": 7.032041311264038, "lr": 0.0004956460008511311, "elapsed_seconds": 19.46795428171754, "tokens_seen": 3284992, "tokens_per_second": 179045.08954048142, "peak_memory_mib": 2562.33544921875}
{"step": 500, "train_loss": 6.993987083435059, "val_loss": 7.016389799118042, "lr": 0.0004922790297347874, "elapsed_seconds": 24.012288503348827, "tokens_seen": 4104192, "tokens_per_second": 180268.45374172053, "peak_memory_mib": 2562.33544921875}
{"step": 600, "train_loss": 7.056281089782715, "val_loss": 7.041985511779785, "lr": 0.00048797501316966683, "elapsed_seconds": 28.44979067891836, "tokens_seen": 4923392, "tokens_per_second": 184608.37933634478, "peak_memory_mib": 2562.33544921875}
{"step": 700, "train_loss": 7.061001777648926, "val_loss": 7.058277368545532, "lr": 0.0004827525128141989, "elapsed_seconds": 32.8917505312711, "tokens_seen": 5742592, "tokens_per_second": 184423.08286264443, "peak_memory_mib": 2562.33544921875}
{"step": 800, "train_loss": 7.053734302520752, "val_loss": 7.064808130264282, "lr": 0.00047663405141342384, "elapsed_seconds": 37.30739414691925, "tokens_seen": 6561792, "tokens_per_second": 185522.22851121958, "peak_memory_mib": 2562.33544921875}
{"step": 900, "train_loss": 7.0734968185424805, "val_loss": 7.091600441932679, "lr": 0.0004696460156665833, "elapsed_seconds": 41.85128160752356, "tokens_seen": 7380992, "tokens_per_second": 180286.1001564779, "peak_memory_mib": 2562.33544921875}
{"step": 1000, "train_loss": 7.113955497741699, "val_loss": 7.096647334098816, "lr": 0.000461818542430881, "elapsed_seconds": 46.47717419080436, "tokens_seen": 8200192, "tokens_per_second": 177090.16157064762, "peak_memory_mib": 2562.33544921875}
{"step": 1100, "train_loss": 7.099895000457764, "val_loss": 7.112965726852417, "lr": 0.0004531853887521757, "elapsed_seconds": 51.15650154650211, "tokens_seen": 9019392, "tokens_per_second": 175067.8825344062, "peak_memory_mib": 2562.33544921875}
{"step": 1200, "train_loss": 7.116479396820068, "val_loss": 7.123495197296142, "lr": 0.0004437837862831175, "elapsed_seconds": 56.07657436840236, "tokens_seen": 9838592, "tokens_per_second": 166501.62545280842, "peak_memory_mib": 2562.33544921875}
{"step": 1300, "train_loss": 7.129493713378906, "val_loss": 7.1436893224716185, "lr": 0.0004336542807165678, "elapsed_seconds": 60.84575001522899, "tokens_seen": 10657792, "tokens_per_second": 171769.68208781639, "peak_memory_mib": 2562.33544921875}
{"step": 1400, "train_loss": 7.152675151824951, "val_loss": 7.149996495246887, "lr": 0.000422840556926769, "elapsed_seconds": 65.59478230215609, "tokens_seen": 11476992, "tokens_per_second": 172498.32943151312, "peak_memory_mib": 2562.33544921875}
{"step": 1500, "train_loss": 7.181413650512695, "val_loss": 7.167982697486877, "lr": 0.0004113892505723667, "elapsed_seconds": 70.41247095167637, "tokens_seen": 12296192, "tokens_per_second": 170039.85300367136, "peak_memory_mib": 2562.33544921875}
{"step": 1600, "train_loss": 7.78572940826416, "val_loss": 7.755921769142151, "lr": 0.00039934974697377153, "elapsed_seconds": 75.13076886348426, "tokens_seen": 13115392, "tokens_per_second": 173622.12997868386, "peak_memory_mib": 2562.33544921875}
{"step": 1700, "train_loss": 7.793830871582031, "val_loss": 7.7637086629867555, "lr": 0.0003867739681322293, "elapsed_seconds": 79.58866135776043, "tokens_seen": 13934592, "tokens_per_second": 183763.94857989452, "peak_memory_mib": 2562.33544921875}
{"step": 1800, "train_loss": 7.729665756225586, "val_loss": 7.740089702606201, "lr": 0.0003737161488091098, "elapsed_seconds": 84.25028566643596, "tokens_seen": 14753792, "tokens_per_second": 175732.72816576468, "peak_memory_mib": 2562.33544921875}
{"step": 1900, "train_loss": 7.732553482055664, "val_loss": 7.735490894317627, "lr": 0.00036023260263110104, "elapsed_seconds": 88.91861547529697, "tokens_seen": 15572992, "tokens_per_second": 175480.36245124656, "peak_memory_mib": 2562.33544921875}
{"step": 2000, "train_loss": 7.73497200012207, "val_loss": 7.733068943023682, "lr": 0.00034638147923001493, "elapsed_seconds": 93.59651236608624, "tokens_seen": 16392192, "tokens_per_second": 175121.3046776382, "peak_memory_mib": 2562.33544921875}
{"step": 2100, "train_loss": 7.685481548309326, "val_loss": 7.72475950717926, "lr": 0.0003322225134645686, "elapsed_seconds": 98.20587565563619, "tokens_seen": 17211392, "tokens_per_second": 177725.31607479765, "peak_memory_mib": 2562.33544921875}
{"step": 2200, "train_loss": 7.758510589599609, "val_loss": 7.719455051422119, "lr": 0.00031781676780566004, "elapsed_seconds": 102.7719418592751, "tokens_seen": 18030592, "tokens_per_second": 179410.27083534567, "peak_memory_mib": 2562.33544921875}
{"step": 2300, "train_loss": 7.698896408081055, "val_loss": 7.713160467147827, "lr": 0.000303226368996134, "elapsed_seconds": 107.32008207030594, "tokens_seen": 18849792, "tokens_per_second": 180117.6843946955, "peak_memory_mib": 2562.33544921875}
{"step": 2400, "train_loss": 7.704377174377441, "val_loss": 7.711064243316651, "lr": 0.0002885142401207309, "elapsed_seconds": 111.87388224340975, "tokens_seen": 19668992, "tokens_per_second": 179893.76105907236, "peak_memory_mib": 2562.33544921875}
{"step": 2500, "train_loss": 7.7408270835876465, "val_loss": 7.700366830825805, "lr": 0.000273743829241702, "elapsed_seconds": 116.4114429820329, "tokens_seen": 20488192, "tokens_per_second": 180537.5449169162, "peak_memory_mib": 2562.33544921875}
{"step": 2600, "train_loss": 7.697208881378174, "val_loss": 7.696700572967529, "lr": 0.00025897883577038794, "elapsed_seconds": 120.95033749565482, "tokens_seen": 21307392, "tokens_per_second": 180484.30233099355, "peak_memory_mib": 2562.33544921875}
{"step": 2700, "train_loss": 7.7075724601745605, "val_loss": 7.692851209640503, "lr": 0.0002442829357548196, "elapsed_seconds": 125.49682357534766, "tokens_seen": 22126592, "tokens_per_second": 180183.25644205482, "peak_memory_mib": 2562.33544921875}
{"step": 2800, "train_loss": 7.687753200531006, "val_loss": 7.687424421310425, "lr": 0.000229719507268077, "elapsed_seconds": 130.02972789295018, "tokens_seen": 22945792, "tokens_per_second": 180722.982473682, "peak_memory_mib": 2562.33544921875}
{"step": 2900, "train_loss": 7.003451347351074, "val_loss": 7.015429925918579, "lr": 0.00021535135708170515, "elapsed_seconds": 134.57280363887548, "tokens_seen": 23764992, "tokens_per_second": 180318.40285635434, "peak_memory_mib": 2562.33544921875}
{"step": 3000, "train_loss": 7.01945161819458, "val_loss": 7.006719541549683, "lr": 0.0002012404498029463, "elapsed_seconds": 139.1191697511822, "tokens_seen": 24584192, "tokens_per_second": 180187.86272718612, "peak_memory_mib": 2562.33544921875}
{"step": 3100, "train_loss": 7.024390697479248, "val_loss": 7.023710107803344, "lr": 0.00018744764064392006, "elapsed_seconds": 143.67567534931004, "tokens_seen": 25403392, "tokens_per_second": 179786.9318427681, "peak_memory_mib": 2562.33544921875}
{"step": 3200, "train_loss": 7.005679607391357, "val_loss": 7.02305691242218, "lr": 0.0001740324129752218, "elapsed_seconds": 148.49098184332252, "tokens_seen": 26222592, "tokens_per_second": 170124.12314703077, "peak_memory_mib": 2562.33544921875}
{"step": 3300, "train_loss": 7.0806965827941895, "val_loss": 7.039335227012634, "lr": 0.00016105262179577436, "elapsed_seconds": 153.14897064305842, "tokens_seen": 27041792, "tokens_per_second": 175869.89180565486, "peak_memory_mib": 2562.44482421875}
{"step": 3400, "train_loss": 7.04127311706543, "val_loss": 7.051242041587829, "lr": 0.0001485642442252549, "elapsed_seconds": 157.72717835754156, "tokens_seen": 27860992, "tokens_per_second": 178934.6621536665, "peak_memory_mib": 2562.44482421875}
{"step": 3500, "train_loss": 7.056272506713867, "val_loss": 7.049651479721069, "lr": 0.00013662113809513157, "elapsed_seconds": 162.2938030473888, "tokens_seen": 28680192, "tokens_per_second": 179388.52357064813, "peak_memory_mib": 2562.44482421875}
{"step": 3600, "train_loss": 7.0701775550842285, "val_loss": 7.048063039779663, "lr": 0.00012527480967942066, "elapsed_seconds": 166.8559381570667, "tokens_seen": 29499392, "tokens_per_second": 179565.06209420136, "peak_memory_mib": 2562.44482421875}
{"step": 3700, "train_loss": 7.013951301574707, "val_loss": 7.057075190544128, "lr": 0.00011457419156685487, "elapsed_seconds": 171.42077199555933, "tokens_seen": 30318592, "tokens_per_second": 179458.87499171827, "peak_memory_mib": 2562.44482421875}
{"step": 3800, "train_loss": 7.066897392272949, "val_loss": 7.062808966636657, "lr": 0.00010456543163242122, "elapsed_seconds": 175.97974948771298, "tokens_seen": 31137792, "tokens_per_second": 179689.3991638339, "peak_memory_mib": 2562.44482421875}
{"step": 3900, "train_loss": 7.041444778442383, "val_loss": 7.031236386299133, "lr": 9.5291694018356e-05, "elapsed_seconds": 180.54142323695123, "tokens_seen": 31956992, "tokens_per_second": 179583.09821639667, "peak_memory_mib": 2562.44482421875}
{"step": 4000, "train_loss": 6.993873596191406, "val_loss": 7.024777173995972, "lr": 8.6792972982895e-05, "elapsed_seconds": 185.0951823145151, "tokens_seen": 32776192, "tokens_per_second": 179895.44522274815, "peak_memory_mib": 2562.44482421875}
{"step": 4100, "train_loss": 7.069940090179443, "val_loss": 7.035383844375611, "lr": 7.910592041957988e-05, "elapsed_seconds": 189.66792010329664, "tokens_seen": 33595392, "tokens_per_second": 179148.6893599719, "peak_memory_mib": 2562.44482421875}
{"step": 4200, "train_loss": 7.051271915435791, "val_loss": 7.032850885391236, "lr": 7.226368779096907e-05, "elapsed_seconds": 194.22571292333305, "tokens_seen": 34414592, "tokens_per_second": 179735.89819005886, "peak_memory_mib": 2562.44482421875}
{"step": 4300, "train_loss": 7.035484790802002, "val_loss": 7.04521336555481, "lr": 6.629578315843382e-05, "elapsed_seconds": 198.829855626449, "tokens_seen": 35233792, "tokens_per_second": 177926.75679000403, "peak_memory_mib": 2562.44482421875}
{"step": 4400, "train_loss": 7.041193962097168, "val_loss": 7.04096417427063, "lr": 6.12279439246194e-05, "elapsed_seconds": 203.67657823488116, "tokens_seen": 36052992, "tokens_per_second": 169021.60273172794, "peak_memory_mib": 2562.44482421875}
{"step": 4500, "train_loss": 7.035881996154785, "val_loss": 7.043758249282837, "lr": 5.7082025837385915e-05, "elapsed_seconds": 208.28068283014, "tokens_seen": 36872192, "tokens_per_second": 177928.18369668422, "peak_memory_mib": 2562.44482421875}
{"step": 4600, "train_loss": 7.015969276428223, "val_loss": 7.047115683555603, "lr": 5.387590873391502e-05, "elapsed_seconds": 212.83768848329782, "tokens_seen": 37691392, "tokens_per_second": 179767.16098475317, "peak_memory_mib": 2562.44482421875}
{"step": 4700, "train_loss": 7.0660223960876465, "val_loss": 7.047912359237671, "lr": 5.1623419431473545e-05, "elapsed_seconds": 217.38832587562501, "tokens_seen": 38510592, "tokens_per_second": 180018.71446675935, "peak_memory_mib": 2562.44482421875}
{"step": 4800, "train_loss": 7.073661804199219, "val_loss": 7.039613246917725, "lr": 5.033427209737825e-05, "elapsed_seconds": 222.09578229114413, "tokens_seen": 39329792, "tokens_per_second": 174021.62229043525, "peak_memory_mib": 2562.44482421875}
{"step": 4882, "train_loss": 7.036332130432129, "val_loss": 7.043100595474243, "lr": 5.000004853460399e-05, "elapsed_seconds": 226.0804304908961, "tokens_seen": 40001536, "tokens_per_second": 168583.2322641858, "peak_memory_mib": 2562.44482421875}
{"run": 3, "name": "post-norm", "overrides": {"max_steps": 4883, "use_post_norm": true, "max_lr": 0.001, "min_lr": 0.0001}}
{"step": 0, "train_loss": 9.265167236328125, "val_loss": 9.257394933700562, "lr": 0.0, "elapsed_seconds": 20.579525388777256, "tokens_seen": 8192, "tokens_per_second": 398.06535350209566, "peak_memory_mib": 2499.90966796875}
{"step": 100, "train_loss": 3.529229164123535, "val_loss": 3.467721402645111, "lr": 0.001, "elapsed_seconds": 25.35910372249782, "tokens_seen": 827392, "tokens_per_second": 171396.1384831095, "peak_memory_mib": 2673.69482421875}
{"step": 200, "train_loss": 2.8833186626434326, "val_loss": 2.8859575271606444, "lr": 0.0009990296568139496, "elapsed_seconds": 30.187903504818678, "tokens_seen": 1646592, "tokens_per_second": 169648.4770486696, "peak_memory_mib": 2673.81982421875}
{"step": 300, "train_loss": 2.814049005508423, "val_loss": 2.6919456243515016, "lr": 0.0009961228119931263, "elapsed_seconds": 35.41761298850179, "tokens_seen": 2465792, "tokens_per_second": 156643.773630352, "peak_memory_mib": 2673.89794921875}
{"step": 400, "train_loss": 2.529245376586914, "val_loss": 2.5248987078666687, "lr": 0.0009912920017022622, "elapsed_seconds": 40.16683475859463, "tokens_seen": 3284992, "tokens_per_second": 172491.387538016, "peak_memory_mib": 2674.00732421875}
{"step": 500, "train_loss": 2.387610673904419, "val_loss": 2.4165526151657106, "lr": 0.0009845580594695748, "elapsed_seconds": 44.92351538129151, "tokens_seen": 4104192, "tokens_per_second": 172220.85972621915, "peak_memory_mib": 2674.00732421875}
{"step": 600, "train_loss": 2.4243156909942627, "val_loss": 2.388497364521027, "lr": 0.0009759500263393337, "elapsed_seconds": 49.66589920409024, "tokens_seen": 4923392, "tokens_per_second": 172740.15469805224, "peak_memory_mib": 2674.00732421875}
{"step": 700, "train_loss": 2.3481216430664062, "val_loss": 2.3277351379394533, "lr": 0.0009655050256283978, "elapsed_seconds": 54.42704944126308, "tokens_seen": 5742592, "tokens_per_second": 172059.3066440297, "peak_memory_mib": 2674.00732421875}
{"step": 800, "train_loss": 2.150306463241577, "val_loss": 2.248761761188507, "lr": 0.0009532681028268477, "elapsed_seconds": 59.178535148501396, "tokens_seen": 6561792, "tokens_per_second": 172409.25686385785, "peak_memory_mib": 2674.00732421875}
{"step": 900, "train_loss": 2.1693577766418457, "val_loss": 2.2520500659942626, "lr": 0.0009392920313331666, "elapsed_seconds": 63.93372204899788, "tokens_seen": 7380992, "tokens_per_second": 172275.06570768077, "peak_memory_mib": 2674.00732421875}
{"step": 1000, "train_loss": 2.2465548515319824, "val_loss": 2.158630537986755, "lr": 0.000923637084861762, "elapsed_seconds": 68.72328934818506, "tokens_seen": 8200192, "tokens_per_second": 171038.3031143815, "peak_memory_mib": 2674.00732421875}
{"step": 1100, "train_loss": 2.0349342823028564, "val_loss": 2.1438248574733736, "lr": 0.0009063707775043514, "elapsed_seconds": 73.48080676235259, "tokens_seen": 9019392, "tokens_per_second": 172190.7363812128, "peak_memory_mib": 2674.00732421875}
{"step": 1200, "train_loss": 2.0758609771728516, "val_loss": 2.0895555436611177, "lr": 0.000887567572566235, "elapsed_seconds": 78.40210796892643, "tokens_seen": 9838592, "tokens_per_second": 166460.02978559159, "peak_memory_mib": 2674.00732421875}
{"step": 1300, "train_loss": 2.0572855472564697, "val_loss": 2.101226842403412, "lr": 0.0008673085614331356, "elapsed_seconds": 83.62096926942468, "tokens_seen": 10657792, "tokens_per_second": 156969.0740692933, "peak_memory_mib": 2674.00732421875}
{"step": 1400, "train_loss": 2.0574936866760254, "val_loss": 2.070601004362106, "lr": 0.000845681113853538, "elapsed_seconds": 88.46947682835162, "tokens_seen": 11476992, "tokens_per_second": 168959.2407201079, "peak_memory_mib": 2674.00732421875}
{"step": 1500, "train_loss": 2.1297760009765625, "val_loss": 2.0421567022800446, "lr": 0.0008227785011447334, "elapsed_seconds": 93.40320183336735, "tokens_seen": 12296192, "tokens_per_second": 166040.80996605032, "peak_memory_mib": 2674.00732421875}
{"step": 1600, "train_loss": 1.9518671035766602, "val_loss": 2.0168147444725038, "lr": 0.0007986994939475431, "elapsed_seconds": 98.52261585742235, "tokens_seen": 13115392, "tokens_per_second": 160018.3780038249, "peak_memory_mib": 2674.00732421875}
{"step": 1700, "train_loss": 2.072711706161499, "val_loss": 2.024667739868164, "lr": 0.0007735479362644586, "elapsed_seconds": 103.53361552022398, "tokens_seen": 13934592, "tokens_per_second": 163480.35916788853, "peak_memory_mib": 2674.00732421875}
{"step": 1800, "train_loss": 1.9936459064483643, "val_loss": 1.9877383768558503, "lr": 0.0007474322976182196, "elapsed_seconds": 108.28542967326939, "tokens_seen": 14753792, "tokens_per_second": 172397.1894922017, "peak_memory_mib": 2674.00732421875}
{"step": 1900, "train_loss": 1.9748005867004395, "val_loss": 1.9346253037452699, "lr": 0.0007204652052622021, "elapsed_seconds": 113.04565525241196, "tokens_seen": 15572992, "tokens_per_second": 172092.77392119003, "peak_memory_mib": 2674.00732421875}
{"step": 2000, "train_loss": 1.9391331672668457, "val_loss": 1.9252971887588501, "lr": 0.0006927629584600299, "elapsed_seconds": 118.18112627416849, "tokens_seen": 16392192, "tokens_per_second": 159517.9907058852, "peak_memory_mib": 2674.00732421875}
{"step": 2100, "train_loss": 1.7891535758972168, "val_loss": 1.9393072962760924, "lr": 0.0006644450269291372, "elapsed_seconds": 123.45219160802662, "tokens_seen": 17211392, "tokens_per_second": 155414.37646453886, "peak_memory_mib": 2674.00732421875}
{"step": 2200, "train_loss": 2.0076937675476074, "val_loss": 1.9486663043498993, "lr": 0.0006356335356113201, "elapsed_seconds": 128.66975432261825, "tokens_seen": 18030592, "tokens_per_second": 157008.32582263675, "peak_memory_mib": 2674.00732421875}
{"step": 2300, "train_loss": 1.8703410625457764, "val_loss": 1.9220806956291199, "lr": 0.000606452737992268, "elapsed_seconds": 133.4257745668292, "tokens_seen": 18849792, "tokens_per_second": 172244.83745752432, "peak_memory_mib": 2674.00732421875}
{"step": 2400, "train_loss": 1.8454570770263672, "val_loss": 1.895171344280243, "lr": 0.0005770284802414618, "elapsed_seconds": 138.54365389607847, "tokens_seen": 19668992, "tokens_per_second": 160066.29183841863, "peak_memory_mib": 2674.00732421875}
{"step": 2500, "train_loss": 1.8866736888885498, "val_loss": 1.8697998821735382, "lr": 0.000547487658483404, "elapsed_seconds": 143.78149005956948, "tokens_seen": 20488192, "tokens_per_second": 156400.47936645374, "peak_memory_mib": 2674.00732421875}
{"step": 2600, "train_loss": 1.91107976436615, "val_loss": 1.878351664543152, "lr": 0.0005179576715407759, "elapsed_seconds": 149.01037666015327, "tokens_seen": 21307392, "tokens_per_second": 156668.16542170136, "peak_memory_mib": 2674.00732421875}
{"step": 2700, "train_loss": 1.7936162948608398, "val_loss": 1.8351686656475068, "lr": 0.0004885658715096392, "elapsed_seconds": 153.7730657029897, "tokens_seen": 22126592, "tokens_per_second": 172003.63948437045, "peak_memory_mib": 2674.00732421875}
{"step": 2800, "train_loss": 1.8419239521026611, "val_loss": 1.8169393718242646, "lr": 0.000459439014536154, "elapsed_seconds": 158.53011829592288, "tokens_seen": 22945792, "tokens_per_second": 172207.3530734688, "peak_memory_mib": 2674.06982421875}
{"step": 2900, "train_loss": 1.7761116027832031, "val_loss": 1.8222053170204162, "lr": 0.0004307027141634103, "elapsed_seconds": 163.54995881579816, "tokens_seen": 23764992, "tokens_per_second": 163192.53088078566, "peak_memory_mib": 2674.06982421875}
{"step": 3000, "train_loss": 1.8551108837127686, "val_loss": 1.803012090921402, "lr": 0.0004024808996058926, "elapsed_seconds": 168.75468856096268, "tokens_seen": 24584192, "tokens_per_second": 157395.32085050424, "peak_memory_mib": 2674.06982421875}
{"step": 3100, "train_loss": 1.8351373672485352, "val_loss": 1.8059741377830505, "lr": 0.0003748952812878401, "elapsed_seconds": 173.48723341710865, "tokens_seen": 25403392, "tokens_per_second": 173099.26634840172, "peak_memory_mib": 2674.06982421875}
{"step": 3200, "train_loss": 1.7707533836364746, "val_loss": 1.7976603209972382, "lr": 0.0003480648259504436, "elapsed_seconds": 178.2350206822157, "tokens_seen": 26222592, "tokens_per_second": 172543.54547586368, "peak_memory_mib": 2674.06982421875}
{"step": 3300, "train_loss": 1.9089694023132324, "val_loss": 1.7475877463817597, "lr": 0.0003221052435915487, "elapsed_seconds": 182.9723817910999, "tokens_seen": 27041792, "tokens_per_second": 172923.2630889128, "peak_memory_mib": 2674.06982421875}
{"step": 3400, "train_loss": 1.6722121238708496, "val_loss": 1.7781325101852417, "lr": 0.0002971284884505098, "elapsed_seconds": 187.92274942062795, "tokens_seen": 27860992, "tokens_per_second": 165482.63567015878, "peak_memory_mib": 2674.06982421875}
{"step": 3500, "train_loss": 1.8400485515594482, "val_loss": 1.7583914935588836, "lr": 0.00027324227619026313, "elapsed_seconds": 193.01032962463796, "tokens_seen": 28680192, "tokens_per_second": 161019.4301890679, "peak_memory_mib": 2674.06982421875}
{"step": 3600, "train_loss": 1.801324486732483, "val_loss": 1.7277339577674866, "lr": 0.0002505496193588413, "elapsed_seconds": 198.05954301543534, "tokens_seen": 29499392, "tokens_per_second": 162243.26109088803, "peak_memory_mib": 2674.06982421875}
{"step": 3700, "train_loss": 1.624335527420044, "val_loss": 1.7453548848628997, "lr": 0.00022914838313370974, "elapsed_seconds": 202.9250147677958, "tokens_seen": 30318592, "tokens_per_second": 168370.09600579942, "peak_memory_mib": 2674.06982421875}
{"step": 3800, "train_loss": 1.6559772491455078, "val_loss": 1.7167632341384889, "lr": 0.00020913086326484245, "elapsed_seconds": 207.73947953619063, "tokens_seen": 31137792, "tokens_per_second": 170153.92359657932, "peak_memory_mib": 2674.06982421875}
{"step": 3900, "train_loss": 1.770508050918579, "val_loss": 1.735236942768097, "lr": 0.000190583388036712, "elapsed_seconds": 212.76146375574172, "tokens_seen": 31956992, "tokens_per_second": 163122.78030897008, "peak_memory_mib": 2674.06982421875}
{"step": 4000, "train_loss": 1.655573844909668, "val_loss": 1.7152601778507233, "lr": 0.00017358594596579, "elapsed_seconds": 217.90671994909644, "tokens_seen": 32776192, "tokens_per_second": 159214.63484374818, "peak_memory_mib": 2674.06982421875}
{"step": 4100, "train_loss": 1.833594560623169, "val_loss": 1.7084189474582672, "lr": 0.00015821184083915975, "elapsed_seconds": 222.65314146131277, "tokens_seen": 33595392, "tokens_per_second": 172593.16162484206, "peak_memory_mib": 2674.06982421875}
{"step": 4200, "train_loss": 1.7643539905548096, "val_loss": 1.6916809916496276, "lr": 0.00014452737558193814, "elapsed_seconds": 227.77682861685753, "tokens_seen": 34414592, "tokens_per_second": 159884.6358794982, "peak_memory_mib": 2674.06982421875}
{"step": 4300, "train_loss": 1.6906570196151733, "val_loss": 1.718489158153534, "lr": 0.00013259156631686763, "elapsed_seconds": 232.7167162206024, "tokens_seen": 35233792, "tokens_per_second": 165833.95927967495, "peak_memory_mib": 2674.06982421875}
{"step": 4400, "train_loss": 1.7005469799041748, "val_loss": 1.6964168488979339, "lr": 0.0001224558878492388, "elapsed_seconds": 237.44526650384068, "tokens_seen": 36052992, "tokens_per_second": 173245.4724274047, "peak_memory_mib": 2674.06982421875}
{"step": 4500, "train_loss": 1.695762038230896, "val_loss": 1.7060093760490418, "lr": 0.00011416405167477183, "elapsed_seconds": 242.1781092491001, "tokens_seen": 36872192, "tokens_per_second": 173088.2265106023, "peak_memory_mib": 2674.06982421875}
{"step": 4600, "train_loss": 1.53480064868927, "val_loss": 1.6876336097717286, "lr": 0.00010775181746783005, "elapsed_seconds": 246.90803324244916, "tokens_seen": 37691392, "tokens_per_second": 173195.32936910403, "peak_memory_mib": 2674.06982421875}
{"step": 4700, "train_loss": 1.7502655982971191, "val_loss": 1.6997030794620513, "lr": 0.00010324683886294709, "elapsed_seconds": 251.6394274495542, "tokens_seen": 38510592, "tokens_per_second": 173141.37384126548, "peak_memory_mib": 2674.06982421875}
{"step": 4800, "train_loss": 1.7352840900421143, "val_loss": 1.6658648788928985, "lr": 0.0001006685441947565, "elapsed_seconds": 256.3684178851545, "tokens_seen": 39329792, "tokens_per_second": 173229.36556174431, "peak_memory_mib": 2674.06982421875}
{"step": 4882, "train_loss": 1.6421284675598145, "val_loss": 1.6728979408740998, "lr": 0.00010000009706920798, "elapsed_seconds": 260.33814128115773, "tokens_seen": 40001536, "tokens_per_second": 169216.81970135204, "peak_memory_mib": 2674.06982421875}
{"run": 4, "name": "no-rope", "overrides": {"max_steps": 4883, "rope_theta": null, "max_lr": 0.002, "min_lr": 0.0002}}
/root/autodl-tmp/Stanford-CS336/assignments/spring2026/assignment1-basics/cs336_basics/model.py:386: UserWarning: No positional encoder provided
  self.attn = CausalMultiHeadSelfAttention(
{"step": 0, "train_loss": 9.264684677124023, "val_loss": 9.255847501754761, "lr": 0.0, "elapsed_seconds": 19.937766451388597, "tokens_seen": 8192, "tokens_per_second": 410.8783462689095, "peak_memory_mib": 2499.87841796875}
{"step": 100, "train_loss": 3.741738796234131, "val_loss": 3.71332733631134, "lr": 0.002, "elapsed_seconds": 25.075866682454944, "tokens_seen": 827392, "tokens_per_second": 159436.5393024943, "peak_memory_mib": 2673.61669921875}
{"step": 200, "train_loss": 3.3673207759857178, "val_loss": 3.328466761112213, "lr": 0.001998059313627899, "elapsed_seconds": 29.86320900171995, "tokens_seen": 1646592, "tokens_per_second": 171117.94328582505, "peak_memory_mib": 2673.61669921875}
{"step": 300, "train_loss": 3.221252202987671, "val_loss": 3.08807430267334, "lr": 0.0019922456239862526, "elapsed_seconds": 34.613387160003185, "tokens_seen": 2465792, "tokens_per_second": 172456.52381443285, "peak_memory_mib": 2673.72607421875}
{"step": 400, "train_loss": 2.8663244247436523, "val_loss": 2.8819844365119933, "lr": 0.0019825840034045244, "elapsed_seconds": 39.35682651773095, "tokens_seen": 3284992, "tokens_per_second": 172701.81771362692, "peak_memory_mib": 2673.72607421875}
{"step": 500, "train_loss": 2.680464744567871, "val_loss": 2.7262241363525392, "lr": 0.0019691161189391497, "elapsed_seconds": 44.10213140398264, "tokens_seen": 4104192, "tokens_per_second": 172633.7757660457, "peak_memory_mib": 2673.85107421875}
{"step": 600, "train_loss": 2.6844000816345215, "val_loss": 2.660889041423798, "lr": 0.0019519000526786673, "elapsed_seconds": 48.84737583063543, "tokens_seen": 4923392, "tokens_per_second": 172635.82290628963, "peak_memory_mib": 2673.91357421875}
{"step": 700, "train_loss": 2.6183440685272217, "val_loss": 2.5712206840515135, "lr": 0.0019310100512567956, "elapsed_seconds": 53.56552850268781, "tokens_seen": 5742592, "tokens_per_second": 173627.4539944096, "peak_memory_mib": 2673.91357421875}
{"step": 800, "train_loss": 2.3538026809692383, "val_loss": 2.4741384863853453, "lr": 0.0019065362056536954, "elapsed_seconds": 58.30513148382306, "tokens_seen": 6561792, "tokens_per_second": 172841.4054196452, "peak_memory_mib": 2673.91357421875}
{"step": 900, "train_loss": 2.3662705421447754, "val_loss": 2.444679892063141, "lr": 0.0018785840626663333, "elapsed_seconds": 63.01343479566276, "tokens_seen": 7380992, "tokens_per_second": 173990.59710890596, "peak_memory_mib": 2673.91357421875}
{"step": 1000, "train_loss": 2.422281503677368, "val_loss": 2.3508515119552613, "lr": 0.001847274169723524, "elapsed_seconds": 67.72227208688855, "tokens_seen": 8200192, "tokens_per_second": 173970.73302338243, "peak_memory_mib": 2673.91357421875}
{"step": 1100, "train_loss": 2.200749397277832, "val_loss": 2.3219937086105347, "lr": 0.0018127415550087027, "elapsed_seconds": 72.44434604793787, "tokens_seen": 9019392, "tokens_per_second": 173483.11954810162, "peak_memory_mib": 2673.91357421875}
{"step": 1200, "train_loss": 2.2397685050964355, "val_loss": 2.256805884838104, "lr": 0.00177513514513247, "elapsed_seconds": 77.14961102418602, "tokens_seen": 9838592, "tokens_per_second": 174102.8414776443, "peak_memory_mib": 2673.91357421875}
{"step": 1300, "train_loss": 2.2170119285583496, "val_loss": 2.273331141471863, "lr": 0.0017346171228662711, "elapsed_seconds": 82.12719685211778, "tokens_seen": 10657792, "tokens_per_second": 164577.70365803945, "peak_memory_mib": 2673.91357421875}
{"step": 1400, "train_loss": 2.2262661457061768, "val_loss": 2.231472599506378, "lr": 0.001691362227707076, "elapsed_seconds": 86.82129053771496, "tokens_seen": 11476992, "tokens_per_second": 174517.25635181912, "peak_memory_mib": 2673.91357421875}
{"step": 1500, "train_loss": 2.2896313667297363, "val_loss": 2.1906026244163512, "lr": 0.0016455570022894668, "elapsed_seconds": 91.52475056797266, "tokens_seen": 12296192, "tokens_per_second": 174169.68395407152, "peak_memory_mib": 2673.91357421875}
{"step": 1600, "train_loss": 2.0971271991729736, "val_loss": 2.1626800179481505, "lr": 0.0015973989878950861, "elapsed_seconds": 96.2162677012384, "tokens_seen": 13115392, "tokens_per_second": 174612.9993964727, "peak_memory_mib": 2673.91357421875}
{"step": 1700, "train_loss": 2.201594829559326, "val_loss": 2.1631862044334413, "lr": 0.0015470958725289172, "elapsed_seconds": 101.13998936675489, "tokens_seen": 13934592, "tokens_per_second": 166378.20716035014, "peak_memory_mib": 2673.91357421875}
{"step": 1800, "train_loss": 2.134697198867798, "val_loss": 2.1257189214229584, "lr": 0.0014948645952364392, "elapsed_seconds": 105.83244767040014, "tokens_seen": 14753792, "tokens_per_second": 174578.02369098042, "peak_memory_mib": 2673.91357421875}
{"step": 1900, "train_loss": 2.1125359535217285, "val_loss": 2.0649825811386107, "lr": 0.0014409304105244042, "elapsed_seconds": 110.5421542879194, "tokens_seen": 15572992, "tokens_per_second": 173938.60440597186, "peak_memory_mib": 2673.97607421875}
{"step": 2000, "train_loss": 2.0612311363220215, "val_loss": 2.057319861650467, "lr": 0.0013855259169200597, "elapsed_seconds": 115.23658779077232, "tokens_seen": 16392192, "tokens_per_second": 174504.580381314, "peak_memory_mib": 2673.97607421875}
{"step": 2100, "train_loss": 1.8955243825912476, "val_loss": 2.0598876416683196, "lr": 0.0013288900538582745, "elapsed_seconds": 119.92646353505552, "tokens_seen": 17211392, "tokens_per_second": 174674.11787477945, "peak_memory_mib": 2673.97607421875}
{"step": 2200, "train_loss": 2.144035577774048, "val_loss": 2.0703785896301268, "lr": 0.0012712670712226402, "elapsed_seconds": 124.62521770969033, "tokens_seen": 18030592, "tokens_per_second": 174344.12270561288, "peak_memory_mib": 2673.97607421875}
{"step": 2300, "train_loss": 1.9999257326126099, "val_loss": 2.046667957305908, "lr": 0.001212905475984536, "elapsed_seconds": 129.3500785380602, "tokens_seen": 18849792, "tokens_per_second": 173380.75827629096, "peak_memory_mib": 2673.97607421875}
{"step": 2400, "train_loss": 1.9688458442687988, "val_loss": 2.010524260997772, "lr": 0.0011540569604829235, "elapsed_seconds": 134.05555846355855, "tokens_seen": 19668992, "tokens_per_second": 174094.89613888398, "peak_memory_mib": 2673.97607421875}
{"step": 2500, "train_loss": 2.0089704990386963, "val_loss": 1.9913491010665894, "lr": 0.001094975316966808, "elapsed_seconds": 138.76525011099875, "tokens_seen": 20488192, "tokens_per_second": 173939.17035205022, "peak_memory_mib": 2673.97607421875}
{"step": 2600, "train_loss": 2.0358314514160156, "val_loss": 1.9885801732540132, "lr": 0.0010359153430815518, "elapsed_seconds": 143.47181216813624, "tokens_seen": 21307392, "tokens_per_second": 174054.82984273863, "peak_memory_mib": 2673.97607421875}
{"step": 2700, "train_loss": 1.9192383289337158, "val_loss": 1.942300832271576, "lr": 0.0009771317430192785, "elapsed_seconds": 148.10203825123608, "tokens_seen": 22126592, "tokens_per_second": 176924.49047010715, "peak_memory_mib": 2673.97607421875}
{"step": 2800, "train_loss": 1.943791389465332, "val_loss": 1.929649043083191, "lr": 0.000918878029072308, "elapsed_seconds": 152.68689801171422, "tokens_seen": 22945792, "tokens_per_second": 178674.98299634838, "peak_memory_mib": 2673.97607421875}
{"step": 2900, "train_loss": 1.8700175285339355, "val_loss": 1.926177579164505, "lr": 0.0008614054283268206, "elapsed_seconds": 157.57777798362076, "tokens_seen": 23764992, "tokens_per_second": 167495.45462604042, "peak_memory_mib": 2673.97607421875}
{"step": 3000, "train_loss": 1.982141137123108, "val_loss": 1.9095548033714294, "lr": 0.0008049617992117852, "elapsed_seconds": 162.16940068267286, "tokens_seen": 24584192, "tokens_per_second": 178411.90154499398, "peak_memory_mib": 2673.97607421875}
{"step": 3100, "train_loss": 1.946892261505127, "val_loss": 1.908059787750244, "lr": 0.0007497905625756802, "elapsed_seconds": 166.89157753065228, "tokens_seen": 25403392, "tokens_per_second": 173479.1664318908, "peak_memory_mib": 2673.97607421875}
{"step": 3200, "train_loss": 1.8530879020690918, "val_loss": 1.902100110054016, "lr": 0.0006961296519008872, "elapsed_seconds": 171.82284646108747, "tokens_seen": 26222592, "tokens_per_second": 166123.66977553364, "peak_memory_mib": 2673.97607421875}
{"step": 3300, "train_loss": 2.0194625854492188, "val_loss": 1.8484749019145965, "lr": 0.0006442104871830975, "elapsed_seconds": 176.5650081615895, "tokens_seen": 27041792, "tokens_per_second": 172748.23463202984, "peak_memory_mib": 2673.97607421875}
{"step": 3400, "train_loss": 1.7599856853485107, "val_loss": 1.8759371221065522, "lr": 0.0005942569769010196, "elapsed_seconds": 181.57480858266354, "tokens_seen": 27860992, "tokens_per_second": 163519.43513967784, "peak_memory_mib": 2673.97607421875}
{"step": 3500, "train_loss": 1.948786973953247, "val_loss": 1.8532598674297334, "lr": 0.0005464845523805263, "elapsed_seconds": 186.28383178822696, "tokens_seen": 28680192, "tokens_per_second": 173963.92320929797, "peak_memory_mib": 2673.97607421875}
{"step": 3600, "train_loss": 1.888629674911499, "val_loss": 1.8209068775177002, "lr": 0.0005010992387176826, "elapsed_seconds": 190.96653438173234, "tokens_seen": 29499392, "tokens_per_second": 174941.66544164048, "peak_memory_mib": 2673.97607421875}
{"step": 3700, "train_loss": 1.7070392370224, "val_loss": 1.8322749137878418, "lr": 0.0004582967662674195, "elapsed_seconds": 195.65634719096124, "tokens_seen": 30318592, "tokens_per_second": 174676.53635841658, "peak_memory_mib": 2673.97607421875}
{"step": 3800, "train_loss": 1.7535936832427979, "val_loss": 1.8100209891796113, "lr": 0.0004182617265296849, "elapsed_seconds": 200.28927101194859, "tokens_seen": 31137792, "tokens_per_second": 176821.413001048, "peak_memory_mib": 2673.97607421875}
{"step": 3900, "train_loss": 1.8631415367126465, "val_loss": 1.8258327662944793, "lr": 0.000381166776073424, "elapsed_seconds": 205.0339990016073, "tokens_seen": 31956992, "tokens_per_second": 172654.7302463858, "peak_memory_mib": 2673.97607421875}
{"step": 4000, "train_loss": 1.7431273460388184, "val_loss": 1.8032214999198914, "lr": 0.00034717189193158, "elapsed_seconds": 210.1838106252253, "tokens_seen": 32776192, "tokens_per_second": 159073.81761443985, "peak_memory_mib": 2673.97607421875}
{"step": 4100, "train_loss": 1.920332670211792, "val_loss": 1.7913056552410125, "lr": 0.0003164236816783195, "elapsed_seconds": 215.29592966660857, "tokens_seen": 33595392, "tokens_per_second": 160246.6238945381, "peak_memory_mib": 2673.97607421875}
{"step": 4200, "train_loss": 1.8582894802093506, "val_loss": 1.7760978817939759, "lr": 0.0002890547511638763, "elapsed_seconds": 220.48627096414566, "tokens_seen": 34414592, "tokens_per_second": 157831.6483130342, "peak_memory_mib": 2673.97607421875}
{"step": 4300, "train_loss": 1.77571439743042, "val_loss": 1.806010901927948, "lr": 0.00026518313263373527, "elapsed_seconds": 225.16015359573066, "tokens_seen": 35233792, "tokens_per_second": 175271.83330143164, "peak_memory_mib": 2673.97607421875}
{"step": 4400, "train_loss": 1.7684956789016724, "val_loss": 1.7772470712661743, "lr": 0.0002449117756984776, "elapsed_seconds": 229.8847088161856, "tokens_seen": 36052992, "tokens_per_second": 173391.97956456384, "peak_memory_mib": 2673.97607421875}
{"step": 4500, "train_loss": 1.7805968523025513, "val_loss": 1.7912506639957428, "lr": 0.00022832810334954366, "elapsed_seconds": 234.55513461120427, "tokens_seen": 36872192, "tokens_per_second": 175401.4849315127, "peak_memory_mib": 2673.97607421875}
{"step": 4600, "train_loss": 1.6027226448059082, "val_loss": 1.7673169374465942, "lr": 0.0002155036349356601, "elapsed_seconds": 239.21912104077637, "tokens_seen": 37691392, "tokens_per_second": 175643.82918993814, "peak_memory_mib": 2673.97607421875}
{"step": 4700, "train_loss": 1.8298871517181396, "val_loss": 1.7806601583957673, "lr": 0.00020649367772589418, "elapsed_seconds": 243.87200224772096, "tokens_seen": 38510592, "tokens_per_second": 176062.9699848397, "peak_memory_mib": 2673.97607421875}
{"step": 4800, "train_loss": 1.8080801963806152, "val_loss": 1.7469240307807923, "lr": 0.000201337088389513, "elapsed_seconds": 248.5309566874057, "tokens_seen": 39329792, "tokens_per_second": 175833.29827581745, "peak_memory_mib": 2673.97607421875}
{"step": 4882, "train_loss": 1.7194825410842896, "val_loss": 1.7520515739917755, "lr": 0.00020000019413841596, "elapsed_seconds": 252.45155857875943, "tokens_seen": 40001536, "tokens_per_second": 171337.1122551069, "peak_memory_mib": 2673.97607421875}
{"run": 5, "name": "silu-ffn", "overrides": {"max_steps": 4883, "ffn_type": "silu", "d_ff": 2048, "max_lr": 0.002, "min_lr": 0.0002}}
W0926 13:56:10.668000 11951 torch/_dynamo/convert_frame.py:1743] [0/8] torch._dynamo hit config.recompile_limit (8)
W0926 13:56:10.668000 11951 torch/_dynamo/convert_frame.py:1743] [0/8]    function: 'forward' (/root/autodl-tmp/Stanford-CS336/assignments/spring2026/assignment1-basics/cs336_basics/model.py:243)
W0926 13:56:10.668000 11951 torch/_dynamo/convert_frame.py:1743] [0/8]    last reason: 0/7: GLOBAL_STATE changed: grad_mode autocast(cuda)_enabled 
W0926 13:56:10.668000 11951 torch/_dynamo/convert_frame.py:1743] [0/8] To log all recompilation reasons, use TORCH_LOGS="recompiles".
W0926 13:56:10.668000 11951 torch/_dynamo/convert_frame.py:1743] [0/8] To diagnose recompilation issues, see https://docs.pytorch.org/docs/main/user_guide/torch_compiler/compile/programming_model.recompilation.html
{"step": 0, "train_loss": 9.220922470092773, "val_loss": 9.22396240234375, "lr": 0.0, "elapsed_seconds": 0.9446551017463207, "tokens_seen": 8192, "tokens_per_second": 8671.922128019705, "peak_memory_mib": 3099.14404296875}
{"step": 100, "train_loss": 3.3339784145355225, "val_loss": 3.4503748774528504, "lr": 0.002, "elapsed_seconds": 9.73973866738379, "tokens_seen": 827392, "tokens_per_second": 93142.9480865416, "peak_memory_mib": 3275.35107421875}
{"step": 200, "train_loss": 2.92218279838562, "val_loss": 2.9627630949020385, "lr": 0.001998059313627899, "elapsed_seconds": 18.515265110880136, "tokens_seen": 1646592, "tokens_per_second": 93350.51004536422, "peak_memory_mib": 3275.35107421875}
{"step": 300, "train_loss": 2.7565553188323975, "val_loss": 2.7301125168800353, "lr": 0.0019922456239862526, "elapsed_seconds": 27.293037198483944, "tokens_seen": 2465792, "tokens_per_second": 93326.65420413078, "peak_memory_mib": 3275.35107421875}
{"step": 400, "train_loss": 2.7146127223968506, "val_loss": 2.583862912654877, "lr": 0.0019825840034045244, "elapsed_seconds": 36.08073512464762, "tokens_seen": 3284992, "tokens_per_second": 93221.1789624887, "peak_memory_mib": 3275.35107421875}
{"step": 500, "train_loss": 2.550238609313965, "val_loss": 2.537306022644043, "lr": 0.0019691161189391497, "elapsed_seconds": 44.84406942501664, "tokens_seen": 4104192, "tokens_per_second": 93480.45836614382, "peak_memory_mib": 3275.35107421875}
{"step": 600, "train_loss": 2.4177498817443848, "val_loss": 2.4111555099487303, "lr": 0.0019519000526786673, "elapsed_seconds": 53.606343757361174, "tokens_seen": 4923392, "tokens_per_second": 93491.6928261756, "peak_memory_mib": 3275.35107421875}
{"step": 700, "train_loss": 2.3810033798217773, "val_loss": 2.347035312652588, "lr": 0.0019310100512567956, "elapsed_seconds": 62.38642762042582, "tokens_seen": 5742592, "tokens_per_second": 93302.07523770885, "peak_memory_mib": 3275.35107421875}
{"step": 800, "train_loss": 2.199955940246582, "val_loss": 2.2786962509155275, "lr": 0.0019065362056536954, "elapsed_seconds": 71.168830499053, "tokens_seen": 6561792, "tokens_per_second": 93277.4239097594, "peak_memory_mib": 3275.35107421875}
{"step": 900, "train_loss": 2.3310816287994385, "val_loss": 2.2253138542175295, "lr": 0.0018785840626663333, "elapsed_seconds": 79.94166824407876, "tokens_seen": 7380992, "tokens_per_second": 93379.1258457684, "peak_memory_mib": 3275.35107421875}
{"step": 1000, "train_loss": 2.2391512393951416, "val_loss": 2.1792728185653685, "lr": 0.001847274169723524, "elapsed_seconds": 88.75695518404245, "tokens_seen": 8200192, "tokens_per_second": 92929.49423007052, "peak_memory_mib": 3275.35107421875}
{"step": 1100, "train_loss": 2.082550287246704, "val_loss": 2.1526155352592466, "lr": 0.0018127415550087027, "elapsed_seconds": 97.5636125728488, "tokens_seen": 9019392, "tokens_per_second": 93020.54044281233, "peak_memory_mib": 3275.35107421875}
{"step": 1200, "train_loss": 2.1729869842529297, "val_loss": 2.1365378201007843, "lr": 0.00177513514513247, "elapsed_seconds": 106.34655476361513, "tokens_seen": 9838592, "tokens_per_second": 93271.70757165272, "peak_memory_mib": 3275.35107421875}
{"step": 1300, "train_loss": 2.141940116882324, "val_loss": 2.10324147939682, "lr": 0.0017346171228662711, "elapsed_seconds": 115.13033623993397, "tokens_seen": 10657792, "tokens_per_second": 93262.74072861679, "peak_memory_mib": 3275.35107421875}
{"step": 1400, "train_loss": 2.1674957275390625, "val_loss": 2.0704490423202513, "lr": 0.001691362227707076, "elapsed_seconds": 123.93767846003175, "tokens_seen": 11476992, "tokens_per_second": 93013.35480579402, "peak_memory_mib": 3275.35107421875}
{"step": 1500, "train_loss": 2.08115291595459, "val_loss": 2.0574717819690704, "lr": 0.0016455570022894668, "elapsed_seconds": 132.7234963066876, "tokens_seen": 12296192, "tokens_per_second": 93241.18235067299, "peak_memory_mib": 3275.35107421875}
{"step": 1600, "train_loss": 2.0127997398376465, "val_loss": 2.011096167564392, "lr": 0.0015973989878950861, "elapsed_seconds": 141.50564861297607, "tokens_seen": 13115392, "tokens_per_second": 93280.09000925314, "peak_memory_mib": 3275.35107421875}
{"step": 1700, "train_loss": 1.9380748271942139, "val_loss": 2.020754027366638, "lr": 0.0015470958725289172, "elapsed_seconds": 150.28675045631826, "tokens_seen": 13934592, "tokens_per_second": 93291.25751851626, "peak_memory_mib": 3275.35107421875}
{"step": 1800, "train_loss": 2.0095508098602295, "val_loss": 1.9711284637451172, "lr": 0.0014948645952364392, "elapsed_seconds": 159.05949012562633, "tokens_seen": 14753792, "tokens_per_second": 93380.13027240125, "peak_memory_mib": 3275.35107421875}
{"step": 1900, "train_loss": 1.9463528394699097, "val_loss": 1.9768486201763154, "lr": 0.0014409304105244042, "elapsed_seconds": 167.8154769036919, "tokens_seen": 15572992, "tokens_per_second": 93558.89736010812, "peak_memory_mib": 3275.35107421875}
{"step": 2000, "train_loss": 1.9212640523910522, "val_loss": 1.93329861164093, "lr": 0.0013855259169200597, "elapsed_seconds": 176.57964101620018, "tokens_seen": 16392192, "tokens_per_second": 93471.54715397344, "peak_memory_mib": 3275.35107421875}
{"step": 2100, "train_loss": 1.9431753158569336, "val_loss": 1.9033233642578125, "lr": 0.0013288900538582745, "elapsed_seconds": 185.3328150883317, "tokens_seen": 17211392, "tokens_per_second": 93588.906369084, "peak_memory_mib": 3275.35107421875}
{"step": 2200, "train_loss": 1.939443826675415, "val_loss": 1.898240327835083, "lr": 0.0012712670712226402, "elapsed_seconds": 194.10359450802207, "tokens_seen": 18030592, "tokens_per_second": 93401.04912899528, "peak_memory_mib": 3275.35107421875}
{"step": 2300, "train_loss": 2.0344676971435547, "val_loss": 1.9054262578487395, "lr": 0.001212905475984536, "elapsed_seconds": 202.87123166024685, "tokens_seen": 18849792, "tokens_per_second": 93434.52263948928, "peak_memory_mib": 3275.35107421875}
{"step": 2400, "train_loss": 1.9846673011779785, "val_loss": 1.8873765289783477, "lr": 0.0011540569604829235, "elapsed_seconds": 211.61171268112957, "tokens_seen": 19668992, "tokens_per_second": 93724.80415024626, "peak_memory_mib": 3275.35107421875}
{"step": 2500, "train_loss": 1.7742459774017334, "val_loss": 1.8337984561920166, "lr": 0.001094975316966808, "elapsed_seconds": 220.36830033175647, "tokens_seen": 20488192, "tokens_per_second": 93552.44006061609, "peak_memory_mib": 3275.35107421875}
{"step": 2600, "train_loss": 1.8312251567840576, "val_loss": 1.8563051283359528, "lr": 0.0010359153430815518, "elapsed_seconds": 229.129741884768, "tokens_seen": 21307392, "tokens_per_second": 93500.59189838699, "peak_memory_mib": 3275.35107421875}
{"step": 2700, "train_loss": 1.8071274757385254, "val_loss": 1.832420027256012, "lr": 0.0009771317430192785, "elapsed_seconds": 237.90235944464803, "tokens_seen": 22126592, "tokens_per_second": 93381.47108804712, "peak_memory_mib": 3275.35107421875}
{"step": 2800, "train_loss": 1.7609935998916626, "val_loss": 1.8262306809425355, "lr": 0.000918878029072308, "elapsed_seconds": 246.6610854640603, "tokens_seen": 22945792, "tokens_per_second": 93529.57782325779, "peak_memory_mib": 3275.35107421875}
{"step": 2900, "train_loss": 1.6946864128112793, "val_loss": 1.7887889266014099, "lr": 0.0008614054283268206, "elapsed_seconds": 255.42558567598462, "tokens_seen": 23764992, "tokens_per_second": 93467.97613281664, "peak_memory_mib": 3275.35107421875}
{"step": 3000, "train_loss": 1.7894128561019897, "val_loss": 1.7951775312423706, "lr": 0.0008049617992117852, "elapsed_seconds": 264.1905979271978, "tokens_seen": 24584192, "tokens_per_second": 93462.45008701582, "peak_memory_mib": 3275.35107421875}
{"step": 3100, "train_loss": 1.6530662775039673, "val_loss": 1.8187012672424316, "lr": 0.0007497905625756802, "elapsed_seconds": 272.9534028172493, "tokens_seen": 25403392, "tokens_per_second": 93486.1067651608, "peak_memory_mib": 3275.35107421875}
{"step": 3200, "train_loss": 1.7659820318222046, "val_loss": 1.7533897757530212, "lr": 0.0006961296519008872, "elapsed_seconds": 281.75301994383335, "tokens_seen": 26222592, "tokens_per_second": 93094.923890073, "peak_memory_mib": 3275.35107421875}
{"step": 3300, "train_loss": 1.9162122011184692, "val_loss": 1.749257928133011, "lr": 0.0006442104871830975, "elapsed_seconds": 290.5359369609505, "tokens_seen": 27041792, "tokens_per_second": 93272.00590401227, "peak_memory_mib": 3275.35107421875}
{"step": 3400, "train_loss": 1.8667975664138794, "val_loss": 1.7721527934074401, "lr": 0.0005942569769010196, "elapsed_seconds": 299.3164941947907, "tokens_seen": 27860992, "tokens_per_second": 93297.04542406421, "peak_memory_mib": 3275.35107421875}
{"step": 3500, "train_loss": 1.699646234512329, "val_loss": 1.773380208015442, "lr": 0.0005464845523805263, "elapsed_seconds": 308.10009808279574, "tokens_seen": 28680192, "tokens_per_second": 93264.6737751541, "peak_memory_mib": 3275.35107421875}
{"step": 3600, "train_loss": 1.6436741352081299, "val_loss": 1.7525965034961701, "lr": 0.0005010992387176826, "elapsed_seconds": 316.88871578499675, "tokens_seen": 29499392, "tokens_per_second": 93211.47832324018, "peak_memory_mib": 3275.35107421875}
{"step": 3700, "train_loss": 1.7594048976898193, "val_loss": 1.715380471944809, "lr": 0.0004582967662674195, "elapsed_seconds": 325.6717995926738, "tokens_seen": 30318592, "tokens_per_second": 93270.20430784636, "peak_memory_mib": 3275.35107421875}
{"step": 3800, "train_loss": 1.7115707397460938, "val_loss": 1.7449972033500671, "lr": 0.0004182617265296849, "elapsed_seconds": 334.44869466498494, "tokens_seen": 31137792, "tokens_per_second": 93335.96611340607, "peak_memory_mib": 3275.35107421875}
{"step": 3900, "train_loss": 1.7377090454101562, "val_loss": 1.7028003931045532, "lr": 0.000381166776073424, "elapsed_seconds": 343.19384608976543, "tokens_seen": 31956992, "tokens_per_second": 93674.76164016215, "peak_memory_mib": 3275.35107421875}
{"step": 4000, "train_loss": 1.7114825248718262, "val_loss": 1.719559669494629, "lr": 0.00034717189193158, "elapsed_seconds": 351.96552022732794, "tokens_seen": 32776192, "tokens_per_second": 93391.49525480463, "peak_memory_mib": 3275.35107421875}
{"step": 4100, "train_loss": 1.6933854818344116, "val_loss": 1.6919924020767212, "lr": 0.0003164236816783195, "elapsed_seconds": 360.7247730400413, "tokens_seen": 33595392, "tokens_per_second": 93523.98164579415, "peak_memory_mib": 3275.35107421875}
{"step": 4200, "train_loss": 1.6717171669006348, "val_loss": 1.6956438362598418, "lr": 0.0002890547511638763, "elapsed_seconds": 369.47504880465567, "tokens_seen": 34414592, "tokens_per_second": 93619.91206251194, "peak_memory_mib": 3275.35107421875}
{"step": 4300, "train_loss": 1.590507984161377, "val_loss": 1.7144638895988464, "lr": 0.00026518313263373527, "elapsed_seconds": 378.25357525236905, "tokens_seen": 35233792, "tokens_per_second": 93318.62671456077, "peak_memory_mib": 3275.35107421875}
{"step": 4400, "train_loss": 1.631779670715332, "val_loss": 1.6879769563674927, "lr": 0.0002449117756984776, "elapsed_seconds": 387.0204501710832, "tokens_seen": 36052992, "tokens_per_second": 93442.6463177976, "peak_memory_mib": 3275.35107421875}
{"step": 4500, "train_loss": 1.5775926113128662, "val_loss": 1.6544881999492644, "lr": 0.00022832810334954366, "elapsed_seconds": 395.7777165155858, "tokens_seen": 36872192, "tokens_per_second": 93545.1691704156, "peak_memory_mib": 3275.35107421875}
{"step": 4600, "train_loss": 1.7090799808502197, "val_loss": 1.6429523587226869, "lr": 0.0002155036349356601, "elapsed_seconds": 404.53901899792254, "tokens_seen": 37691392, "tokens_per_second": 93502.08633729216, "peak_memory_mib": 3275.35107421875}
{"step": 4700, "train_loss": 1.709916591644287, "val_loss": 1.6501162946224213, "lr": 0.00020649367772589418, "elapsed_seconds": 413.3041931372136, "tokens_seen": 38510592, "tokens_per_second": 93460.76932828018, "peak_memory_mib": 3275.35107421875}
{"step": 4800, "train_loss": 1.6078298091888428, "val_loss": 1.6502860128879546, "lr": 0.000201337088389513, "elapsed_seconds": 422.06159375421703, "tokens_seen": 39329792, "tokens_per_second": 93543.73921032209, "peak_memory_mib": 3275.35107421875}
{"step": 4882, "train_loss": 1.6341516971588135, "val_loss": 1.6604615151882172, "lr": 0.00020000019413841596, "elapsed_seconds": 429.3820073995739, "tokens_seen": 40001536, "tokens_per_second": 91763.108994353, "peak_memory_mib": 3275.35107421875}
