[2026-09-26T21:51:00+08:00] waiting for OWT tokenizer
[2026-09-26T21:52:00+08:00] waiting for OWT tokenizer
[2026-09-26T21:53:00+08:00] waiting for OWT tokenizer
[2026-09-26T21:54:00+08:00] waiting for OWT tokenizer
[2026-09-26T21:55:00+08:00] waiting for OWT tokenizer
[2026-09-26T21:56:00+08:00] waiting for OWT tokenizer
[2026-09-26T21:57:00+08:00] waiting for OWT tokenizer
[2026-09-26T21:58:00+08:00] waiting for OWT tokenizer
[2026-09-26T21:59:00+08:00] waiting for OWT tokenizer
[2026-09-26T22:00:00+08:00] waiting for OWT tokenizer
[2026-09-26T22:01:00+08:00] waiting for OWT tokenizer
[2026-09-26T22:02:00+08:00] waiting for OWT tokenizer
[2026-09-26T22:03:00+08:00] waiting for OWT tokenizer
[2026-09-26T22:04:00+08:00] waiting for OWT tokenizer
[2026-09-26T22:05:00+08:00] waiting for OWT tokenizer
[2026-09-26T22:06:00+08:00] waiting for OWT tokenizer
[2026-09-26T22:07:00+08:00] waiting for OWT tokenizer
[2026-09-26T22:08:00+08:00] waiting for OWT tokenizer
[2026-09-26T22:09:00+08:00] waiting for OWT tokenizer
[2026-09-26T22:10:00+08:00] waiting for OWT tokenizer
[2026-09-26T22:11:00+08:00] waiting for OWT tokenizer
[2026-09-26T22:12:00+08:00] waiting for OWT tokenizer
[2026-09-26T22:13:00+08:00] waiting for OWT tokenizer
[2026-09-26T22:14:00+08:00] waiting for OWT tokenizer
[2026-09-26T22:15:00+08:00] waiting for OWT tokenizer
[2026-09-26T22:16:00+08:00] waiting for OWT tokenizer
[2026-09-26T22:17:00+08:00] waiting for OWT tokenizer
[2026-09-26T22:18:00+08:00] waiting for OWT tokenizer
[2026-09-26T22:19:00+08:00] waiting for OWT tokenizer
[2026-09-26T22:20:00+08:00] waiting for OWT tokenizer
[2026-09-26T22:21:00+08:00] waiting for OWT tokenizer
[2026-09-26T22:22:00+08:00] waiting for OWT tokenizer
[2026-09-26T22:23:01+08:00] waiting for OWT tokenizer
[2026-09-26T22:24:01+08:00] waiting for OWT tokenizer
{
  "tinystories": {
    "tinystories_10k": {
      "documents": 10,
      "source_bytes": 7667,
      "tokens": 1889,
      "bytes_per_token": 4.058761249338274,
      "bytes_per_second": 386986.4075022421,
      "estimated_pile_hours": 592.1827284472231
    },
    "owt_32k": {
      "documents": 10,
      "source_bytes": 7667,
      "tokens": 1941,
      "bytes_per_token": 3.950025759917568,
      "bytes_per_second": 316224.8413109059,
      "estimated_pile_hours": 724.6953329683375
    }
  },
  "owt": {
    "tinystories_10k": {
      "documents": 10,
      "source_bytes": 27798,
      "tokens": 8990,
      "bytes_per_token": 3.09210233592881,
      "bytes_per_second": 321896.1471414405,
      "estimated_pile_hours": 711.9273365082289
    },
    "owt_32k": {
      "documents": 10,
      "source_bytes": 27798,
      "tokens": 6232,
      "bytes_per_token": 4.4605263157894735,
      "bytes_per_second": 322262.2544605405,
      "estimated_pile_hours": 711.1185486190008
    }
  }
}
{"run": 0, "name": "lr-3e-4", "overrides": {"max_steps": 1221, "warmup_steps": 100, "max_lr": 0.0003, "min_lr": 3e-05, "eval_interval": 100, "save_checkpoints": false}}
/root/autodl-tmp/Stanford-CS336/assignments/spring2026/assignment1-basics/.venv/lib/python3.12/site-packages/torch/_inductor/compile_fx.py:322: UserWarning: TensorFloat32 tensor cores for float32 matrix multiplication available but not enabled. Consider setting `torch.set_float32_matmul_precision('high')` for better performance.
  warnings.warn(
{"step": 0, "train_loss": 10.39359188079834, "val_loss": 10.38670039176941, "lr": 0.0, "elapsed_seconds": 26.75066637992859, "tokens_seen": 8192, "tokens_per_second": 306.23521279031354, "peak_memory_mib": 5348.76904296875}
{"step": 100, "train_loss": 7.168087005615234, "val_loss": 7.326640486717224, "lr": 0.0003, "elapsed_seconds": 35.68611488118768, "tokens_seen": 827392, "tokens_per_second": 91679.88026532475, "peak_memory_mib": 5700.11669921875}
{"step": 200, "train_loss": 6.773162364959717, "val_loss": 6.584860229492188, "lr": 0.0002947331859127466, "elapsed_seconds": 44.83192801848054, "tokens_seen": 1646592, "tokens_per_second": 89571.04253286585, "peak_memory_mib": 5700.17919921875}
{"step": 300, "train_loss": 6.542061805725098, "val_loss": 6.342299556732177, "lr": 0.0002793436966973522, "elapsed_seconds": 53.62052793242037, "tokens_seen": 2465792, "tokens_per_second": 93211.67820565162, "peak_memory_mib": 5700.17919921875}
{"step": 400, "train_loss": 6.2448954582214355, "val_loss": 6.199284386634827, "lr": 0.00025503232611078386, "elapsed_seconds": 62.59805528819561, "tokens_seen": 3284992, "tokens_per_second": 91250.06034653522, "peak_memory_mib": 5700.17919921875}
{"step": 500, "train_loss": 6.039109706878662, "val_loss": 6.050163102149964, "lr": 0.00022369601443579374, "elapsed_seconds": 71.46084436401725, "tokens_seen": 4104192, "tokens_per_second": 92431.40703838163, "peak_memory_mib": 5700.17919921875}
{"step": 600, "train_loss": 5.820802688598633, "val_loss": 6.003243064880371, "lr": 0.00018777983615789898, "elapsed_seconds": 80.32010662928224, "tokens_seen": 4923392, "tokens_per_second": 92468.1907033209, "peak_memory_mib": 5700.17919921875}
{"step": 700, "train_loss": 5.9620161056518555, "val_loss": 5.907489657402039, "lr": 0.00015008621844323758, "elapsed_seconds": 89.17423379421234, "tokens_seen": 5742592, "tokens_per_second": 92521.7889591502, "peak_memory_mib": 5700.17919921875}
{"step": 800, "train_loss": 5.831148147583008, "val_loss": 5.860915088653565, "lr": 0.00011355627650335215, "elapsed_seconds": 97.90095411986113, "tokens_seen": 6561792, "tokens_per_second": 93872.65515383276, "peak_memory_mib": 5700.17919921875}
{"step": 900, "train_loss": 5.860780715942383, "val_loss": 5.836538004875183, "lr": 8.104032756513945e-05, "elapsed_seconds": 106.55725342407823, "tokens_seen": 7380992, "tokens_per_second": 94636.28397409274, "peak_memory_mib": 5700.17919921875}
{"step": 1000, "train_loss": 5.796855926513672, "val_loss": 5.832293581962586, "lr": 5.5075489523832e-05, "elapsed_seconds": 115.21682728827, "tokens_seen": 8200192, "tokens_per_second": 94600.49138447257, "peak_memory_mib": 5700.17919921875}
{"step": 1100, "train_loss": 5.900816440582275, "val_loss": 5.781723880767823, "lr": 3.768771756119591e-05, "elapsed_seconds": 123.88753998093307, "tokens_seen": 9019392, "tokens_per_second": 94478.97515873521, "peak_memory_mib": 5700.17919921875}
{"step": 1200, "train_loss": 5.767167568206787, "val_loss": 5.811955070495605, "lr": 3.0233725193064602e-05, "elapsed_seconds": 132.53948200121522, "tokens_seen": 9838592, "tokens_per_second": 94683.94625239057, "peak_memory_mib": 5700.17919921875}
{"step": 1220, "train_loss": 5.759256362915039, "val_loss": 5.7754500150680546, "lr": 3.0000530141751747e-05, "elapsed_seconds": 134.9292350206524, "tokens_seen": 10002432, "tokens_per_second": 68559.38174189987, "peak_memory_mib": 5700.17919921875}
{"run": 1, "name": "lr-1e-3", "overrides": {"max_steps": 1221, "warmup_steps": 100, "max_lr": 0.001, "min_lr": 0.0001, "eval_interval": 100, "save_checkpoints": false}}
{"step": 0, "train_loss": 10.39359188079834, "val_loss": 10.38670039176941, "lr": 0.0, "elapsed_seconds": 0.9053910356014967, "tokens_seen": 8192, "tokens_per_second": 9048.005026621786, "peak_memory_mib": 5356.83154296875}
{"step": 100, "train_loss": 6.617973327636719, "val_loss": 6.812897729873657, "lr": 0.001, "elapsed_seconds": 9.567053167149425, "tokens_seen": 827392, "tokens_per_second": 94577.68432395224, "peak_memory_mib": 5700.49169921875}
{"step": 200, "train_loss": 6.367729663848877, "val_loss": 6.220087957382202, "lr": 0.0009824439530424886, "elapsed_seconds": 18.335871756076813, "tokens_seen": 1646592, "tokens_per_second": 93421.9401915283, "peak_memory_mib": 5700.49169921875}
{"step": 300, "train_loss": 6.163452625274658, "val_loss": 5.9991941213607785, "lr": 0.0009311456556578408, "elapsed_seconds": 27.06840200908482, "tokens_seen": 2465792, "tokens_per_second": 93810.14039557337, "peak_memory_mib": 5700.49169921875}
{"step": 400, "train_loss": 5.928638458251953, "val_loss": 5.848671245574951, "lr": 0.000850107753702613, "elapsed_seconds": 35.77353113144636, "tokens_seen": 3284992, "tokens_per_second": 94105.45576562786, "peak_memory_mib": 5700.49169921875}
{"step": 500, "train_loss": 5.690890312194824, "val_loss": 5.693634176254273, "lr": 0.000745653381452646, "elapsed_seconds": 44.53375558741391, "tokens_seen": 4104192, "tokens_per_second": 93513.57690402612, "peak_memory_mib": 5700.49169921875}
{"step": 600, "train_loss": 5.440615653991699, "val_loss": 5.627089715003967, "lr": 0.0006259327871929967, "elapsed_seconds": 53.274272572249174, "tokens_seen": 4923392, "tokens_per_second": 93724.40378767415, "peak_memory_mib": 5700.49169921875}
{"step": 700, "train_loss": 5.526933670043945, "val_loss": 5.50927369594574, "lr": 0.000500287394810792, "elapsed_seconds": 62.2280793748796, "tokens_seen": 5742592, "tokens_per_second": 91491.84344464674, "peak_memory_mib": 5700.49169921875}
{"step": 800, "train_loss": 5.421430587768555, "val_loss": 5.4491091012954715, "lr": 0.0003785209216778405, "elapsed_seconds": 70.8918312676251, "tokens_seen": 6561792, "tokens_per_second": 94554.87697541743, "peak_memory_mib": 5700.49169921875}
{"step": 900, "train_loss": 5.431459426879883, "val_loss": 5.39078962802887, "lr": 0.0002701344252171315, "elapsed_seconds": 79.55508494563401, "tokens_seen": 7380992, "tokens_per_second": 94560.31875384753, "peak_memory_mib": 5700.49169921875}
{"step": 1000, "train_loss": 5.355173587799072, "val_loss": 5.373408269882202, "lr": 0.00018358496507944, "elapsed_seconds": 88.2908595521003, "tokens_seen": 8200192, "tokens_per_second": 93775.30256955708, "peak_memory_mib": 5700.49169921875}
{"step": 1100, "train_loss": 5.435366630554199, "val_loss": 5.319621634483338, "lr": 0.00012562572520398639, "elapsed_seconds": 97.13165059126914, "tokens_seen": 9019392, "tokens_per_second": 92661.38000171672, "peak_memory_mib": 5700.49169921875}
{"step": 1200, "train_loss": 5.249514579772949, "val_loss": 5.324400496482849, "lr": 0.00010077908397688201, "elapsed_seconds": 105.98217554949224, "tokens_seen": 9838592, "tokens_per_second": 92559.4975397971, "peak_memory_mib": 5700.49169921875}
{"step": 1220, "train_loss": 5.223556041717529, "val_loss": 5.2848557233810425, "lr": 0.00010000176713917249, "elapsed_seconds": 108.37659213878214, "tokens_seen": 10002432, "tokens_per_second": 68425.86035352666, "peak_memory_mib": 5700.49169921875}
{"run": 2, "name": "lr-2e-3", "overrides": {"max_steps": 1221, "warmup_steps": 100, "max_lr": 0.002, "min_lr": 0.0002, "eval_interval": 100, "save_checkpoints": false}}
{"step": 0, "train_loss": 10.39359188079834, "val_loss": 10.38670039176941, "lr": 0.0, "elapsed_seconds": 0.9046700745820999, "tokens_seen": 8192, "tokens_per_second": 9055.21247283483, "peak_memory_mib": 5356.83154296875}
{"step": 100, "train_loss": 6.484245300292969, "val_loss": 6.709361577033997, "lr": 0.002, "elapsed_seconds": 9.55760557577014, "tokens_seen": 827392, "tokens_per_second": 94673.06806686886, "peak_memory_mib": 5700.49169921875}
{"step": 200, "train_loss": 6.360432147979736, "val_loss": 6.2063188552856445, "lr": 0.0019648879060849772, "elapsed_seconds": 18.214454028755426, "tokens_seen": 1646592, "tokens_per_second": 94630.28671059482, "peak_memory_mib": 5700.49169921875}
{"step": 300, "train_loss": 6.173263072967529, "val_loss": 6.008569240570068, "lr": 0.0018622913113156816, "elapsed_seconds": 26.871595226228237, "tokens_seen": 2465792, "tokens_per_second": 94627.07811913095, "peak_memory_mib": 5700.49169921875}
{"step": 400, "train_loss": 5.949314117431641, "val_loss": 5.863082790374756, "lr": 0.001700215507405226, "elapsed_seconds": 35.53556051850319, "tokens_seen": 3284992, "tokens_per_second": 94552.54379448427, "peak_memory_mib": 5700.49169921875}
{"step": 500, "train_loss": 5.7027974128723145, "val_loss": 5.702819347381592, "lr": 0.001491306762905292, "elapsed_seconds": 44.19119208306074, "tokens_seen": 4104192, "tokens_per_second": 94643.58975169927, "peak_memory_mib": 5700.49169921875}
{"step": 600, "train_loss": 5.440668106079102, "val_loss": 5.622063159942627, "lr": 0.0012518655743859934, "elapsed_seconds": 52.85388915985823, "tokens_seen": 4923392, "tokens_per_second": 94566.39688380984, "peak_memory_mib": 5700.49169921875}
{"step": 700, "train_loss": 5.510154724121094, "val_loss": 5.4875969886779785, "lr": 0.001000574789621584, "elapsed_seconds": 61.69440140761435, "tokens_seen": 5742592, "tokens_per_second": 92664.30793796078, "peak_memory_mib": 5700.49169921875}
{"step": 800, "train_loss": 5.382559299468994, "val_loss": 5.410384345054626, "lr": 0.000757041843355681, "elapsed_seconds": 70.37201674282551, "tokens_seen": 6561792, "tokens_per_second": 94403.81113470964, "peak_memory_mib": 5700.49169921875}
{"step": 900, "train_loss": 5.372169017791748, "val_loss": 5.336605548858643, "lr": 0.000540268850434263, "elapsed_seconds": 79.32638922333717, "tokens_seen": 7380992, "tokens_per_second": 91486.03965421284, "peak_memory_mib": 5700.49169921875}
{"step": 1000, "train_loss": 5.288517951965332, "val_loss": 5.311629128456116, "lr": 0.00036716993015888, "elapsed_seconds": 87.97896564379334, "tokens_seen": 8200192, "tokens_per_second": 94677.0061370926, "peak_memory_mib": 5700.49169921875}
{"step": 1100, "train_loss": 5.362227439880371, "val_loss": 5.244274592399597, "lr": 0.00025125145040797277, "elapsed_seconds": 96.62921648100019, "tokens_seen": 9019392, "tokens_per_second": 94702.45326686087, "peak_memory_mib": 5700.49169921875}
{"step": 1200, "train_loss": 5.156007766723633, "val_loss": 5.2352670431137085, "lr": 0.00020155816795376403, "elapsed_seconds": 105.2846052609384, "tokens_seen": 9838592, "tokens_per_second": 94646.21589813523, "peak_memory_mib": 5700.49169921875}
{"step": 1220, "train_loss": 5.120621681213379, "val_loss": 5.199926471710205, "lr": 0.00020000353427834498, "elapsed_seconds": 107.6828541290015, "tokens_seen": 10002432, "tokens_per_second": 68316.58421722708, "peak_memory_mib": 5700.49169921875}
{"run": 3, "name": "lr-3e-3", "overrides": {"max_steps": 1221, "warmup_steps": 100, "max_lr": 0.003, "min_lr": 0.0003, "eval_interval": 100, "save_checkpoints": false}}
{"step": 0, "train_loss": 10.39359188079834, "val_loss": 10.38670039176941, "lr": 0.0, "elapsed_seconds": 0.9101448301225901, "tokens_seen": 8192, "tokens_per_second": 9000.740592881722, "peak_memory_mib": 5356.83154296875}
{"step": 100, "train_loss": 6.4980926513671875, "val_loss": 6.7405930519104, "lr": 0.003, "elapsed_seconds": 9.60506228543818, "tokens_seen": 827392, "tokens_per_second": 94215.96170555572, "peak_memory_mib": 5700.49169921875}
{"step": 200, "train_loss": 6.453340530395508, "val_loss": 6.286058831214905, "lr": 0.0029473318591274663, "elapsed_seconds": 18.343888776376843, "tokens_seen": 1646592, "tokens_per_second": 93742.56373564532, "peak_memory_mib": 5700.49169921875}
{"step": 300, "train_loss": 6.27116584777832, "val_loss": 6.104903650283814, "lr": 0.0027934369669735224, "elapsed_seconds": 27.215489469468594, "tokens_seen": 2465792, "tokens_per_second": 92339.59825275508, "peak_memory_mib": 5700.49169921875}
{"step": 400, "train_loss": 6.053153991699219, "val_loss": 5.979111623764038, "lr": 0.002550323261107839, "elapsed_seconds": 36.196023523807526, "tokens_seen": 3284992, "tokens_per_second": 91219.51137219527, "peak_memory_mib": 5700.49169921875}
{"step": 500, "train_loss": 5.80422830581665, "val_loss": 5.821333980560302, "lr": 0.002236960144357938, "elapsed_seconds": 45.1555990036577, "tokens_seen": 4104192, "tokens_per_second": 91432.9113795735, "peak_memory_mib": 5700.49169921875}
{"step": 600, "train_loss": 5.556741714477539, "val_loss": 5.749010634422302, "lr": 0.0018777983615789902, "elapsed_seconds": 53.90922804363072, "tokens_seen": 4923392, "tokens_per_second": 93584.03541654664, "peak_memory_mib": 5700.49169921875}
{"step": 700, "train_loss": 5.637696266174316, "val_loss": 5.61578893661499, "lr": 0.001500862184432376, "elapsed_seconds": 62.76526087522507, "tokens_seen": 5742592, "tokens_per_second": 92501.92509559114, "peak_memory_mib": 5700.49169921875}
{"step": 800, "train_loss": 5.51650857925415, "val_loss": 5.537818551063538, "lr": 0.0011355627650335217, "elapsed_seconds": 71.61917021684349, "tokens_seen": 6561792, "tokens_per_second": 92524.10219544731, "peak_memory_mib": 5700.49169921875}
{"step": 900, "train_loss": 5.491537570953369, "val_loss": 5.464950585365296, "lr": 0.0008104032756513946, "elapsed_seconds": 80.28615056350827, "tokens_seen": 7380992, "tokens_per_second": 94519.6505101402, "peak_memory_mib": 5700.49169921875}
{"step": 1000, "train_loss": 5.402793884277344, "val_loss": 5.4277513980865475, "lr": 0.0005507548952383201, "elapsed_seconds": 88.94071974419057, "tokens_seen": 8200192, "tokens_per_second": 94655.20171306576, "peak_memory_mib": 5700.49169921875}
{"step": 1100, "train_loss": 5.470741271972656, "val_loss": 5.352210950851441, "lr": 0.0003768771756119591, "elapsed_seconds": 97.59738162346184, "tokens_seen": 9019392, "tokens_per_second": 94632.30887227076, "peak_memory_mib": 5700.49169921875}
{"step": 1200, "train_loss": 5.266296863555908, "val_loss": 5.344243359565735, "lr": 0.000302337251930646, "elapsed_seconds": 106.41553840972483, "tokens_seen": 9838592, "tokens_per_second": 92899.24673446627, "peak_memory_mib": 5700.49169921875}
{"step": 1220, "train_loss": 5.241201400756836, "val_loss": 5.307031607627868, "lr": 0.00030000530141751746, "elapsed_seconds": 108.80953012779355, "tokens_seen": 10002432, "tokens_per_second": 68438.004749664, "peak_memory_mib": 5700.49169921875}
Selected OWT max_lr=0.002 min_lr=0.0002
{"step": 0, "train_loss": 10.39359188079834, "val_loss": 10.38670039176941, "lr": 0.0, "elapsed_seconds": 11.247537786141038, "tokens_seen": 8192, "tokens_per_second": 728.3369481241182, "peak_memory_mib": 5348.76904296875}
{"step": 250, "train_loss": 6.175838947296143, "val_loss": 6.217331075668335, "lr": 0.001, "elapsed_seconds": 32.45597841590643, "tokens_seen": 2056192, "tokens_per_second": 96565.29978114125, "peak_memory_mib": 5700.05419921875}
{"step": 500, "train_loss": 5.845989227294922, "val_loss": 5.802399277687073, "lr": 0.002, "elapsed_seconds": 54.4457430485636, "tokens_seen": 4104192, "tokens_per_second": 93134.26690066286, "peak_memory_mib": 5700.17919921875}
{"step": 750, "train_loss": 5.7352752685546875, "val_loss": 5.651525950431823, "lr": 0.001999822096793059, "elapsed_seconds": 76.71496547199786, "tokens_seen": 6152192, "tokens_per_second": 91965.47696701495, "peak_memory_mib": 5700.17919921875}
{"step": 1000, "train_loss": 5.565363883972168, "val_loss": 5.443110918998718, "lr": 0.0019992884575045717, "elapsed_seconds": 98.84471595101058, "tokens_seen": 8200192, "tokens_per_second": 92545.11448771393, "peak_memory_mib": 5700.24169921875}
{"step": 1250, "train_loss": 5.3011794090271, "val_loss": 5.356817507743836, "lr": 0.0019983992931037397, "elapsed_seconds": 120.59334783628583, "tokens_seen": 10248192, "tokens_per_second": 94166.84801652332, "peak_memory_mib": 5700.24169921875}
{"step": 1500, "train_loss": 5.252350807189941, "val_loss": 5.264903354644775, "lr": 0.001997154955113226, "elapsed_seconds": 142.13329837284982, "tokens_seen": 12296192, "tokens_per_second": 95079.14002781127, "peak_memory_mib": 5700.24169921875}
{"step": 1750, "train_loss": 5.125357627868652, "val_loss": 5.244334769248963, "lr": 0.0019955559354701844, "elapsed_seconds": 163.82098658010364, "tokens_seen": 14344192, "tokens_per_second": 94431.44563449589, "peak_memory_mib": 5700.24169921875}
{"step": 2000, "train_loss": 5.203904151916504, "val_loss": 5.138830232620239, "lr": 0.001993602866331776, "elapsed_seconds": 185.41034253314137, "tokens_seen": 16392192, "tokens_per_second": 94861.5555422197, "peak_memory_mib": 5700.24169921875}
{"step": 2250, "train_loss": 5.065991401672363, "val_loss": 5.022902464866638, "lr": 0.001991296519825252, "elapsed_seconds": 206.51964416727424, "tokens_seen": 18440192, "tokens_per_second": 97018.86156265493, "peak_memory_mib": 5700.24169921875}
{"step": 2500, "train_loss": 5.091897964477539, "val_loss": 5.027275085449219, "lr": 0.0019886378077427, "elapsed_seconds": 228.27069631963968, "tokens_seen": 20488192, "tokens_per_second": 94156.35881655788, "peak_memory_mib": 5700.24169921875}
{"step": 2750, "train_loss": 4.961463451385498, "val_loss": 5.019325637817383, "lr": 0.0019856277811805783, "elapsed_seconds": 249.0389188248664, "tokens_seen": 22536192, "tokens_per_second": 98612.1984335973, "peak_memory_mib": 5700.24169921875}
{"step": 3000, "train_loss": 4.90367317199707, "val_loss": 4.937933683395386, "lr": 0.0019822676301241727, "elapsed_seconds": 270.54745801351964, "tokens_seen": 24584192, "tokens_per_second": 95217.99624611052, "peak_memory_mib": 5700.24169921875}
{"step": 3250, "train_loss": 4.877196311950684, "val_loss": 4.930790448188782, "lr": 0.001978558682977146, "elapsed_seconds": 292.4927324485034, "tokens_seen": 26632192, "tokens_per_second": 93323.0531908932, "peak_memory_mib": 5700.24169921875}
{"step": 3500, "train_loss": 4.918932914733887, "val_loss": 4.885304713249207, "lr": 0.001974502406036369, "elapsed_seconds": 314.1201106440276, "tokens_seen": 28680192, "tokens_per_second": 94694.78118551089, "peak_memory_mib": 5700.24169921875}
{"step": 3750, "train_loss": 4.862465858459473, "val_loss": 4.858571457862854, "lr": 0.0019701004029122333, "elapsed_seconds": 335.78830078803, "tokens_seen": 30728192, "tokens_per_second": 94516.43507641336, "peak_memory_mib": 5700.24169921875}
{"step": 4000, "train_loss": 5.033474922180176, "val_loss": 4.814428281784058, "lr": 0.0019653544138946784, "elapsed_seconds": 357.9946509189904, "tokens_seen": 32776192, "tokens_per_second": 92225.87122843758, "peak_memory_mib": 5700.24169921875}
{"step": 4250, "train_loss": 4.905294895172119, "val_loss": 4.824876737594605, "lr": 0.0019602663152651846, "elapsed_seconds": 379.6753035057336, "tokens_seen": 34824192, "tokens_per_second": 94462.08229260845, "peak_memory_mib": 5700.24169921875}
{"step": 4500, "train_loss": 4.897088527679443, "val_loss": 4.839863038063049, "lr": 0.0019548381185550043, "elapsed_seconds": 400.603446720168, "tokens_seen": 36872192, "tokens_per_second": 97858.67611119946, "peak_memory_mib": 5700.24169921875}
{"step": 4750, "train_loss": 4.786831855773926, "val_loss": 4.816433525085449, "lr": 0.0019490719697499211, "elapsed_seconds": 421.2333848234266, "tokens_seen": 38920192, "tokens_per_second": 99273.19170133668, "peak_memory_mib": 5700.24169921875}
{"step": 5000, "train_loss": 4.722692489624023, "val_loss": 4.7929082155227665, "lr": 0.0019429701484418552, "elapsed_seconds": 441.91937401518226, "tokens_seen": 40968192, "tokens_per_second": 99004.22460587631, "peak_memory_mib": 5700.24169921875}
{"step": 5250, "train_loss": 4.7765655517578125, "val_loss": 4.788353395462036, "lr": 0.0019365350669276484, "elapsed_seconds": 463.4962816685438, "tokens_seen": 43016192, "tokens_per_second": 94916.2841702946, "peak_memory_mib": 5700.24169921875}
{"step": 5500, "train_loss": 4.647892951965332, "val_loss": 4.718035578727722, "lr": 0.001929769269255386, "elapsed_seconds": 485.24231348745525, "tokens_seen": 45064192, "tokens_per_second": 94178.10800490313, "peak_memory_mib": 5700.24169921875}
{"step": 5750, "train_loss": 4.738890647888184, "val_loss": 4.738798475265503, "lr": 0.0019226754302186311, "elapsed_seconds": 506.9347757678479, "tokens_seen": 47112192, "tokens_per_second": 94410.65929862337, "peak_memory_mib": 5700.24169921875}
{"step": 6000, "train_loss": 4.813138008117676, "val_loss": 4.728340196609497, "lr": 0.001915256354298971, "elapsed_seconds": 527.382658964023, "tokens_seen": 49160192, "tokens_per_second": 100157.08079421904, "peak_memory_mib": 5700.24169921875}
{"step": 6250, "train_loss": 4.714544296264648, "val_loss": 4.6943553447723385, "lr": 0.0019075149745572911, "elapsed_seconds": 547.9369059223682, "tokens_seen": 51208192, "tokens_per_second": 99638.77363459888, "peak_memory_mib": 5700.24169921875}
{"step": 6500, "train_loss": 4.644423484802246, "val_loss": 4.736807441711425, "lr": 0.0018994543514742187, "elapsed_seconds": 570.1790650002658, "tokens_seen": 53256192, "tokens_per_second": 92077.36518147655, "peak_memory_mib": 5700.24169921875}
{"step": 6750, "train_loss": 4.688713073730469, "val_loss": 4.671537470817566, "lr": 0.0018910776717401903, "elapsed_seconds": 590.6437684521079, "tokens_seen": 55304192, "tokens_per_second": 100074.75793667483, "peak_memory_mib": 5700.24169921875}
{"step": 7000, "train_loss": 4.6894707679748535, "val_loss": 4.710661816596985, "lr": 0.0018823882469956245, "elapsed_seconds": 612.4647238310426, "tokens_seen": 57352192, "tokens_per_second": 93854.73611722775, "peak_memory_mib": 5700.24169921875}
{"step": 7250, "train_loss": 4.656118392944336, "val_loss": 4.695083904266357, "lr": 0.001873389512521695, "elapsed_seconds": 633.0430530272424, "tokens_seen": 59400192, "tokens_per_second": 99522.19126249081, "peak_memory_mib": 5700.24169921875}
{"step": 7500, "train_loss": 4.550777435302734, "val_loss": 4.684392309188842, "lr": 0.0018640850258822277, "elapsed_seconds": 653.4962306115776, "tokens_seen": 61448192, "tokens_per_second": 100131.13788059686, "peak_memory_mib": 5700.24169921875}
{"step": 7750, "train_loss": 4.719951629638672, "val_loss": 4.680885362625122, "lr": 0.0018544784655172488, "elapsed_seconds": 673.9451118763536, "tokens_seen": 63496192, "tokens_per_second": 100152.18153657218, "peak_memory_mib": 5700.24169921875}
{"step": 8000, "train_loss": 4.742880821228027, "val_loss": 4.666042709350586, "lr": 0.0018445736292887517, "elapsed_seconds": 694.5432475209236, "tokens_seen": 65544192, "tokens_per_second": 99426.44883610043, "peak_memory_mib": 5700.24169921875}
{"step": 8250, "train_loss": 4.727847576141357, "val_loss": 4.687796950340271, "lr": 0.001834374432979245, "elapsed_seconds": 715.6365549191833, "tokens_seen": 67592192, "tokens_per_second": 97092.42793283526, "peak_memory_mib": 5700.24169921875}
{"step": 8500, "train_loss": 4.639068126678467, "val_loss": 4.6602044105529785, "lr": 0.0018238849087436884, "elapsed_seconds": 736.1033360790461, "tokens_seen": 69640192, "tokens_per_second": 100064.57024951058, "peak_memory_mib": 5700.24169921875}
{"step": 8750, "train_loss": 4.627328395843506, "val_loss": 4.652976560592651, "lr": 0.0018131092035154168, "elapsed_seconds": 758.4350207932293, "tokens_seen": 71688192, "tokens_per_second": 91708.28132891047, "peak_memory_mib": 5700.36669921875}
{"step": 9000, "train_loss": 4.737277030944824, "val_loss": 4.6677192687988285, "lr": 0.001802051577366691, "elapsed_seconds": 779.705243833363, "tokens_seen": 73736192, "tokens_per_second": 96284.83937021307, "peak_memory_mib": 5700.36669921875}
{"step": 9250, "train_loss": 4.739063739776611, "val_loss": 4.663086605072022, "lr": 0.0017907164018245172, "elapsed_seconds": 800.3034467268735, "tokens_seen": 75784192, "tokens_per_second": 99426.14794695399, "peak_memory_mib": 5700.36669921875}
{"step": 9500, "train_loss": 4.581897258758545, "val_loss": 4.658880448341369, "lr": 0.001779108158142407, "elapsed_seconds": 820.8721094802022, "tokens_seen": 77832192, "tokens_per_second": 99568.92444365281, "peak_memory_mib": 5700.36669921875}
{"step": 9750, "train_loss": 4.6212663650512695, "val_loss": 4.633053731918335, "lr": 0.0017672314355287565, "elapsed_seconds": 841.29510371387, "tokens_seen": 79880192, "tokens_per_second": 100279.14137827438, "peak_memory_mib": 5700.36669921875}
{"step": 10000, "train_loss": 4.594477653503418, "val_loss": 4.611166405677795, "lr": 0.001755090929332545, "elapsed_seconds": 863.5391029361635, "tokens_seen": 81928192, "tokens_per_second": 92069.7706256257, "peak_memory_mib": 5700.42919921875}
{"step": 10250, "train_loss": 4.604233741760254, "val_loss": 4.618488073348999, "lr": 0.001742691439187075, "elapsed_seconds": 885.0956812929362, "tokens_seen": 83976192, "tokens_per_second": 95005.80801180637, "peak_memory_mib": 5700.42919921875}
{"step": 10500, "train_loss": 4.53722620010376, "val_loss": 4.598906469345093, "lr": 0.001730037867112483, "elapsed_seconds": 905.5536580272019, "tokens_seen": 86024192, "tokens_per_second": 100107.64542541785, "peak_memory_mib": 5700.42919921875}
{"step": 10750, "train_loss": 4.676654815673828, "val_loss": 4.586521458625794, "lr": 0.0017171352155777718, "elapsed_seconds": 927.2300890833139, "tokens_seen": 88072192, "tokens_per_second": 94480.4981223229, "peak_memory_mib": 5700.42919921875}
{"step": 11000, "train_loss": 4.508204460144043, "val_loss": 4.604560518264771, "lr": 0.0017039885855231333, "elapsed_seconds": 948.8955340255052, "tokens_seen": 90120192, "tokens_per_second": 94528.40843159713, "peak_memory_mib": 5700.42919921875}
{"step": 11250, "train_loss": 4.654716968536377, "val_loss": 4.613822770118714, "lr": 0.001690603174343338, "elapsed_seconds": 969.4345730394125, "tokens_seen": 92168192, "tokens_per_second": 99712.52546978756, "peak_memory_mib": 5700.42919921875}
{"step": 11500, "train_loss": 4.41545295715332, "val_loss": 4.620911598205566, "lr": 0.001676984273832998, "elapsed_seconds": 990.2296268939972, "tokens_seen": 94216192, "tokens_per_second": 98484.96581709245, "peak_memory_mib": 5700.42919921875}
{"step": 11750, "train_loss": 4.657963752746582, "val_loss": 4.614162850379944, "lr": 0.001663137268094504, "elapsed_seconds": 1010.8307051248848, "tokens_seen": 96264192, "tokens_per_second": 99412.29546014007, "peak_memory_mib": 5700.42919921875}
{"step": 12000, "train_loss": 4.494141101837158, "val_loss": 4.584995770454407, "lr": 0.001649067631409472, "elapsed_seconds": 1031.2715918961912, "tokens_seen": 98312192, "tokens_per_second": 100191.33619848717, "peak_memory_mib": 5700.42919921875}
{"step": 12250, "train_loss": 4.610167503356934, "val_loss": 4.6119673490524296, "lr": 0.0016347809260745395, "elapsed_seconds": 1052.8468239475042, "tokens_seen": 100360192, "tokens_per_second": 94923.66954857204, "peak_memory_mib": 5700.42919921875}
{"step": 12500, "train_loss": 4.562064170837402, "val_loss": 4.568855285644531, "lr": 0.0016202828002023636, "elapsed_seconds": 1073.2859660778195, "tokens_seen": 102408192, "tokens_per_second": 100199.89744470791, "peak_memory_mib": 5700.42919921875}
{"step": 12750, "train_loss": 4.724675178527832, "val_loss": 4.580215549468994, "lr": 0.001605578985488694, "elapsed_seconds": 1095.172129355371, "tokens_seen": 104456192, "tokens_per_second": 93575.10783161812, "peak_memory_mib": 5700.42919921875}
{"step": 13000, "train_loss": 4.465481758117676, "val_loss": 4.570896601676941, "lr": 0.0015906752949464008, "elapsed_seconds": 1115.7721728552133, "tokens_seen": 106504192, "tokens_per_second": 99417.2470967476, "peak_memory_mib": 5700.42919921875}
{"step": 13250, "train_loss": 4.513759136199951, "val_loss": 4.574752783775329, "lr": 0.0015755776206073577, "elapsed_seconds": 1136.1968365032226, "tokens_seen": 108552192, "tokens_per_second": 100270.93196311536, "peak_memory_mib": 5700.42919921875}
{"step": 13500, "train_loss": 4.715946197509766, "val_loss": 4.552984452247619, "lr": 0.0015602919311930802, "elapsed_seconds": 1156.6467962525785, "tokens_seen": 110600192, "tokens_per_second": 100146.91303650057, "peak_memory_mib": 5700.42919921875}
{"step": 13750, "train_loss": 4.6379899978637695, "val_loss": 4.549594449996948, "lr": 0.0015448242697550505, "elapsed_seconds": 1178.2607733085752, "tokens_seen": 112648192, "tokens_per_second": 94753.48872151633, "peak_memory_mib": 5700.42919921875}
{"step": 14000, "train_loss": 4.423554420471191, "val_loss": 4.544082522392273, "lr": 0.0015291807512856556, "elapsed_seconds": 1199.933457551524, "tokens_seen": 114696192, "tokens_per_second": 94496.83977414737, "peak_memory_mib": 5700.42919921875}
{"step": 14250, "train_loss": 4.512656211853027, "val_loss": 4.549348211288452, "lr": 0.00151336756030068, "elapsed_seconds": 1221.559739427641, "tokens_seen": 116744192, "tokens_per_second": 94699.58827525498, "peak_memory_mib": 5700.42919921875}
{"step": 14500, "train_loss": 4.669036865234375, "val_loss": 4.559333920478821, "lr": 0.001497390948394321, "elapsed_seconds": 1242.1163459923118, "tokens_seen": 118792192, "tokens_per_second": 99627.3240076526, "peak_memory_mib": 5700.42919921875}
{"step": 14750, "train_loss": 4.483817100524902, "val_loss": 4.537918519973755, "lr": 0.0014812572317676755, "elapsed_seconds": 1262.609927535057, "tokens_seen": 120840192, "tokens_per_second": 99933.74467123076, "peak_memory_mib": 5700.42919921875}
{"step": 15000, "train_loss": 4.599503993988037, "val_loss": 4.53054039478302, "lr": 0.0014649727887316945, "elapsed_seconds": 1283.7230659928173, "tokens_seen": 122888192, "tokens_per_second": 97001.21023649727, "peak_memory_mib": 5700.42919921875}
{"step": 15250, "train_loss": 4.568818092346191, "val_loss": 4.529525947570801, "lr": 0.0014485440571855772, "elapsed_seconds": 1305.7099658790976, "tokens_seen": 124936192, "tokens_per_second": 93146.37131335215, "peak_memory_mib": 5700.42919921875}
{"step": 15500, "train_loss": 4.350966453552246, "val_loss": 4.503430914878845, "lr": 0.0014319775320716071, "elapsed_seconds": 1328.0457571744919, "tokens_seen": 126984192, "tokens_per_second": 91691.38931290491, "peak_memory_mib": 5700.42919921875}
{"step": 15750, "train_loss": 4.440975666046143, "val_loss": 4.502346563339233, "lr": 0.001415279762807442, "elapsed_seconds": 1350.0541993901134, "tokens_seen": 129032192, "tokens_per_second": 93055.21152030036, "peak_memory_mib": 5700.42919921875}
{"step": 16000, "train_loss": 4.537127494812012, "val_loss": 4.538727402687073, "lr": 0.0013984573506968612, "elapsed_seconds": 1372.2875787038356, "tokens_seen": 131080192, "tokens_per_second": 92113.74762153896, "peak_memory_mib": 5700.42919921875}
{"step": 16250, "train_loss": 4.6290788650512695, "val_loss": 4.511305117607117, "lr": 0.0013815169463200045, "elapsed_seconds": 1392.871781276539, "tokens_seen": 133128192, "tokens_per_second": 99493.78286630264, "peak_memory_mib": 5700.42919921875}
{"step": 16500, "train_loss": 4.530129432678223, "val_loss": 4.493532490730286, "lr": 0.001364465246904129, "elapsed_seconds": 1413.3291974924505, "tokens_seen": 135176192, "tokens_per_second": 100110.39697959111, "peak_memory_mib": 5700.42919921875}
{"step": 16750, "train_loss": 4.479564666748047, "val_loss": 4.507362937927246, "lr": 0.0013473089936759228, "elapsed_seconds": 1435.389731876552, "tokens_seen": 137224192, "tokens_per_second": 92835.46667594598, "peak_memory_mib": 5700.42919921875}
{"step": 17000, "train_loss": 4.503159523010254, "val_loss": 4.516372752189636, "lr": 0.0013300549691964273, "elapsed_seconds": 1455.9221356157213, "tokens_seen": 139272192, "tokens_per_second": 99744.76125080088, "peak_memory_mib": 5700.42919921875}
{"step": 17250, "train_loss": 4.717644691467285, "val_loss": 4.51964590549469, "lr": 0.0013127099946796145, "elapsed_seconds": 1477.271231846884, "tokens_seen": 141320192, "tokens_per_second": 95929.10948992311, "peak_memory_mib": 5700.42919921875}
{"step": 17500, "train_loss": 4.505492210388184, "val_loss": 4.496558260917664, "lr": 0.0012952809272956862, "elapsed_seconds": 1497.8643819708377, "tokens_seen": 143368192, "tokens_per_second": 99450.5682824549, "peak_memory_mib": 5700.42919921875}
{"step": 17750, "train_loss": 4.4384307861328125, "val_loss": 4.449732184410095, "lr": 0.0012777746574601575, "elapsed_seconds": 1518.534574687481, "tokens_seen": 145416192, "tokens_per_second": 99079.86175708179, "peak_memory_mib": 5700.42919921875}
{"step": 18000, "train_loss": 4.50018310546875, "val_loss": 4.4750501155853275, "lr": 0.0012601981061097956, "elapsed_seconds": 1540.9509474281222, "tokens_seen": 147464192, "tokens_per_second": 91361.78410964728, "peak_memory_mib": 5700.42919921875}
{"step": 18250, "train_loss": 4.463351249694824, "val_loss": 4.5140914678573605, "lr": 0.0012425582219664935, "elapsed_seconds": 1561.4514420907944, "tokens_seen": 149512192, "tokens_per_second": 99900.04267134996, "peak_memory_mib": 5700.42919921875}
{"step": 18500, "train_loss": 4.617987632751465, "val_loss": 4.481376576423645, "lr": 0.0012248619787901616, "elapsed_seconds": 1582.118471628055, "tokens_seen": 151560192, "tokens_per_second": 99095.03612430871, "peak_memory_mib": 5700.42919921875}
{"step": 18750, "train_loss": 4.529301166534424, "val_loss": 4.489509272575378, "lr": 0.0012071163726217143, "elapsed_seconds": 1602.6070648357272, "tokens_seen": 153608192, "tokens_per_second": 99958.06293828755, "peak_memory_mib": 5700.42919921875}
{"step": 19000, "train_loss": 4.723934173583984, "val_loss": 4.461572313308716, "lr": 0.0011893284190172557, "elapsed_seconds": 1623.0860996041447, "tokens_seen": 155656192, "tokens_per_second": 100004.69969603664, "peak_memory_mib": 5700.42919921875}
{"step": 19250, "train_loss": 4.4391069412231445, "val_loss": 4.48589768409729, "lr": 0.001171505150274543, "elapsed_seconds": 1643.7822662964463, "tokens_seen": 157704192, "tokens_per_second": 98955.53480670684, "peak_memory_mib": 5700.42919921875}
{"step": 19500, "train_loss": 4.537209510803223, "val_loss": 4.505689024925232, "lr": 0.001153653612652838, "elapsed_seconds": 1664.3846358284354, "tokens_seen": 159752192, "tokens_per_second": 99406.0402889274, "peak_memory_mib": 5700.42919921875}
{"step": 19750, "train_loss": 4.524068832397461, "val_loss": 4.449142932891846, "lr": 0.0011357808635872333, "elapsed_seconds": 1685.0684198718518, "tokens_seen": 161800192, "tokens_per_second": 99014.7597324357, "peak_memory_mib": 5700.42919921875}
{"step": 20000, "train_loss": 4.472393035888672, "val_loss": 4.450683832168579, "lr": 0.0011178939688985632, "elapsed_seconds": 1707.012723378837, "tokens_seen": 163848192, "tokens_per_second": 93327.18403775601, "peak_memory_mib": 5700.42919921875}
{"step": 20250, "train_loss": 4.493646621704102, "val_loss": 4.479759407043457, "lr": 0.0011, "elapsed_seconds": 1727.8051743712276, "tokens_seen": 165896192, "tokens_per_second": 98497.28906529707, "peak_memory_mib": 5700.42919921875}
{"step": 20500, "train_loss": 4.300415992736816, "val_loss": 4.434489774703979, "lr": 0.0010821060311014367, "elapsed_seconds": 1748.300856264308, "tokens_seen": 167944192, "tokens_per_second": 99923.4839198076, "peak_memory_mib": 5700.42919921875}
{"step": 20750, "train_loss": 4.5552263259887695, "val_loss": 4.462284708023072, "lr": 0.001064219136412767, "elapsed_seconds": 1770.2332313992083, "tokens_seen": 169992192, "tokens_per_second": 93377.93102237268, "peak_memory_mib": 5700.42919921875}
{"step": 21000, "train_loss": 4.409743309020996, "val_loss": 4.4236362934112545, "lr": 0.0010463463873471622, "elapsed_seconds": 1790.8985446784645, "tokens_seen": 172040192, "tokens_per_second": 99103.26717316205, "peak_memory_mib": 5700.42919921875}
{"step": 21250, "train_loss": 4.43974494934082, "val_loss": 4.45650577545166, "lr": 0.0010284948497254571, "elapsed_seconds": 1812.661193255335, "tokens_seen": 174088192, "tokens_per_second": 94106.17115724784, "peak_memory_mib": 5700.42919921875}
{"step": 21500, "train_loss": 4.482240676879883, "val_loss": 4.420219612121582, "lr": 0.0010106715809827446, "elapsed_seconds": 1833.1219878308475, "tokens_seen": 176136192, "tokens_per_second": 100093.87335737605, "peak_memory_mib": 5700.42919921875}
{"step": 21750, "train_loss": 4.327742576599121, "val_loss": 4.414501047134399, "lr": 0.0009928836273782858, "elapsed_seconds": 1855.0861782412976, "tokens_seen": 178184192, "tokens_per_second": 93242.70057679033, "peak_memory_mib": 5700.42919921875}
{"step": 22000, "train_loss": 4.3714189529418945, "val_loss": 4.4142355680465695, "lr": 0.0009751380212098386, "elapsed_seconds": 1877.5207173600793, "tokens_seen": 180232192, "tokens_per_second": 91287.79358582146, "peak_memory_mib": 5700.42919921875}
{"step": 22250, "train_loss": 4.347764015197754, "val_loss": 4.418875408172608, "lr": 0.0009574417780335065, "elapsed_seconds": 1899.4188723564148, "tokens_seen": 182280192, "tokens_per_second": 93523.88372645667, "peak_memory_mib": 5700.42919921875}
{"step": 22500, "train_loss": 4.530467510223389, "val_loss": 4.394733643531799, "lr": 0.0009398018938902049, "elapsed_seconds": 1919.8654319215566, "tokens_seen": 184328192, "tokens_per_second": 100163.54556050438, "peak_memory_mib": 5700.42919921875}
{"step": 22750, "train_loss": 4.547101974487305, "val_loss": 4.409601521492005, "lr": 0.0009222253425398426, "elapsed_seconds": 1942.0446555279195, "tokens_seen": 186376192, "tokens_per_second": 92338.66479726767, "peak_memory_mib": 5700.42919921875}
{"step": 23000, "train_loss": 4.385278224945068, "val_loss": 4.375735473632813, "lr": 0.0009047190727043137, "elapsed_seconds": 1962.5112782102078, "tokens_seen": 188424192, "tokens_per_second": 100065.3655344923, "peak_memory_mib": 5700.42919921875}
{"step": 23250, "train_loss": 4.327855110168457, "val_loss": 4.392872142791748, "lr": 0.0008872900053203856, "elapsed_seconds": 1984.6939767356962, "tokens_seen": 190472192, "tokens_per_second": 92324.20332867549, "peak_memory_mib": 5700.42919921875}
{"step": 23500, "train_loss": 4.416341781616211, "val_loss": 4.424815154075622, "lr": 0.0008699450308035728, "elapsed_seconds": 2005.2735957149416, "tokens_seen": 192520192, "tokens_per_second": 99515.94105228738, "peak_memory_mib": 5700.42919921875}
{"step": 23750, "train_loss": 4.3785505294799805, "val_loss": 4.390099406242371, "lr": 0.0008526910063240772, "elapsed_seconds": 2025.7378239203244, "tokens_seen": 194568192, "tokens_per_second": 100077.06839206467, "peak_memory_mib": 5700.42919921875}
{"step": 24000, "train_loss": 4.477389812469482, "val_loss": 4.363776636123657, "lr": 0.0008355347530958712, "elapsed_seconds": 2046.4661875404418, "tokens_seen": 196616192, "tokens_per_second": 98801.80266336299, "peak_memory_mib": 5700.42919921875}
{"step": 24250, "train_loss": 4.431070327758789, "val_loss": 4.390206146240234, "lr": 0.0008184830536799956, "elapsed_seconds": 2068.4879996534437, "tokens_seen": 198664192, "tokens_per_second": 92998.70798358643, "peak_memory_mib": 5700.42919921875}
{"step": 24500, "train_loss": 4.5099263191223145, "val_loss": 4.3484245300292965, "lr": 0.000801542649303139, "elapsed_seconds": 2088.9153961464763, "tokens_seen": 200712192, "tokens_per_second": 100257.53143507779, "peak_memory_mib": 5700.42919921875}
{"step": 24750, "train_loss": 4.470327377319336, "val_loss": 4.357824897766113, "lr": 0.0007847202371925581, "elapsed_seconds": 2110.7814181316644, "tokens_seen": 202760192, "tokens_per_second": 93661.28386973418, "peak_memory_mib": 5700.42919921875}
{"step": 25000, "train_loss": 4.4330596923828125, "val_loss": 4.339080667495727, "lr": 0.000768022467928393, "elapsed_seconds": 2131.3141023721546, "tokens_seen": 204808192, "tokens_per_second": 99743.41612534199, "peak_memory_mib": 5700.42919921875}
{"step": 25250, "train_loss": 4.414408206939697, "val_loss": 4.377008366584778, "lr": 0.000751455942814423, "elapsed_seconds": 2152.657234819606, "tokens_seen": 206856192, "tokens_per_second": 95955.9323298047, "peak_memory_mib": 5700.42919921875}
{"step": 25500, "train_loss": 4.341630935668945, "val_loss": 4.335345602035522, "lr": 0.0007350272112683054, "elapsed_seconds": 2173.703466458246, "tokens_seen": 208904192, "tokens_per_second": 97309.57993368185, "peak_memory_mib": 5700.42919921875}
{"step": 25750, "train_loss": 4.332205295562744, "val_loss": 4.347831654548645, "lr": 0.0007187427682323251, "elapsed_seconds": 2195.3288809601218, "tokens_seen": 210952192, "tokens_per_second": 94703.38969915171, "peak_memory_mib": 5700.42919921875}
{"step": 26000, "train_loss": 4.441274642944336, "val_loss": 4.326939654350281, "lr": 0.0007026090516056797, "elapsed_seconds": 2215.7590449806303, "tokens_seen": 213000192, "tokens_per_second": 100243.93169440374, "peak_memory_mib": 5700.42919921875}
{"step": 26250, "train_loss": 4.355589389801025, "val_loss": 4.314553618431091, "lr": 0.0006866324396993198, "elapsed_seconds": 2237.315203104168, "tokens_seen": 215048192, "tokens_per_second": 95007.64473119125, "peak_memory_mib": 5700.42919921875}
{"step": 26500, "train_loss": 4.32000732421875, "val_loss": 4.324008750915527, "lr": 0.0006708192487143447, "elapsed_seconds": 2258.8832001388073, "tokens_seen": 217096192, "tokens_per_second": 94955.51305960957, "peak_memory_mib": 5700.42919921875}
{"step": 26750, "train_loss": 4.342798709869385, "val_loss": 4.328320765495301, "lr": 0.0006551757302449494, "elapsed_seconds": 2279.470648948103, "tokens_seen": 219144192, "tokens_per_second": 99478.08006777242, "peak_memory_mib": 5700.42919921875}
{"step": 27000, "train_loss": 4.414334297180176, "val_loss": 4.3091188907623295, "lr": 0.0006397080688069201, "elapsed_seconds": 2300.2350983284414, "tokens_seen": 221192192, "tokens_per_second": 98630.11339063616, "peak_memory_mib": 5700.42919921875}
{"step": 27250, "train_loss": 4.282698154449463, "val_loss": 4.283762812614441, "lr": 0.0006244223793926428, "elapsed_seconds": 2322.66337669082, "tokens_seen": 223240192, "tokens_per_second": 91313.28172237598, "peak_memory_mib": 5700.42919921875}
{"step": 27500, "train_loss": 4.168144226074219, "val_loss": 4.302298426628113, "lr": 0.0006093247050535994, "elapsed_seconds": 2344.857462240383, "tokens_seen": 225288192, "tokens_per_second": 92276.84688129254, "peak_memory_mib": 5700.42919921875}
{"step": 27750, "train_loss": 4.21433687210083, "val_loss": 4.283451724052429, "lr": 0.0005944210145113061, "elapsed_seconds": 2365.637056523934, "tokens_seen": 227336192, "tokens_per_second": 98558.22535167082, "peak_memory_mib": 5700.42919921875}
{"step": 28000, "train_loss": 4.318408966064453, "val_loss": 4.348539590835571, "lr": 0.0005797171997976363, "elapsed_seconds": 2387.5347838718444, "tokens_seen": 229384192, "tokens_per_second": 93525.69594757885, "peak_memory_mib": 5700.42919921875}
{"step": 28250, "train_loss": 4.296985626220703, "val_loss": 4.25678961277008, "lr": 0.0005652190739254606, "elapsed_seconds": 2408.1769478432834, "tokens_seen": 231432192, "tokens_per_second": 99214.40328635776, "peak_memory_mib": 5700.42919921875}
{"step": 28500, "train_loss": 4.37190580368042, "val_loss": 4.282482743263245, "lr": 0.0005509323685905281, "elapsed_seconds": 2430.683555226773, "tokens_seen": 233480192, "tokens_per_second": 90995.50223837585, "peak_memory_mib": 5700.42919921875}
{"step": 28750, "train_loss": 4.253772735595703, "val_loss": 4.279601049423218, "lr": 0.0005368627319054961, "elapsed_seconds": 2451.6431192997843, "tokens_seen": 235528192, "tokens_per_second": 97711.95124461978, "peak_memory_mib": 5700.42919921875}
{"step": 29000, "train_loss": 4.266730308532715, "val_loss": 4.2794193983078, "lr": 0.0005230157261670021, "elapsed_seconds": 2472.7395934630185, "tokens_seen": 237576192, "tokens_per_second": 97077.83864617696, "peak_memory_mib": 5700.42919921875}
{"step": 29250, "train_loss": 4.286653518676758, "val_loss": 4.248773288726807, "lr": 0.0005093968256566621, "elapsed_seconds": 2493.647341735661, "tokens_seen": 239624192, "tokens_per_second": 97954.11381143231, "peak_memory_mib": 5700.42919921875}
{"step": 29500, "train_loss": 4.3502912521362305, "val_loss": 4.2907733678817745, "lr": 0.0004960114144768668, "elapsed_seconds": 2515.6664421427995, "tokens_seen": 241672192, "tokens_per_second": 93010.15939641511, "peak_memory_mib": 5700.42919921875}
{"step": 29750, "train_loss": 4.349513053894043, "val_loss": 4.260376119613648, "lr": 0.0004828647844222283, "elapsed_seconds": 2536.586815394461, "tokens_seen": 243720192, "tokens_per_second": 97895.00461035188, "peak_memory_mib": 5700.42919921875}
{"step": 30000, "train_loss": 4.285250663757324, "val_loss": 4.267309260368347, "lr": 0.00046996213288751727, "elapsed_seconds": 2557.684944216162, "tokens_seen": 245768192, "tokens_per_second": 97070.21699281545, "peak_memory_mib": 5700.42919921875}
{"step": 30250, "train_loss": 4.2683610916137695, "val_loss": 4.286288046836853, "lr": 0.0004573085608129252, "elapsed_seconds": 2578.459244484082, "tokens_seen": 247816192, "tokens_per_second": 98583.3392290762, "peak_memory_mib": 5700.42919921875}
{"step": 30500, "train_loss": 4.214022636413574, "val_loss": 4.239040470123291, "lr": 0.00044490907066745535, "elapsed_seconds": 2599.272106818855, "tokens_seen": 249864192, "tokens_per_second": 98400.69449346274, "peak_memory_mib": 5700.42919921875}
{"step": 30750, "train_loss": 4.174770832061768, "val_loss": 4.24102737903595, "lr": 0.0004327685644712439, "elapsed_seconds": 2621.628307700157, "tokens_seen": 251912192, "tokens_per_second": 91607.6899493116, "peak_memory_mib": 5700.42919921875}
{"step": 31000, "train_loss": 4.273752212524414, "val_loss": 4.2631134510040285, "lr": 0.0004208918418575928, "elapsed_seconds": 2642.069717735052, "tokens_seen": 253960192, "tokens_per_second": 100188.7909249728, "peak_memory_mib": 5700.42919921875}
{"step": 31250, "train_loss": 4.348616123199463, "val_loss": 4.24538643360138, "lr": 0.0004092835981754827, "elapsed_seconds": 2662.533781187609, "tokens_seen": 256008192, "tokens_per_second": 100077.87466091738, "peak_memory_mib": 5700.42919921875}
{"step": 31500, "train_loss": 4.021092414855957, "val_loss": 4.206060361862183, "lr": 0.0003979484226333092, "elapsed_seconds": 2683.223421469331, "tokens_seen": 258056192, "tokens_per_second": 98986.73873785816, "peak_memory_mib": 5700.42919921875}
{"step": 31750, "train_loss": 4.313968181610107, "val_loss": 4.253125715255737, "lr": 0.00038689079648458323, "elapsed_seconds": 2704.8522681109607, "tokens_seen": 260104192, "tokens_per_second": 94688.34089866503, "peak_memory_mib": 5700.42919921875}
{"step": 32000, "train_loss": 4.203228950500488, "val_loss": 4.244696068763733, "lr": 0.0003761150912563117, "elapsed_seconds": 2725.274026159197, "tokens_seen": 262152192, "tokens_per_second": 100285.1999452826, "peak_memory_mib": 5700.42919921875}
{"step": 32250, "train_loss": 4.033381462097168, "val_loss": 4.232522439956665, "lr": 0.0003656255670207554, "elapsed_seconds": 2745.96244488284, "tokens_seen": 264200192, "tokens_per_second": 98992.56576808346, "peak_memory_mib": 5700.42919921875}
{"step": 32500, "train_loss": 4.279396057128906, "val_loss": 4.2001525402069095, "lr": 0.00035542637071124864, "elapsed_seconds": 2766.634084166959, "tokens_seen": 266248192, "tokens_per_second": 99072.90021754977, "peak_memory_mib": 5700.42919921875}
{"step": 32750, "train_loss": 4.151074409484863, "val_loss": 4.184542965888977, "lr": 0.00034552153448275103, "elapsed_seconds": 2788.1604533083737, "tokens_seen": 268296192, "tokens_per_second": 95139.17891150112, "peak_memory_mib": 5700.42919921875}
{"step": 33000, "train_loss": 4.092162132263184, "val_loss": 4.1945935726165775, "lr": 0.0003359149741177724, "elapsed_seconds": 2810.173017172143, "tokens_seen": 270344192, "tokens_per_second": 93037.78625891979, "peak_memory_mib": 5700.42919921875}
{"step": 33250, "train_loss": 4.183917045593262, "val_loss": 4.198486602306366, "lr": 0.00032661048747830514, "elapsed_seconds": 2830.94648597762, "tokens_seen": 272392192, "tokens_per_second": 98587.24906974475, "peak_memory_mib": 5700.42919921875}
{"step": 33500, "train_loss": 4.181641101837158, "val_loss": 4.232275462150573, "lr": 0.00031761175300437574, "elapsed_seconds": 2851.5010795146227, "tokens_seen": 274440192, "tokens_per_second": 99637.13488706935, "peak_memory_mib": 5700.42919921875}
{"step": 33750, "train_loss": 4.157391548156738, "val_loss": 4.142189764976502, "lr": 0.0003089223282598097, "elapsed_seconds": 2871.9313462488353, "tokens_seen": 276488192, "tokens_per_second": 100243.39187116115, "peak_memory_mib": 5700.42919921875}
{"step": 34000, "train_loss": 4.133051872253418, "val_loss": 4.181504940986633, "lr": 0.0003005456485257815, "elapsed_seconds": 2893.799767654389, "tokens_seen": 278536192, "tokens_per_second": 93651.05977658997, "peak_memory_mib": 5700.42919921875}
{"step": 34250, "train_loss": 4.273827075958252, "val_loss": 4.185703182220459, "lr": 0.0002924850254427089, "elapsed_seconds": 2914.2295010033995, "tokens_seen": 280584192, "tokens_per_second": 100246.03685587358, "peak_memory_mib": 5700.42919921875}
{"step": 34500, "train_loss": 4.174413681030273, "val_loss": 4.177858424186707, "lr": 0.00028474364570102906, "elapsed_seconds": 2934.6710369121283, "tokens_seen": 282632192, "tokens_per_second": 100188.163205971, "peak_memory_mib": 5700.42919921875}
{"step": 34750, "train_loss": 4.228155136108398, "val_loss": 4.207681703567505, "lr": 0.00027732456978136886, "elapsed_seconds": 2955.447176033631, "tokens_seen": 284680192, "tokens_per_second": 98574.6333595653, "peak_memory_mib": 5700.42919921875}
{"step": 35000, "train_loss": 4.233730316162109, "val_loss": 4.192912709712982, "lr": 0.0002702307307446141, "elapsed_seconds": 2976.139527723193, "tokens_seen": 286728192, "tokens_per_second": 98973.74568181799, "peak_memory_mib": 5700.42919921875}
{"step": 35250, "train_loss": 4.16259241104126, "val_loss": 4.186558818817138, "lr": 0.0002634649330723517, "elapsed_seconds": 2996.789797335863, "tokens_seen": 288776192, "tokens_per_second": 99175.47658666562, "peak_memory_mib": 5700.42919921875}
{"step": 35500, "train_loss": 4.083644866943359, "val_loss": 4.149713480472565, "lr": 0.000257029851558145, "elapsed_seconds": 3017.483815567568, "tokens_seen": 290824192, "tokens_per_second": 98965.79395064914, "peak_memory_mib": 5700.42919921875}
{"step": 35750, "train_loss": 4.07710075378418, "val_loss": 4.1761066198349, "lr": 0.00025092803025007906, "elapsed_seconds": 3037.905470987782, "tokens_seen": 292872192, "tokens_per_second": 100285.70655796566, "peak_memory_mib": 5700.42919921875}
{"step": 36000, "train_loss": 4.241376876831055, "val_loss": 4.181430554389953, "lr": 0.0002451618814449956, "elapsed_seconds": 3058.3688611239195, "tokens_seen": 294920192, "tokens_per_second": 100081.16054602785, "peak_memory_mib": 5700.42919921875}
{"step": 36250, "train_loss": 4.142128944396973, "val_loss": 4.192336225509644, "lr": 0.00023973368473481527, "elapsed_seconds": 3079.0195787250996, "tokens_seen": 296968192, "tokens_per_second": 99173.31575603051, "peak_memory_mib": 5700.42919921875}
{"step": 36500, "train_loss": 4.007256507873535, "val_loss": 4.18473573923111, "lr": 0.00023464558610532163, "elapsed_seconds": 3099.7001377791166, "tokens_seen": 299016192, "tokens_per_second": 99030.19748737731, "peak_memory_mib": 5700.42919921875}
{"step": 36750, "train_loss": 4.1488494873046875, "val_loss": 4.1155284404754635, "lr": 0.00022989959708776656, "elapsed_seconds": 3120.744124347344, "tokens_seen": 301064192, "tokens_per_second": 97319.96883199469, "peak_memory_mib": 5700.42919921875}
{"step": 37000, "train_loss": 4.169960975646973, "val_loss": 4.139270806312561, "lr": 0.00022549759396363095, "elapsed_seconds": 3142.8712241034955, "tokens_seen": 303112192, "tokens_per_second": 92556.18760600837, "peak_memory_mib": 5700.42919921875}
{"step": 37250, "train_loss": 4.222346782684326, "val_loss": 4.191343069076538, "lr": 0.00022144131702285435, "elapsed_seconds": 3163.587024182081, "tokens_seen": 305160192, "tokens_per_second": 98861.70206081602, "peak_memory_mib": 5700.42919921875}
{"step": 37500, "train_loss": 4.114493370056152, "val_loss": 4.176865363121033, "lr": 0.00021773236987582753, "elapsed_seconds": 3184.3051719740033, "tokens_seen": 307208192, "tokens_per_second": 98850.55775644063, "peak_memory_mib": 5700.42919921875}
{"step": 37750, "train_loss": 4.154958248138428, "val_loss": 4.132894158363342, "lr": 0.00021437221881942143, "elapsed_seconds": 3205.047851311043, "tokens_seen": 309256192, "tokens_per_second": 98733.62607129308, "peak_memory_mib": 5700.42919921875}
{"step": 38000, "train_loss": 4.0541181564331055, "val_loss": 4.139648151397705, "lr": 0.0002113621922573, "elapsed_seconds": 3225.5932965595275, "tokens_seen": 311304192, "tokens_per_second": 99681.47479026507, "peak_memory_mib": 5700.42919921875}
{"step": 38250, "train_loss": 4.2182722091674805, "val_loss": 4.161392307281494, "lr": 0.00020870348017474832, "elapsed_seconds": 3246.0457905400544, "tokens_seen": 313352192, "tokens_per_second": 100134.48369528393, "peak_memory_mib": 5700.42919921875}
{"step": 38500, "train_loss": 4.162844657897949, "val_loss": 4.1569448709487915, "lr": 0.00020639713366822393, "elapsed_seconds": 3266.8882419355214, "tokens_seen": 315400192, "tokens_per_second": 98261.00188003901, "peak_memory_mib": 5700.42919921875}
{"step": 38750, "train_loss": 4.1375322341918945, "val_loss": 4.149813413619995, "lr": 0.00020444406452981533, "elapsed_seconds": 3287.3318726718426, "tokens_seen": 317448192, "tokens_per_second": 100177.89626601916, "peak_memory_mib": 5700.42919921875}
{"step": 39000, "train_loss": 4.13021993637085, "val_loss": 4.136596846580505, "lr": 0.00020284504488677377, "elapsed_seconds": 3307.92325887084, "tokens_seen": 319496192, "tokens_per_second": 99459.04952228261, "peak_memory_mib": 5700.42919921875}
{"step": 39250, "train_loss": 4.0738348960876465, "val_loss": 4.138492155075073, "lr": 0.00020160070689626033, "elapsed_seconds": 3328.6012476366013, "tokens_seen": 321544192, "tokens_per_second": 99042.53373742547, "peak_memory_mib": 5700.42919921875}
{"step": 39500, "train_loss": 4.214968681335449, "val_loss": 4.157416152954101, "lr": 0.00020071154249542836, "elapsed_seconds": 3349.1568946763873, "tokens_seen": 323592192, "tokens_per_second": 99631.96713672533, "peak_memory_mib": 5700.42919921875}
{"step": 39750, "train_loss": 4.1694016456604, "val_loss": 4.139351630210877, "lr": 0.00020017790320694102, "elapsed_seconds": 3369.5476057231426, "tokens_seen": 325640192, "tokens_per_second": 100437.91287905673, "peak_memory_mib": 5700.42919921875}
{"step": 39999, "train_loss": 4.10922908782959, "val_loss": 4.14749436378479, "lr": 0.0002000000028465451, "elapsed_seconds": 3389.8961748871952, "tokens_seen": 327680000, "tokens_per_second": 100243.30741425048, "peak_memory_mib": 5700.42919921875}
{
  "steps": 40000,
  "best_val_loss": 4.1155284404754635,
  "elapsed_seconds": 3391.778026489541,
  "tokens_seen": 327680000,
  "parameter_count": 45224448,
  "peak_memory_mib": 5700.42919921875
}
Local leaderboard proxy: tied embeddings, max_steps=27213
/root/autodl-tmp/Stanford-CS336/assignments/spring2026/assignment1-basics/.venv/lib/python3.12/site-packages/torch/_inductor/compile_fx.py:322: UserWarning: TensorFloat32 tensor cores for float32 matrix multiplication available but not enabled. Consider setting `torch.set_float32_matmul_precision('high')` for better performance.
  warnings.warn(
{"step": 0, "train_loss": 10.463916778564453, "val_loss": 10.472457027435302, "lr": 0.0, "elapsed_seconds": 22.881775300949812, "tokens_seen": 8192, "tokens_per_second": 358.0141233754426, "peak_memory_mib": 5286.08154296875}
{"step": 250, "train_loss": 6.299502849578857, "val_loss": 6.297712397575379, "lr": 0.001, "elapsed_seconds": 43.43174485489726, "tokens_seen": 2056192, "tokens_per_second": 99659.51572560226, "peak_memory_mib": 5512.36669921875}
{"step": 500, "train_loss": 5.677807807922363, "val_loss": 5.837574601173401, "lr": 0.002, "elapsed_seconds": 64.18260102719069, "tokens_seen": 4104192, "tokens_per_second": 98694.71295790566, "peak_memory_mib": 5512.36669921875}
{"step": 750, "train_loss": 5.503990173339844, "val_loss": 5.598049664497376, "lr": 0.0019996110303976554, "elapsed_seconds": 84.6252159755677, "tokens_seen": 6152192, "tokens_per_second": 100182.89709038552, "peak_memory_mib": 5512.42919921875}
{"step": 1000, "train_loss": 5.551225662231445, "val_loss": 5.400079298019409, "lr": 0.0019984444578069584, "elapsed_seconds": 105.13058124110103, "tokens_seen": 8200192, "tokens_per_second": 99876.29802056354, "peak_memory_mib": 5512.42919921875}
{"step": 1250, "train_loss": 5.177925109863281, "val_loss": 5.279049229621887, "lr": 0.001996501290586302, "elapsed_seconds": 126.33062578924, "tokens_seen": 10248192, "tokens_per_second": 96603.56643024512, "peak_memory_mib": 5512.42919921875}
{"step": 1500, "train_loss": 5.048863410949707, "val_loss": 5.1904212713241575, "lr": 0.001993783208364533, "elapsed_seconds": 148.65331095084548, "tokens_seen": 12296192, "tokens_per_second": 91745.21887399988, "peak_memory_mib": 5512.42919921875}
{"step": 1750, "train_loss": 5.019005298614502, "val_loss": 5.109857797622681, "lr": 0.0019902925605891192, "elapsed_seconds": 171.3589467909187, "tokens_seen": 14344192, "tokens_per_second": 90197.8705689266, "peak_memory_mib": 5512.42919921875}
{"step": 2000, "train_loss": 4.94526481628418, "val_loss": 5.032647562026978, "lr": 0.001986032364495345, "elapsed_seconds": 193.8467942085117, "tokens_seen": 16392192, "tokens_per_second": 91071.42798312982, "peak_memory_mib": 5512.42919921875}
{"step": 2250, "train_loss": 4.994677543640137, "val_loss": 4.969658637046814, "lr": 0.0019810063024982764, "elapsed_seconds": 216.35102383606136, "tokens_seen": 18440192, "tokens_per_second": 91005.10133686762, "peak_memory_mib": 5512.42919921875}
{"step": 2500, "train_loss": 4.801451206207275, "val_loss": 4.929940295219422, "lr": 0.001975218719009773, "elapsed_seconds": 238.46282820031047, "tokens_seen": 20488192, "tokens_per_second": 92620.22290028977, "peak_memory_mib": 5512.42919921875}
{"step": 2750, "train_loss": 5.0662689208984375, "val_loss": 4.892237591743469, "lr": 0.0019686746166832744, "elapsed_seconds": 260.8518058620393, "tokens_seen": 22536192, "tokens_per_second": 91473.54869578757, "peak_memory_mib": 5512.42919921875}
{"step": 3000, "train_loss": 4.8226823806762695, "val_loss": 4.844531464576721, "lr": 0.0019613796520896246, "elapsed_seconds": 283.05863595195115, "tokens_seen": 24584192, "tokens_per_second": 92223.88634780663, "peak_memory_mib": 5512.42919921875}
{"step": 3250, "train_loss": 4.762199401855469, "val_loss": 4.809220457077027, "lr": 0.0019533401308276617, "elapsed_seconds": 305.643716391176, "tokens_seen": 26632192, "tokens_per_second": 90679.32936917359, "peak_memory_mib": 5512.42919921875}
{"step": 3500, "train_loss": 4.723974227905273, "val_loss": 4.80323338508606, "lr": 0.0019445630020738039, "elapsed_seconds": 328.25023707188666, "tokens_seen": 28680192, "tokens_per_second": 90593.34377212489, "peak_memory_mib": 5512.42919921875}
{"step": 3750, "train_loss": 4.669079780578613, "val_loss": 4.776088738441468, "lr": 0.0019350558525753426, "elapsed_seconds": 350.8986096084118, "tokens_seen": 30728192, "tokens_per_second": 90425.9146786636, "peak_memory_mib": 5512.42919921875}
{"step": 4000, "train_loss": 4.952234745025635, "val_loss": 4.73014006614685, "lr": 0.0019248269000926327, "elapsed_seconds": 373.53963601216674, "tokens_seen": 32776192, "tokens_per_second": 90455.27240783174, "peak_memory_mib": 5512.42919921875}
{"step": 4250, "train_loss": 4.708624839782715, "val_loss": 4.729876708984375, "lr": 0.0019138849862958517, "elapsed_seconds": 396.18806098774076, "tokens_seen": 34824192, "tokens_per_second": 90425.7184517333, "peak_memory_mib": 5512.42919921875}
{"step": 4500, "train_loss": 4.718188285827637, "val_loss": 4.713292241096497, "lr": 0.0019022395691224625, "elapsed_seconds": 418.5714498758316, "tokens_seen": 36872192, "tokens_per_second": 91496.41584364703, "peak_memory_mib": 5512.42919921875}
{"step": 4750, "train_loss": 4.827394962310791, "val_loss": 4.672793650627137, "lr": 0.0018899007146019919, "elapsed_seconds": 441.0337618160993, "tokens_seen": 38920192, "tokens_per_second": 91174.93107248728, "peak_memory_mib": 5512.42919921875}
{"step": 5000, "train_loss": 4.793374061584473, "val_loss": 4.672953486442566, "lr": 0.0018768790881551868, "elapsed_seconds": 463.82335114851594, "tokens_seen": 40968192, "tokens_per_second": 89865.61225435049, "peak_memory_mib": 5512.42919921875}
{"step": 5250, "train_loss": 4.758730888366699, "val_loss": 4.691101884841919, "lr": 0.001863185945375072, "elapsed_seconds": 485.31666653975844, "tokens_seen": 43016192, "tokens_per_second": 95285.42276212711, "peak_memory_mib": 5512.49169921875}
{"step": 5500, "train_loss": 4.844390869140625, "val_loss": 4.655662846565247, "lr": 0.0018488331222978735, "elapsed_seconds": 507.2020885720849, "tokens_seen": 45064192, "tokens_per_second": 93578.2752890943, "peak_memory_mib": 5512.49169921875}
{"step": 5750, "train_loss": 4.662439346313477, "val_loss": 4.644646120071411, "lr": 0.0018338330251722252, "elapsed_seconds": 530.131255697459, "tokens_seen": 47112192, "tokens_per_second": 89318.55799839536, "peak_memory_mib": 5512.49169921875}
{"step": 6000, "train_loss": 4.586973667144775, "val_loss": 4.661732840538025, "lr": 0.001818198619735491, "elapsed_seconds": 552.5086319316179, "tokens_seen": 49160192, "tokens_per_second": 91521.00993388411, "peak_memory_mib": 5512.49169921875}
{"step": 6250, "train_loss": 4.642046928405762, "val_loss": 4.57009072303772, "lr": 0.0018019434200064834, "elapsed_seconds": 573.951485350728, "tokens_seen": 51208192, "tokens_per_second": 95509.67475510681, "peak_memory_mib": 5512.49169921875}
{"step": 6500, "train_loss": 4.797122001647949, "val_loss": 4.645518064498901, "lr": 0.0017850814766042578, "elapsed_seconds": 596.5892574600875, "tokens_seen": 53256192, "tokens_per_second": 90468.26242137777, "peak_memory_mib": 5512.49169921875}
{"step": 6750, "train_loss": 4.593306541442871, "val_loss": 4.59516396522522, "lr": 0.00176762736460308, "elapsed_seconds": 617.887775734067, "tokens_seen": 55304192, "tokens_per_second": 96156.93275698269, "peak_memory_mib": 5512.49169921875}
{"step": 7000, "train_loss": 4.580608367919922, "val_loss": 4.6026365756988525, "lr": 0.0017495961709340711, "elapsed_seconds": 638.97307193093, "tokens_seen": 57352192, "tokens_per_second": 97129.29179677882, "peak_memory_mib": 5512.49169921875}
{"step": 7250, "train_loss": 4.649742603302002, "val_loss": 4.594268393516541, "lr": 0.0017310034813444117, "elapsed_seconds": 660.5892003234476, "tokens_seen": 59400192, "tokens_per_second": 94744.0666000884, "peak_memory_mib": 5512.49169921875}
{"step": 7500, "train_loss": 4.606010437011719, "val_loss": 4.584951543807984, "lr": 0.0017118653669253821, "elapsed_seconds": 682.0099155474454, "tokens_seen": 61448192, "tokens_per_second": 95608.33765173526, "peak_memory_mib": 5512.49169921875}
{"step": 7750, "train_loss": 4.620220184326172, "val_loss": 4.55962450504303, "lr": 0.0016921983702208826, "elapsed_seconds": 703.3342062477022, "tokens_seen": 63496192, "tokens_per_second": 96040.76546177705, "peak_memory_mib": 5512.49169921875}
{"step": 8000, "train_loss": 4.567655086517334, "val_loss": 4.547051477432251, "lr": 0.0016720194909284416, "elapsed_seconds": 725.9122019130737, "tokens_seen": 65544192, "tokens_per_second": 90707.78041143234, "peak_memory_mib": 5512.49169921875}
{"step": 8250, "train_loss": 4.6181321144104, "val_loss": 4.536336588859558, "lr": 0.0016513461712050674, "elapsed_seconds": 748.2624490521848, "tokens_seen": 67592192, "tokens_per_second": 91632.09024931423, "peak_memory_mib": 5512.49169921875}
{"step": 8500, "train_loss": 4.417359352111816, "val_loss": 4.531778454780579, "lr": 0.0016301962805906536, "elapsed_seconds": 770.93177087605, "tokens_seen": 69640192, "tokens_per_second": 90342.36728868964, "peak_memory_mib": 5512.49169921875}
{"step": 8750, "train_loss": 4.642693519592285, "val_loss": 4.543805241584778, "lr": 0.0016085881005619602, "elapsed_seconds": 793.7191686537117, "tokens_seen": 71688192, "tokens_per_second": 89874.24076718997, "peak_memory_mib": 5512.49169921875}
{"step": 9000, "train_loss": 4.6043195724487305, "val_loss": 4.539711284637451, "lr": 0.0015865403087305273, "elapsed_seconds": 815.2368188034743, "tokens_seen": 73736192, "tokens_per_second": 95177.66542913171, "peak_memory_mib": 5512.49169921875}
{"step": 9250, "train_loss": 4.476710319519043, "val_loss": 4.512662243843079, "lr": 0.0015640719626981796, "elapsed_seconds": 836.8645800221711, "tokens_seen": 75784192, "tokens_per_second": 94693.11149223482, "peak_memory_mib": 5512.49169921875}
{"step": 9500, "train_loss": 4.429937839508057, "val_loss": 4.518412113189697, "lr": 0.0015412024835840768, "elapsed_seconds": 859.5475040599704, "tokens_seen": 77832192, "tokens_per_second": 90288.18507457247, "peak_memory_mib": 5512.49169921875}
{"step": 9750, "train_loss": 4.594257354736328, "val_loss": 4.489071846008301, "lr": 0.0015179516392375449, "elapsed_seconds": 881.463841099292, "tokens_seen": 79880192, "tokens_per_second": 93446.29686367472, "peak_memory_mib": 5512.49169921875}
{"step": 10000, "train_loss": 4.521264553070068, "val_loss": 4.492724347114563, "lr": 0.0014943395271512048, "elapsed_seconds": 905.074085412547, "tokens_seen": 81928192, "tokens_per_second": 86741.97813750786, "peak_memory_mib": 5512.49169921875}
{"step": 10250, "train_loss": 4.6414875984191895, "val_loss": 4.524721097946167, "lr": 0.0014703865570891658, "elapsed_seconds": 926.938281096518, "tokens_seen": 83976192, "tokens_per_second": 93669.131829181, "peak_memory_mib": 5512.49169921875}
{"step": 10500, "train_loss": 4.504153728485107, "val_loss": 4.492336297035218, "lr": 0.0014461134334452935, "elapsed_seconds": 948.578713612631, "tokens_seen": 86024192, "tokens_per_second": 94637.68483854948, "peak_memory_mib": 5512.49169921875}
{"step": 10750, "train_loss": 4.447912216186523, "val_loss": 4.482499599456787, "lr": 0.0014215411373468142, "elapsed_seconds": 970.3096809014678, "tokens_seen": 88072192, "tokens_per_second": 94243.36792287843, "peak_memory_mib": 5512.49169921875}
{"step": 11000, "train_loss": 4.65547513961792, "val_loss": 4.4844550609588625, "lr": 0.00139669090851871, "elapsed_seconds": 992.9319744240493, "tokens_seen": 90120192, "tokens_per_second": 90530.16953881382, "peak_memory_mib": 5512.49169921875}
{"step": 11250, "train_loss": 4.4492058753967285, "val_loss": 4.494774723052979, "lr": 0.001371584226924593, "elapsed_seconds": 1014.9495800603181, "tokens_seen": 92168192, "tokens_per_second": 93016.47321611398, "peak_memory_mib": 5512.49169921875}
{"step": 11500, "train_loss": 4.414168357849121, "val_loss": 4.498043894767761, "lr": 0.0013462427941999203, "elapsed_seconds": 1036.8296550307423, "tokens_seen": 94216192, "tokens_per_second": 93601.13561318784, "peak_memory_mib": 5512.49169921875}
{"step": 11750, "train_loss": 4.435072898864746, "val_loss": 4.510027527809143, "lr": 0.0013206885148936032, "elapsed_seconds": 1058.632561556995, "tokens_seen": 96264192, "tokens_per_second": 93932.43884341435, "peak_memory_mib": 5512.49169921875}
{"step": 12000, "train_loss": 4.467379570007324, "val_loss": 4.462406182289124, "lr": 0.0012949434775342188, "elapsed_seconds": 1080.273795824498, "tokens_seen": 98312192, "tokens_per_second": 94634.14121722775, "peak_memory_mib": 5512.49169921875}
{"step": 12250, "train_loss": 4.386818885803223, "val_loss": 4.467431735992432, "lr": 0.0012690299355371986, "elapsed_seconds": 1102.957797313109, "tokens_seen": 100360192, "tokens_per_second": 90283.91240675094, "peak_memory_mib": 5512.49169921875}
{"step": 12500, "train_loss": 4.435691833496094, "val_loss": 4.449197936058044, "lr": 0.0012429702879694891, "elapsed_seconds": 1124.8177041821182, "tokens_seen": 102408192, "tokens_per_second": 93687.4684588965, "peak_memory_mib": 5512.49169921875}
{"step": 12750, "train_loss": 4.423540115356445, "val_loss": 4.433972549438477, "lr": 0.001216787060188316, "elapsed_seconds": 1147.5783383939415, "tokens_seen": 104456192, "tokens_per_second": 89979.91562120555, "peak_memory_mib": 5512.49169921875}
{"step": 13000, "train_loss": 4.493731498718262, "val_loss": 4.447589707374573, "lr": 0.0011905028843707864, "elapsed_seconds": 1170.2587301656604, "tokens_seen": 106504192, "tokens_per_second": 90298.30313514819, "peak_memory_mib": 5512.49169921875}
{"step": 13250, "train_loss": 4.387420654296875, "val_loss": 4.419862461090088, "lr": 0.001164140479951157, "elapsed_seconds": 1191.3879909440875, "tokens_seen": 108552192, "tokens_per_second": 96927.20236176909, "peak_memory_mib": 5512.49169921875}
{"step": 13500, "train_loss": 4.381989002227783, "val_loss": 4.426894330978394, "lr": 0.0011377226339826822, "elapsed_seconds": 1213.234533721581, "tokens_seen": 110600192, "tokens_per_second": 93744.81282544657, "peak_memory_mib": 5512.49169921875}
{"step": 13750, "train_loss": 4.402800559997559, "val_loss": 4.412273406982422, "lr": 0.0011112721814410076, "elapsed_seconds": 1234.1649377476424, "tokens_seen": 112648192, "tokens_per_second": 97848.08407805453, "peak_memory_mib": 5512.49169921875}
{"step": 14000, "train_loss": 4.429337978363037, "val_loss": 4.426279735565186, "lr": 0.0010848119854861497, "elapsed_seconds": 1255.247728008777, "tokens_seen": 114696192, "tokens_per_second": 97140.81293040648, "peak_memory_mib": 5512.49169921875}
{"step": 14250, "train_loss": 4.42191219329834, "val_loss": 4.424796938896179, "lr": 0.0010583649177001045, "elapsed_seconds": 1275.5201985966414, "tokens_seen": 116744192, "tokens_per_second": 101023.73736489369, "peak_memory_mib": 5512.49169921875}
{"step": 14500, "train_loss": 4.383667945861816, "val_loss": 4.408506870269775, "lr": 0.0010319538383171832, "elapsed_seconds": 1296.1845737267286, "tokens_seen": 118792192, "tokens_per_second": 99107.7492360597, "peak_memory_mib": 5512.49169921875}
{"step": 14750, "train_loss": 4.429747104644775, "val_loss": 4.377534651756287, "lr": 0.0010056015764641525, "elapsed_seconds": 1317.106214536354, "tokens_seen": 120840192, "tokens_per_second": 97889.08390831378, "peak_memory_mib": 5512.49169921875}
{"step": 15000, "train_loss": 4.404008388519287, "val_loss": 4.396375632286071, "lr": 0.0009793309104272662, "elapsed_seconds": 1338.068043384701, "tokens_seen": 122888192, "tokens_per_second": 97701.35142957933, "peak_memory_mib": 5512.49169921875}
{"step": 15250, "train_loss": 4.291081428527832, "val_loss": 4.381139349937439, "lr": 0.000953164547963238, "elapsed_seconds": 1358.8287658002228, "tokens_seen": 124936192, "tokens_per_second": 98647.86188940734, "peak_memory_mib": 5512.49169921875}
{"step": 15500, "train_loss": 4.358048439025879, "val_loss": 4.359511041641236, "lr": 0.0009271251066711851, "elapsed_seconds": 1379.8517910838127, "tokens_seen": 126984192, "tokens_per_second": 97416.98688165071, "peak_memory_mib": 5512.49169921875}
{"step": 15750, "train_loss": 4.307103633880615, "val_loss": 4.365442538261414, "lr": 0.0009012350944424957, "elapsed_seconds": 1401.0904932692647, "tokens_seen": 129032192, "tokens_per_second": 96427.73731875929, "peak_memory_mib": 5512.49169921875}
{"step": 16000, "train_loss": 4.454193592071533, "val_loss": 4.35275809764862, "lr": 0.0008755168900055277, "elapsed_seconds": 1422.1035983916372, "tokens_seen": 131080192, "tokens_per_second": 97462.98440414463, "peak_memory_mib": 5512.49169921875}
{"step": 16250, "train_loss": 4.391397953033447, "val_loss": 4.356276512145996, "lr": 0.0008499927235819543, "elapsed_seconds": 1443.5749614164233, "tokens_seen": 133128192, "tokens_per_second": 95382.87839056832, "peak_memory_mib": 5512.49169921875}
{"step": 16500, "train_loss": 4.423314094543457, "val_loss": 4.346958613395691, "lr": 0.0008246846576714734, "elapsed_seconds": 1463.554629009217, "tokens_seen": 135176192, "tokens_per_second": 102504.19393184908, "peak_memory_mib": 5512.49169921875}
{"step": 16750, "train_loss": 4.257625579833984, "val_loss": 4.342832803726196, "lr": 0.0007996145679814925, "elapsed_seconds": 1484.6199460327625, "tokens_seen": 137224192, "tokens_per_second": 97221.43331146365, "peak_memory_mib": 5512.49169921875}
{"step": 17000, "train_loss": 4.401551723480225, "val_loss": 4.3299455642700195, "lr": 0.000774804124518272, "elapsed_seconds": 1505.3683637157083, "tokens_seen": 139272192, "tokens_per_second": 98706.3107143239, "peak_memory_mib": 5512.49169921875}
{"step": 17250, "train_loss": 4.310147285461426, "val_loss": 4.3487224817276005, "lr": 0.0007502747728558743, "elapsed_seconds": 1526.368467014283, "tokens_seen": 141320192, "tokens_per_second": 97523.33879589911, "peak_memory_mib": 5512.49169921875}
{"step": 17500, "train_loss": 4.273989677429199, "val_loss": 4.325542235374451, "lr": 0.0007260477155991037, "elapsed_seconds": 1546.8995031882077, "tokens_seen": 143368192, "tokens_per_second": 99751.41833621933, "peak_memory_mib": 5512.49169921875}
{"step": 17750, "train_loss": 4.348995685577393, "val_loss": 4.298398280143738, "lr": 0.0007021438940564643, "elapsed_seconds": 1567.596117835492, "tokens_seen": 145416192, "tokens_per_second": 98953.37884736473, "peak_memory_mib": 5512.49169921875}
{"step": 18000, "train_loss": 4.221355438232422, "val_loss": 4.319245195388794, "lr": 0.0006785839701389791, "elapsed_seconds": 1588.505817687139, "tokens_seen": 147464192, "tokens_per_second": 97944.9756525948, "peak_memory_mib": 5512.49169921875}
{"step": 18250, "train_loss": 4.375663757324219, "val_loss": 4.305175089836121, "lr": 0.0006553883085005089, "elapsed_seconds": 1608.4867208916694, "tokens_seen": 149512192, "tokens_per_second": 102497.86927137747, "peak_memory_mib": 5512.49169921875}
{"step": 18500, "train_loss": 4.397912979125977, "val_loss": 4.280793333053589, "lr": 0.0006325769589350165, "elapsed_seconds": 1628.6599081605673, "tokens_seen": 151560192, "tokens_per_second": 101520.89327189403, "peak_memory_mib": 5512.49169921875}
{"step": 18750, "train_loss": 4.322747230529785, "val_loss": 4.26635320186615, "lr": 0.0006101696390459906, "elapsed_seconds": 1649.873182600364, "tokens_seen": 153608192, "tokens_per_second": 96543.32060029465, "peak_memory_mib": 5512.49169921875}
{"step": 19000, "train_loss": 4.171242713928223, "val_loss": 4.251736283302307, "lr": 0.0005881857172030016, "elapsed_seconds": 1671.5547676570714, "tokens_seen": 155656192, "tokens_per_second": 94458.02381690283, "peak_memory_mib": 5512.49169921875}
{"step": 19250, "train_loss": 4.22451114654541, "val_loss": 4.261288857460022, "lr": 0.0005666441958001322, "elapsed_seconds": 1692.357440970838, "tokens_seen": 157704192, "tokens_per_second": 98448.89099846032, "peak_memory_mib": 5512.49169921875}
{"step": 19500, "train_loss": 4.324024200439453, "val_loss": 4.258769202232361, "lr": 0.000545563694830746, "elapsed_seconds": 1712.372403614223, "tokens_seen": 159752192, "tokens_per_second": 102323.4673053122, "peak_memory_mib": 5512.49169921875}
{"step": 19750, "train_loss": 4.14969539642334, "val_loss": 4.252000951766968, "lr": 0.0005249624357927985, "elapsed_seconds": 1732.3921484723687, "tokens_seen": 161800192, "tokens_per_second": 102298.98542553488, "peak_memory_mib": 5512.49169921875}
{"step": 20000, "train_loss": 4.2437639236450195, "val_loss": 4.278838324546814, "lr": 0.0005048582259385905, "elapsed_seconds": 1752.7626531124115, "tokens_seen": 163848192, "tokens_per_second": 100537.53713300491, "peak_memory_mib": 5512.49169921875}
{"step": 20250, "train_loss": 4.261810779571533, "val_loss": 4.238148856163025, "lr": 0.0004852684428825944, "elapsed_seconds": 1772.7515685167164, "tokens_seen": 165896192, "tokens_per_second": 102456.7640176523, "peak_memory_mib": 5512.49169921875}
{"step": 20500, "train_loss": 4.244536399841309, "val_loss": 4.227917242050171, "lr": 0.00046621001958064374, "elapsed_seconds": 1793.5061796568334, "tokens_seen": 167944192, "tokens_per_second": 98676.88223278742, "peak_memory_mib": 5512.49169921875}
{"step": 20750, "train_loss": 4.026845932006836, "val_loss": 4.181791996955871, "lr": 0.00044769942969347923, "elapsed_seconds": 1814.2916375659406, "tokens_seen": 169992192, "tokens_per_second": 98530.4158195196, "peak_memory_mib": 5512.49169921875}
{"step": 21000, "train_loss": 4.304073333740234, "val_loss": 4.217033410072327, "lr": 0.00042975267334729506, "elapsed_seconds": 1835.1386578772217, "tokens_seen": 172040192, "tokens_per_second": 98239.46126124241, "peak_memory_mib": 5512.49169921875}
{"step": 21250, "train_loss": 4.149049758911133, "val_loss": 4.224935913085938, "lr": 0.0004123852633036014, "elapsed_seconds": 1855.105266256258, "tokens_seen": 174088192, "tokens_per_second": 102571.22481778101, "peak_memory_mib": 5512.49169921875}
{"step": 21500, "train_loss": 4.034623146057129, "val_loss": 4.1900815725326535, "lr": 0.0003956122115503499, "elapsed_seconds": 1875.093414913863, "tokens_seen": 176136192, "tokens_per_second": 102460.74567181888, "peak_memory_mib": 5512.49169921875}
{"step": 21750, "train_loss": 4.213766098022461, "val_loss": 4.2081550598144535, "lr": 0.0003794480163259199, "elapsed_seconds": 1895.0950910896063, "tokens_seen": 178184192, "tokens_per_second": 102391.41911892887, "peak_memory_mib": 5512.49169921875}
{"step": 22000, "train_loss": 4.0865068435668945, "val_loss": 4.20171332359314, "lr": 0.000363906649587175, "elapsed_seconds": 1915.1134679690003, "tokens_seen": 180232192, "tokens_per_second": 102306.00239673082, "peak_memory_mib": 5512.49169921875}
{"step": 22250, "train_loss": 4.199459075927734, "val_loss": 4.222694945335388, "lr": 0.0003490015449324267, "elapsed_seconds": 1935.11607417278, "tokens_seen": 182280192, "tokens_per_second": 102386.65672626252, "peak_memory_mib": 5512.49169921875}
{"step": 22500, "train_loss": 4.150355339050293, "val_loss": 4.1651980638504025, "lr": 0.00033474558598974296, "elapsed_seconds": 1955.1160014048219, "tokens_seen": 184328192, "tokens_per_second": 102400.3671468547, "peak_memory_mib": 5512.49169921875}
{"step": 22750, "train_loss": 4.232771396636963, "val_loss": 4.209486198425293, "lr": 0.0003211510952806368, "elapsed_seconds": 1975.7718657441437, "tokens_seen": 186376192, "tokens_per_second": 99148.60701810804, "peak_memory_mib": 5512.49169921875}
{"step": 23000, "train_loss": 4.3226823806762695, "val_loss": 4.193990564346313, "lr": 0.0003082298235687646, "elapsed_seconds": 1995.768465705216, "tokens_seen": 188424192, "tokens_per_second": 102417.40455757102, "peak_memory_mib": 5512.49169921875}
{"step": 23250, "train_loss": 4.0161285400390625, "val_loss": 4.197438883781433, "lr": 0.00029599293970283613, "elapsed_seconds": 2015.8904447834939, "tokens_seen": 190472192, "tokens_per_second": 101779.25602242879, "peak_memory_mib": 5512.49169921875}
{"step": 23500, "train_loss": 4.190032005310059, "val_loss": 4.183535957336426, "lr": 0.000284451020962521, "elapsed_seconds": 2035.920500278473, "tokens_seen": 192520192, "tokens_per_second": 102246.34642009734, "peak_memory_mib": 5512.49169921875}
{"step": 23750, "train_loss": 4.167420387268066, "val_loss": 4.155722141265869, "lr": 0.00027361404391569203, "elapsed_seconds": 2055.950201669708, "tokens_seen": 194568192, "tokens_per_second": 102248.14826423516, "peak_memory_mib": 5512.49169921875}
{"step": 24000, "train_loss": 4.195679187774658, "val_loss": 4.173369836807251, "lr": 0.00026349137579491, "elapsed_seconds": 2077.2365378085524, "tokens_seen": 196616192, "tokens_per_second": 96211.96085069276, "peak_memory_mib": 5512.49169921875}
{"step": 24250, "train_loss": 4.203567981719971, "val_loss": 4.147365999221802, "lr": 0.00025409176640060543, "elapsed_seconds": 2097.2548537235707, "tokens_seen": 198664192, "tokens_per_second": 102306.29673256444, "peak_memory_mib": 5512.49169921875}
{"step": 24500, "train_loss": 4.200640678405762, "val_loss": 4.1682026267051695, "lr": 0.0002454233405379525, "elapsed_seconds": 2118.024107320234, "tokens_seen": 200712192, "tokens_per_second": 98607.29729495944, "peak_memory_mib": 5512.49169921875}
{"step": 24750, "train_loss": 4.248456001281738, "val_loss": 4.1731596946716305, "lr": 0.0002374935909939747, "elapsed_seconds": 2138.0620432198048, "tokens_seen": 202760192, "tokens_per_second": 102206.14989010585, "peak_memory_mib": 5512.49169921875}
{"step": 25000, "train_loss": 4.167234897613525, "val_loss": 4.154793119430542, "lr": 0.00023030937206095398, "elapsed_seconds": 2158.116819281131, "tokens_seen": 204808192, "tokens_per_second": 102120.3062010569, "peak_memory_mib": 5512.49169921875}
{"step": 25250, "train_loss": 4.12832498550415, "val_loss": 4.166698908805847, "lr": 0.00022387689361173837, "elapsed_seconds": 2178.6710756607354, "tokens_seen": 206856192, "tokens_per_second": 99638.7290837615, "peak_memory_mib": 5512.49169921875}
{"step": 25500, "train_loss": 4.1546735763549805, "val_loss": 4.187722563743591, "lr": 0.00021820171573207095, "elapsed_seconds": 2198.794111793861, "tokens_seen": 208904192, "tokens_per_second": 101773.91229388994, "peak_memory_mib": 5512.49169921875}
{"step": 25750, "train_loss": 4.116302490234375, "val_loss": 4.155409240722657, "lr": 0.00021328874391458077, "elapsed_seconds": 2218.8095160350204, "tokens_seen": 210952192, "tokens_per_second": 102321.18649050016, "peak_memory_mib": 5512.49169921875}
{"step": 26000, "train_loss": 4.260148525238037, "val_loss": 4.097473526000977, "lr": 0.00020914222481858839, "elapsed_seconds": 2238.8386411163956, "tokens_seen": 213000192, "tokens_per_second": 102251.10249155616, "peak_memory_mib": 5512.49169921875}
{"step": 26250, "train_loss": 3.9152965545654297, "val_loss": 4.158741927146911, "lr": 0.00020576574259939138, "elapsed_seconds": 2259.6171109117568, "tokens_seen": 215048192, "tokens_per_second": 98563.5610025871, "peak_memory_mib": 5512.49169921875}
{"step": 26500, "train_loss": 4.172611713409424, "val_loss": 4.111546468734741, "lr": 0.00020316221581020315, "elapsed_seconds": 2279.656546100974, "tokens_seen": 217096192, "tokens_per_second": 102198.49028301938, "peak_memory_mib": 5512.49169921875}
{"step": 26750, "train_loss": 4.138550281524658, "val_loss": 4.153534865379333, "lr": 0.0002013338948794234, "elapsed_seconds": 2299.9666333943605, "tokens_seen": 219144192, "tokens_per_second": 100836.59074357002, "peak_memory_mib": 5512.49169921875}
{"step": 27000, "train_loss": 4.108908653259277, "val_loss": 4.133774280548096, "lr": 0.00020028236016542003, "elapsed_seconds": 2320.0063642561436, "tokens_seen": 221192192, "tokens_per_second": 102196.9824804508, "peak_memory_mib": 5512.49169921875}
{"step": 27212, "train_loss": 4.122704029083252, "val_loss": 4.118849098682404, "lr": 0.00020000000622396195, "elapsed_seconds": 2337.3726385198534, "tokens_seen": 222928896, "tokens_per_second": 100004.39070916815, "peak_memory_mib": 5512.49169921875}
{
  "steps": 27213,
  "best_val_loss": 4.097473526000977,
  "elapsed_seconds": 2337.8046215437353,
  "tokens_seen": 222928896,
  "parameter_count": 28840448,
  "peak_memory_mib": 5512.49169921875
}
[2026-09-27T00:09:13+08:00] all remaining experiments complete
