[2026-09-26T12:57:53+08:00] GPU pilot
[2026-09-26T13:12:41+08:00] GPU pilot
/root/autodl-tmp/Stanford-CS336/assignments/spring2026/assignment1-basics/.venv/lib/python3.12/site-packages/torch/_inductor/compile_fx.py:322: UserWarning: TensorFloat32 tensor cores for float32 matrix multiplication available but not enabled. Consider setting `torch.set_float32_matmul_precision('high')` for better performance.
  warnings.warn(
{"step": 0, "train_loss": 9.263228416442871, "val_loss": 9.257105350494385, "lr": 0.0, "elapsed_seconds": 28.725817743688822, "tokens_seen": 8192, "tokens_per_second": 285.1789613672899, "peak_memory_mib": 2488.59716796875}
{"step": 20, "train_loss": 8.616290092468262, "val_loss": 8.545263242721557, "lr": 5.9999999999999995e-05, "elapsed_seconds": 30.414151839911938, "tokens_seen": 172032, "tokens_per_second": 97042.40293239093, "peak_memory_mib": 2671.44482421875}
{"step": 40, "train_loss": 7.264618873596191, "val_loss": 7.228322219848633, "lr": 0.00011999999999999999, "elapsed_seconds": 32.05483418516815, "tokens_seen": 335872, "tokens_per_second": 99860.94546966368, "peak_memory_mib": 2671.44482421875}
{"step": 60, "train_loss": 5.757718563079834, "val_loss": 5.776733779907227, "lr": 0.00017999999999999998, "elapsed_seconds": 33.72451404668391, "tokens_seen": 499712, "tokens_per_second": 98126.59953836296, "peak_memory_mib": 2671.44482421875}
{"step": 80, "train_loss": 4.91007661819458, "val_loss": 4.810696363449097, "lr": 0.00023999999999999998, "elapsed_seconds": 35.31949889846146, "tokens_seen": 663552, "tokens_per_second": 102721.97224026216, "peak_memory_mib": 2671.44482421875}
{"step": 99, "train_loss": 4.303183555603027, "val_loss": 4.271365594863892, "lr": 0.00029699999999999996, "elapsed_seconds": 36.82251478917897, "tokens_seen": 819200, "tokens_per_second": 103556.48420154241, "peak_memory_mib": 2671.44482421875}
{
  "steps": 100,
  "best_val_loss": 4.271365594863892,
  "elapsed_seconds": 36.823249919340014,
  "tokens_seen": 819200,
  "parameter_count": 22696448,
  "peak_memory_mib": 2671.44482421875
}
[2026-09-26T13:13:31+08:00] LR and batch tuning
{"run": 0, "name": "lr-1e-4", "overrides": {"max_lr": 0.0001, "min_lr": 1e-05}}
{"step": 0, "train_loss": 9.263228416442871, "val_loss": 9.257105350494385, "lr": 0.0, "elapsed_seconds": 12.377453504130244, "tokens_seen": 8192, "tokens_per_second": 661.8483996384726, "peak_memory_mib": 2491.22216796875}
{"step": 100, "train_loss": 5.857159614562988, "val_loss": 5.788219666481018, "lr": 0.0001, "elapsed_seconds": 17.617463290691376, "tokens_seen": 827392, "tokens_per_second": 156335.61700051208, "peak_memory_mib": 2673.96044921875}
{"step": 200, "train_loss": 4.154632568359375, "val_loss": 4.132383894920349, "lr": 9.824439530424888e-05, "elapsed_seconds": 23.038575982674956, "tokens_seen": 1646592, "tokens_per_second": 151112.79763432482, "peak_memory_mib": 2673.96044921875}
{"step": 300, "train_loss": 3.819159984588623, "val_loss": 3.6996729612350463, "lr": 9.311456556578408e-05, "elapsed_seconds": 28.227359283715487, "tokens_seen": 2465792, "tokens_per_second": 157879.07487708848, "peak_memory_mib": 2673.96044921875}
{"step": 400, "train_loss": 3.417112350463867, "val_loss": 3.4324135422706603, "lr": 8.50107753702613e-05, "elapsed_seconds": 33.00878147594631, "tokens_seen": 3284992, "tokens_per_second": 171329.84490852754, "peak_memory_mib": 2673.96044921875}
{"step": 500, "train_loss": 3.225389003753662, "val_loss": 3.2566412329673766, "lr": 7.45653381452646e-05, "elapsed_seconds": 37.880339531227946, "tokens_seen": 4104192, "tokens_per_second": 168159.69283374524, "peak_memory_mib": 2673.96044921875}
{"step": 600, "train_loss": 3.2535462379455566, "val_loss": 3.2054883360862734, "lr": 6.259327871929968e-05, "elapsed_seconds": 42.705932684242725, "tokens_seen": 4923392, "tokens_per_second": 169761.57770860227, "peak_memory_mib": 2673.96044921875}
{"step": 700, "train_loss": 3.1526377201080322, "val_loss": 3.135309433937073, "lr": 5.0028739481079204e-05, "elapsed_seconds": 47.390285747125745, "tokens_seen": 5742592, "tokens_per_second": 174880.06971951682, "peak_memory_mib": 2673.96044921875}
{"step": 800, "train_loss": 2.9517030715942383, "val_loss": 3.0521583795547484, "lr": 3.7852092167784055e-05, "elapsed_seconds": 52.05657809227705, "tokens_seen": 6561792, "tokens_per_second": 175556.949524448, "peak_memory_mib": 2673.96044921875}
{"step": 900, "train_loss": 2.9736530780792236, "val_loss": 3.077083337306976, "lr": 2.7013442521713155e-05, "elapsed_seconds": 57.00826817564666, "tokens_seen": 7380992, "tokens_per_second": 165438.3273275329, "peak_memory_mib": 2673.96044921875}
{"step": 1000, "train_loss": 3.0649514198303223, "val_loss": 2.9956308007240295, "lr": 1.8358496507944004e-05, "elapsed_seconds": 62.11213239841163, "tokens_seen": 8200192, "tokens_per_second": 160505.95458108484, "peak_memory_mib": 2673.96044921875}
{"step": 1100, "train_loss": 2.9206652641296387, "val_loss": 3.0009117484092713, "lr": 1.256257252039864e-05, "elapsed_seconds": 66.7861332129687, "tokens_seen": 9019392, "tokens_per_second": 175267.40263848208, "peak_memory_mib": 2674.02294921875}
{"step": 1200, "train_loss": 2.9489452838897705, "val_loss": 2.9585099101066588, "lr": 1.0077908397688202e-05, "elapsed_seconds": 71.46544511429965, "tokens_seen": 9838592, "tokens_per_second": 175068.4566196074, "peak_memory_mib": 2674.02294921875}
{"step": 1220, "train_loss": 3.0829508304595947, "val_loss": 2.993838942050934, "lr": 1.000017671391725e-05, "elapsed_seconds": 72.91387235373259, "tokens_seen": 10002432, "tokens_per_second": 113115.71313655442, "peak_memory_mib": 2674.02294921875}
{"run": 1, "name": "lr-2e-4", "overrides": {"max_lr": 0.0002, "min_lr": 2e-05}}
{"step": 0, "train_loss": 9.263228416442871, "val_loss": 9.257105350494385, "lr": 0.0, "elapsed_seconds": 0.5602446720004082, "tokens_seen": 8192, "tokens_per_second": 14622.126298340818, "peak_memory_mib": 2499.90966796875}
{"step": 100, "train_loss": 4.785366058349609, "val_loss": 4.701328945159912, "lr": 0.0002, "elapsed_seconds": 5.796549065038562, "tokens_seen": 827392, "tokens_per_second": 156446.2081617196, "peak_memory_mib": 2673.64794921875}
{"step": 200, "train_loss": 3.618856430053711, "val_loss": 3.6033275008201597, "lr": 0.00019648879060849776, "elapsed_seconds": 11.18416852876544, "tokens_seen": 1646592, "tokens_per_second": 152052.19694896776, "peak_memory_mib": 2673.64794921875}
{"step": 300, "train_loss": 3.404411554336548, "val_loss": 3.2814309120178224, "lr": 0.00018622913113156816, "elapsed_seconds": 16.436538519337773, "tokens_seen": 2465792, "tokens_per_second": 155967.81722827093, "peak_memory_mib": 2673.75732421875}
{"step": 400, "train_loss": 3.0373237133026123, "val_loss": 3.0516632318496706, "lr": 0.0001700215507405226, "elapsed_seconds": 21.695131523534656, "tokens_seen": 3284992, "tokens_per_second": 155783.13510989136, "peak_memory_mib": 2673.75732421875}
{"step": 500, "train_loss": 2.8730762004852295, "val_loss": 2.9007614970207216, "lr": 0.0001491306762905292, "elapsed_seconds": 26.531078236177564, "tokens_seen": 4104192, "tokens_per_second": 169398.05871484848, "peak_memory_mib": 2673.88232421875}
{"step": 600, "train_loss": 2.914710521697998, "val_loss": 2.861885869503021, "lr": 0.00012518655743859935, "elapsed_seconds": 31.345806231722236, "tokens_seen": 4923392, "tokens_per_second": 170144.60632546883, "peak_memory_mib": 2673.94482421875}
{"step": 700, "train_loss": 2.819209337234497, "val_loss": 2.7965399980545045, "lr": 0.00010005747896215841, "elapsed_seconds": 36.16004032455385, "tokens_seen": 5742592, "tokens_per_second": 170162.06847896977, "peak_memory_mib": 2673.94482421875}
{"step": 800, "train_loss": 2.620593547821045, "val_loss": 2.717419755458832, "lr": 7.570418433556811e-05, "elapsed_seconds": 40.94886374473572, "tokens_seen": 6561792, "tokens_per_second": 171064.9106431741, "peak_memory_mib": 2673.94482421875}
{"step": 900, "train_loss": 2.6349902153015137, "val_loss": 2.7410994172096252, "lr": 5.402688504342631e-05, "elapsed_seconds": 45.88125195540488, "tokens_seen": 7380992, "tokens_per_second": 166085.88997931418, "peak_memory_mib": 2673.94482421875}
{"step": 1000, "train_loss": 2.7355093955993652, "val_loss": 2.660218858718872, "lr": 3.671699301588801e-05, "elapsed_seconds": 50.95172720402479, "tokens_seen": 8200192, "tokens_per_second": 161562.71268712252, "peak_memory_mib": 2673.94482421875}
{"step": 1100, "train_loss": 2.5754127502441406, "val_loss": 2.665465068817139, "lr": 2.512514504079728e-05, "elapsed_seconds": 55.94691330380738, "tokens_seen": 9019392, "tokens_per_second": 163997.86717562715, "peak_memory_mib": 2673.94482421875}
{"step": 1200, "train_loss": 2.610442638397217, "val_loss": 2.6194472670555116, "lr": 2.0155816795376404e-05, "elapsed_seconds": 60.71190549992025, "tokens_seen": 9838592, "tokens_per_second": 171920.65147712332, "peak_memory_mib": 2673.94482421875}
{"step": 1220, "train_loss": 2.7643232345581055, "val_loss": 2.661807107925415, "lr": 2.00003534278345e-05, "elapsed_seconds": 62.04463969357312, "tokens_seen": 10002432, "tokens_per_second": 122935.29720432857, "peak_memory_mib": 2673.94482421875}
{"run": 2, "name": "lr-3e-4", "overrides": {"max_lr": 0.0003, "min_lr": 3e-05}}
{"step": 0, "train_loss": 9.263228416442871, "val_loss": 9.257105350494385, "lr": 0.0, "elapsed_seconds": 0.5174114219844341, "tokens_seen": 8192, "tokens_per_second": 15832.61706415877, "peak_memory_mib": 2499.90966796875}
{"step": 100, "train_loss": 4.337271213531494, "val_loss": 4.262529349327087, "lr": 0.0003, "elapsed_seconds": 5.292447714135051, "tokens_seen": 827392, "tokens_per_second": 171558.91399818484, "peak_memory_mib": 2673.64794921875}
{"step": 200, "train_loss": 3.389402389526367, "val_loss": 3.380684995651245, "lr": 0.0002947331859127466, "elapsed_seconds": 10.049898678436875, "tokens_seen": 1646592, "tokens_per_second": 172193.0327185384, "peak_memory_mib": 2673.64794921875}
{"step": 300, "train_loss": 3.209630012512207, "val_loss": 3.0896202683448792, "lr": 0.0002793436966973522, "elapsed_seconds": 14.812387781217694, "tokens_seen": 2465792, "tokens_per_second": 172010.8839961554, "peak_memory_mib": 2673.75732421875}
{"step": 400, "train_loss": 2.8538639545440674, "val_loss": 2.8730358481407166, "lr": 0.00025503232611078386, "elapsed_seconds": 19.580215526744723, "tokens_seen": 3284992, "tokens_per_second": 171818.2989254518, "peak_memory_mib": 2673.75732421875}
{"step": 500, "train_loss": 2.703303813934326, "val_loss": 2.731123077869415, "lr": 0.00022369601443579374, "elapsed_seconds": 24.330219723284245, "tokens_seen": 4104192, "tokens_per_second": 172463.0097197646, "peak_memory_mib": 2673.88232421875}
{"step": 600, "train_loss": 2.7427830696105957, "val_loss": 2.696691465377808, "lr": 0.00018777983615789898, "elapsed_seconds": 29.07970855012536, "tokens_seen": 4923392, "tokens_per_second": 172481.7024028477, "peak_memory_mib": 2673.94482421875}
{"step": 700, "train_loss": 2.658050537109375, "val_loss": 2.629909896850586, "lr": 0.00015008621844323758, "elapsed_seconds": 33.83675314113498, "tokens_seen": 5742592, "tokens_per_second": 172207.65124285768, "peak_memory_mib": 2673.94482421875}
{"step": 800, "train_loss": 2.450624942779541, "val_loss": 2.551938557624817, "lr": 0.00011355627650335215, "elapsed_seconds": 38.602062344551086, "tokens_seen": 6561792, "tokens_per_second": 171909.22040319396, "peak_memory_mib": 2673.94482421875}
{"step": 900, "train_loss": 2.473437786102295, "val_loss": 2.5715108036994936, "lr": 8.104032756513945e-05, "elapsed_seconds": 43.380977695807815, "tokens_seen": 7380992, "tokens_per_second": 171419.54314819144, "peak_memory_mib": 2673.94482421875}
{"step": 1000, "train_loss": 2.563408851623535, "val_loss": 2.4934808254241942, "lr": 5.5075489523832e-05, "elapsed_seconds": 48.4064024258405, "tokens_seen": 8200192, "tokens_per_second": 163011.1844354244, "peak_memory_mib": 2673.94482421875}
{"step": 1100, "train_loss": 2.4006271362304688, "val_loss": 2.495141017436981, "lr": 3.768771756119591e-05, "elapsed_seconds": 53.231956800445914, "tokens_seen": 9019392, "tokens_per_second": 169762.88668213625, "peak_memory_mib": 2673.94482421875}
{"step": 1200, "train_loss": 2.438535213470459, "val_loss": 2.449356961250305, "lr": 3.0233725193064602e-05, "elapsed_seconds": 58.45875399000943, "tokens_seen": 9838592, "tokens_per_second": 156730.6159341514, "peak_memory_mib": 2673.94482421875}
{"step": 1220, "train_loss": 2.6128180027008057, "val_loss": 2.490690767765045, "lr": 3.0000530141751747e-05, "elapsed_seconds": 59.886268289759755, "tokens_seen": 10002432, "tokens_per_second": 114773.39898559812, "peak_memory_mib": 2673.94482421875}
{"run": 3, "name": "lr-5e-4", "overrides": {"max_lr": 0.0005, "min_lr": 5e-05}}
{"step": 0, "train_loss": 9.263228416442871, "val_loss": 9.257105350494385, "lr": 0.0, "elapsed_seconds": 0.5194977167993784, "tokens_seen": 8192, "tokens_per_second": 15769.025215939242, "peak_memory_mib": 2499.90966796875}
{"step": 100, "train_loss": 3.951791763305664, "val_loss": 3.879335308074951, "lr": 0.0005, "elapsed_seconds": 5.3079078905284405, "tokens_seen": 827392, "tokens_per_second": 171079.71343920464, "peak_memory_mib": 2673.64794921875}
{"step": 200, "train_loss": 3.1456098556518555, "val_loss": 3.150874900817871, "lr": 0.0004912219765212443, "elapsed_seconds": 10.5304762609303, "tokens_seen": 1646592, "tokens_per_second": 156857.7112720099, "peak_memory_mib": 2673.64794921875}
{"step": 300, "train_loss": 3.0125627517700195, "val_loss": 2.888041090965271, "lr": 0.0004655728278289204, "elapsed_seconds": 15.760704910382628, "tokens_seen": 2465792, "tokens_per_second": 156627.805613272, "peak_memory_mib": 2673.75732421875}
{"step": 400, "train_loss": 2.672471523284912, "val_loss": 2.687209224700928, "lr": 0.0004250538768513065, "elapsed_seconds": 20.89117273502052, "tokens_seen": 3284992, "tokens_per_second": 159673.69167705072, "peak_memory_mib": 2673.75732421875}
{"step": 500, "train_loss": 2.531092643737793, "val_loss": 2.558879852294922, "lr": 0.000372826690726323, "elapsed_seconds": 25.714750848710537, "tokens_seen": 4104192, "tokens_per_second": 169832.4429986381, "peak_memory_mib": 2673.88232421875}
{"step": 600, "train_loss": 2.55812931060791, "val_loss": 2.5195974946022033, "lr": 0.00031296639359649836, "elapsed_seconds": 30.470005370676517, "tokens_seen": 4923392, "tokens_per_second": 172272.59882008962, "peak_memory_mib": 2673.94482421875}
{"step": 700, "train_loss": 2.4753317832946777, "val_loss": 2.453779911994934, "lr": 0.000250143697405396, "elapsed_seconds": 35.22297220490873, "tokens_seen": 5742592, "tokens_per_second": 172355.4723916582, "peak_memory_mib": 2673.94482421875}
{"step": 800, "train_loss": 2.257573366165161, "val_loss": 2.371796023845673, "lr": 0.00018926046083892026, "elapsed_seconds": 39.96109772473574, "tokens_seen": 6561792, "tokens_per_second": 172895.32902360626, "peak_memory_mib": 2673.94482421875}
{"step": 900, "train_loss": 2.289598226547241, "val_loss": 2.384971630573273, "lr": 0.00013506721260856576, "elapsed_seconds": 44.72241003252566, "tokens_seen": 7380992, "tokens_per_second": 172053.43778924295, "peak_memory_mib": 2673.94482421875}
{"step": 1000, "train_loss": 2.368457317352295, "val_loss": 2.3041996002197265, "lr": 9.179248253972e-05, "elapsed_seconds": 49.66989845596254, "tokens_seen": 8200192, "tokens_per_second": 165578.97737173096, "peak_memory_mib": 2673.94482421875}
{"step": 1100, "train_loss": 2.2022171020507812, "val_loss": 2.304169070720673, "lr": 6.281286260199319e-05, "elapsed_seconds": 54.6209822781384, "tokens_seen": 9019392, "tokens_per_second": 165458.74717149654, "peak_memory_mib": 2673.94482421875}
{"step": 1200, "train_loss": 2.2439305782318115, "val_loss": 2.2560592770576475, "lr": 5.0389541988441006e-05, "elapsed_seconds": 59.39266268722713, "tokens_seen": 9838592, "tokens_per_second": 171679.5103144443, "peak_memory_mib": 2673.94482421875}
{"step": 1220, "train_loss": 2.4264771938323975, "val_loss": 2.2949793696403504, "lr": 5.0000883569586246e-05, "elapsed_seconds": 60.717819375917315, "tokens_seen": 10002432, "tokens_per_second": 123638.32571312212, "peak_memory_mib": 2673.94482421875}
{"run": 4, "name": "lr-1e-3", "overrides": {"max_lr": 0.001, "min_lr": 0.0001}}
{"step": 0, "train_loss": 9.263228416442871, "val_loss": 9.257105350494385, "lr": 0.0, "elapsed_seconds": 0.5154072139412165, "tokens_seen": 8192, "tokens_per_second": 15894.170543940143, "peak_memory_mib": 2499.90966796875}
{"step": 100, "train_loss": 3.6109061241149902, "val_loss": 3.5566203713417055, "lr": 0.001, "elapsed_seconds": 5.263515608385205, "tokens_seen": 827392, "tokens_per_second": 172531.862417394, "peak_memory_mib": 2673.64794921875}
{"step": 200, "train_loss": 2.933195114135742, "val_loss": 2.929529368877411, "lr": 0.0009824439530424886, "elapsed_seconds": 10.191981196403503, "tokens_seen": 1646592, "tokens_per_second": 166218.06987022786, "peak_memory_mib": 2673.64794921875}
{"step": 300, "train_loss": 2.8208608627319336, "val_loss": 2.7014610290527346, "lr": 0.0009311456556578408, "elapsed_seconds": 15.11245840974152, "tokens_seen": 2465792, "tokens_per_second": 166487.92802228953, "peak_memory_mib": 2673.75732421875}
{"step": 400, "train_loss": 2.5079562664031982, "val_loss": 2.519181478023529, "lr": 0.000850107753702613, "elapsed_seconds": 19.860331803560257, "tokens_seen": 3284992, "tokens_per_second": 172540.40062858668, "peak_memory_mib": 2673.75732421875}
{"step": 500, "train_loss": 2.366459846496582, "val_loss": 2.3970213532447815, "lr": 0.000745653381452646, "elapsed_seconds": 24.62112926878035, "tokens_seen": 4104192, "tokens_per_second": 172072.00705027662, "peak_memory_mib": 2673.88232421875}
{"step": 600, "train_loss": 2.3817687034606934, "val_loss": 2.350578188896179, "lr": 0.0006259327871929967, "elapsed_seconds": 29.37990673072636, "tokens_seen": 4923392, "tokens_per_second": 172145.05481817535, "peak_memory_mib": 2673.94482421875}
{"step": 700, "train_loss": 2.299166202545166, "val_loss": 2.2787033557891845, "lr": 0.000500287394810792, "elapsed_seconds": 34.109642228111625, "tokens_seen": 5742592, "tokens_per_second": 173202.04919769822, "peak_memory_mib": 2673.94482421875}
{"step": 800, "train_loss": 2.076235294342041, "val_loss": 2.1888311862945558, "lr": 0.0003785209216778405, "elapsed_seconds": 38.82190199568868, "tokens_seen": 6561792, "tokens_per_second": 173844.4184614042, "peak_memory_mib": 2673.94482421875}
{"step": 900, "train_loss": 2.1020216941833496, "val_loss": 2.19021360874176, "lr": 0.0002701344252171315, "elapsed_seconds": 43.55223210155964, "tokens_seen": 7380992, "tokens_per_second": 173180.30605660923, "peak_memory_mib": 2673.94482421875}
{"step": 1000, "train_loss": 2.17399525642395, "val_loss": 2.1022490561008453, "lr": 0.00018358496507944, "elapsed_seconds": 48.26612516120076, "tokens_seen": 8200192, "tokens_per_second": 173784.183604976, "peak_memory_mib": 2673.94482421875}
{"step": 1100, "train_loss": 1.9922866821289062, "val_loss": 2.095713514089584, "lr": 0.00012562572520398639, "elapsed_seconds": 52.98555382527411, "tokens_seen": 9019392, "tokens_per_second": 173580.30702497653, "peak_memory_mib": 2673.94482421875}
{"step": 1200, "train_loss": 2.0313823223114014, "val_loss": 2.0470266699790955, "lr": 0.00010077908397688201, "elapsed_seconds": 57.727894274517894, "tokens_seen": 9838592, "tokens_per_second": 172741.6504526763, "peak_memory_mib": 2673.94482421875}
{"step": 1220, "train_loss": 2.211771011352539, "val_loss": 2.083299994468689, "lr": 0.00010000176713917249, "elapsed_seconds": 59.04708149470389, "tokens_seen": 10002432, "tokens_per_second": 124197.88404805974, "peak_memory_mib": 2673.94482421875}
{"run": 5, "name": "batch-8", "overrides": {"batch_size": 8, "max_steps": 4883, "max_lr": 0.00015, "min_lr": 1.5e-05}}
/root/autodl-tmp/Stanford-CS336/assignments/spring2026/assignment1-basics/.venv/lib/python3.12/site-packages/torch/_inductor/compile_fx.py:322: UserWarning: TensorFloat32 tensor cores for float32 matrix multiplication available but not enabled. Consider setting `torch.set_float32_matmul_precision('high')` for better performance.
  warnings.warn(
{"step": 0, "train_loss": 9.249456405639648, "val_loss": 9.262427568435669, "lr": 0.0, "elapsed_seconds": 29.697102030739188, "tokens_seen": 2048, "tokens_per_second": 68.96294236552853, "peak_memory_mib": 733.44873046875}
{"step": 100, "train_loss": 5.3974432945251465, "val_loss": 5.2921143770217896, "lr": 0.00015, "elapsed_seconds": 32.961628802120686, "tokens_seen": 206848, "tokens_per_second": 62735.06859912203, "peak_memory_mib": 918.04638671875}
{"step": 200, "train_loss": 4.272217750549316, "val_loss": 4.041277277469635, "lr": 0.00014985444852209242, "elapsed_seconds": 36.22899224050343, "tokens_seen": 411648, "tokens_per_second": 62680.492413926644, "peak_memory_mib": 918.04638671875}
{"step": 300, "train_loss": 3.7172207832336426, "val_loss": 3.759663534164429, "lr": 0.00014941842179896895, "elapsed_seconds": 39.52088823914528, "tokens_seen": 616448, "tokens_per_second": 62213.39943877238, "peak_memory_mib": 918.04638671875}
{"step": 400, "train_loss": 3.5505378246307373, "val_loss": 3.5308702111244203, "lr": 0.00014869380025533932, "elapsed_seconds": 42.81065525300801, "tokens_seen": 821248, "tokens_per_second": 62253.6550841185, "peak_memory_mib": 918.04638671875}
{"step": 500, "train_loss": 3.316819667816162, "val_loss": 3.3725279450416563, "lr": 0.0001476837089204362, "elapsed_seconds": 46.094866247847676, "tokens_seen": 1026048, "tokens_per_second": 62358.955949158466, "peak_memory_mib": 918.04638671875}
{"step": 600, "train_loss": 3.4886598587036133, "val_loss": 3.332142448425293, "lr": 0.00014639250395090004, "elapsed_seconds": 49.37712328322232, "tokens_seen": 1230848, "tokens_per_second": 62396.09250302726, "peak_memory_mib": 918.17138671875}
{"step": 700, "train_loss": 3.3660335540771484, "val_loss": 3.2249086141586303, "lr": 0.00014482575384425965, "elapsed_seconds": 52.65661035850644, "tokens_seen": 1435648, "tokens_per_second": 62448.791199512474, "peak_memory_mib": 918.17138671875}
{"step": 800, "train_loss": 2.9121193885803223, "val_loss": 3.109428596496582, "lr": 0.00014299021542402713, "elapsed_seconds": 55.868320195004344, "tokens_seen": 1640448, "tokens_per_second": 63766.65563086991, "peak_memory_mib": 918.17138671875}
{"step": 900, "train_loss": 3.2711052894592285, "val_loss": 3.0939551472663878, "lr": 0.00014089380469997498, "elapsed_seconds": 58.67337748222053, "tokens_seen": 1845248, "tokens_per_second": 73010.97714282626, "peak_memory_mib": 918.17138671875}
{"step": 1000, "train_loss": 3.1025636196136475, "val_loss": 3.000144052505493, "lr": 0.0001385455627292643, "elapsed_seconds": 61.54770476743579, "tokens_seen": 2050048, "tokens_per_second": 71251.46182547694, "peak_memory_mib": 918.17138671875}
{"step": 1100, "train_loss": 2.7456624507904053, "val_loss": 2.9839080810546874, "lr": 0.0001359556166256527, "elapsed_seconds": 64.86184422671795, "tokens_seen": 2254848, "tokens_per_second": 61795.82697738781, "peak_memory_mib": 918.17138671875}
{"step": 1200, "train_loss": 3.572465181350708, "val_loss": 2.9514432549476624, "lr": 0.00013313513588493524, "elapsed_seconds": 68.15160801634192, "tokens_seen": 2459648, "tokens_per_second": 62253.71359523428, "peak_memory_mib": 918.17138671875}
{"step": 1300, "train_loss": 2.6273996829986572, "val_loss": 2.883049714565277, "lr": 0.0001300962842149703, "elapsed_seconds": 71.4838173147291, "tokens_seen": 2664448, "tokens_per_second": 61460.704896823474, "peak_memory_mib": 918.17138671875}
{"step": 1400, "train_loss": 2.8711583614349365, "val_loss": 2.8806825995445253, "lr": 0.00012685216707803066, "elapsed_seconds": 74.77268678694963, "tokens_seen": 2869248, "tokens_per_second": 62270.648795938745, "peak_memory_mib": 918.17138671875}
{"step": 1500, "train_loss": 2.755167007446289, "val_loss": 2.8562623858451843, "lr": 0.00012341677517171, "elapsed_seconds": 78.05576870031655, "tokens_seen": 3074048, "tokens_per_second": 62380.4243681604, "peak_memory_mib": 918.17138671875}
{"step": 1600, "train_loss": 2.636354923248291, "val_loss": 2.772337996959686, "lr": 0.00011980492409213144, "elapsed_seconds": 81.32529216445982, "tokens_seen": 3278848, "tokens_per_second": 62639.097541067356, "peak_memory_mib": 918.17138671875}
{"step": 1700, "train_loss": 2.6499862670898438, "val_loss": 2.7428987860679626, "lr": 0.00011603219043966877, "elapsed_seconds": 84.5827682390809, "tokens_seen": 3483648, "tokens_per_second": 62870.75025560935, "peak_memory_mib": 918.17138671875}
{"step": 1800, "train_loss": 2.5843911170959473, "val_loss": 2.8635220766067504, "lr": 0.0001121148446427329, "elapsed_seconds": 87.81268029101193, "tokens_seen": 3688448, "tokens_per_second": 63407.31145442063, "peak_memory_mib": 918.17138671875}
{"step": 1900, "train_loss": 2.7467539310455322, "val_loss": 2.7746907234191895, "lr": 0.0001080697807893303, "elapsed_seconds": 91.12846932001412, "tokens_seen": 3893248, "tokens_per_second": 61765.08473391302, "peak_memory_mib": 918.17138671875}
{"step": 2000, "train_loss": 2.4983272552490234, "val_loss": 2.7251582980155944, "lr": 0.00010391444376900446, "elapsed_seconds": 94.3328282404691, "tokens_seen": 4098048, "tokens_per_second": 63912.93995762441, "peak_memory_mib": 918.17138671875}
{"step": 2100, "train_loss": 2.8940489292144775, "val_loss": 2.7247607588768004, "lr": 9.966675403937058e-05, "elapsed_seconds": 97.60623188503087, "tokens_seen": 4302848, "tokens_per_second": 62564.84922580187, "peak_memory_mib": 918.17138671875}
{"step": 2200, "train_loss": 2.571150064468384, "val_loss": 2.713452196121216, "lr": 9.534503034169799e-05, "elapsed_seconds": 100.9098946545273, "tokens_seen": 4507648, "tokens_per_second": 61991.754510426545, "peak_memory_mib": 918.17138671875}
{"step": 2300, "train_loss": 2.761610269546509, "val_loss": 2.6270594239234923, "lr": 9.096791069884019e-05, "elapsed_seconds": 104.16640322841704, "tokens_seen": 4712448, "tokens_per_second": 62889.4663726487, "peak_memory_mib": 918.17138671875}
{"step": 2400, "train_loss": 2.780853033065796, "val_loss": 2.6491392731666563, "lr": 8.655427203621926e-05, "elapsed_seconds": 107.41456485725939, "tokens_seen": 4917248, "tokens_per_second": 63051.0759314053, "peak_memory_mib": 918.17138671875}
{"step": 2500, "train_loss": 2.6792659759521484, "val_loss": 2.606001842021942, "lr": 8.212314877251059e-05, "elapsed_seconds": 110.69256546534598, "tokens_seen": 5122048, "tokens_per_second": 62477.09944611532, "peak_memory_mib": 918.17138671875}
{"step": 2600, "train_loss": 2.482654333114624, "val_loss": 2.6310757040977477, "lr": 7.769365073111637e-05, "elapsed_seconds": 113.88591017015278, "tokens_seen": 5326848, "tokens_per_second": 64133.38783818431, "peak_memory_mib": 918.17138671875}
{"step": 2700, "train_loss": 2.563345193862915, "val_loss": 2.585198664665222, "lr": 7.328488072644589e-05, "elapsed_seconds": 117.17695629037917, "tokens_seen": 5531648, "tokens_per_second": 62229.44772445002, "peak_memory_mib": 918.17138671875}
{"step": 2800, "train_loss": 2.5659255981445312, "val_loss": 2.6260847091674804, "lr": 6.89158521804231e-05, "elapsed_seconds": 120.44903797842562, "tokens_seen": 5736448, "tokens_per_second": 62590.124608162994, "peak_memory_mib": 918.17138671875}
{"step": 2900, "train_loss": 2.8554258346557617, "val_loss": 2.601801943778992, "lr": 6.460540712451155e-05, "elapsed_seconds": 123.79701689444482, "tokens_seen": 5941248, "tokens_per_second": 61171.23641936693, "peak_memory_mib": 918.17138671875}
{"step": 3000, "train_loss": 2.3844707012176514, "val_loss": 2.5925820231437684, "lr": 6.0372134940883876e-05, "elapsed_seconds": 127.08676472306252, "tokens_seen": 6146048, "tokens_per_second": 62254.007914864254, "peak_memory_mib": 918.17138671875}
{"step": 3100, "train_loss": 2.6635780334472656, "val_loss": 2.603114402294159, "lr": 5.623429219317602e-05, "elapsed_seconds": 130.32213554531336, "tokens_seen": 6350848, "tokens_per_second": 63300.32124035004, "peak_memory_mib": 918.17138671875}
{"step": 3200, "train_loss": 2.620088577270508, "val_loss": 2.5663755536079407, "lr": 5.220972389256653e-05, "elapsed_seconds": 133.6055179722607, "tokens_seen": 6555648, "tokens_per_second": 62374.700346613194, "peak_memory_mib": 918.17138671875}
{"step": 3300, "train_loss": 2.4701452255249023, "val_loss": 2.594345808029175, "lr": 4.8315786538732305e-05, "elapsed_seconds": 136.88805815018713, "tokens_seen": 6760448, "tokens_per_second": 62390.707207455795, "peak_memory_mib": 918.17138671875}
{"step": 3400, "train_loss": 2.537550449371338, "val_loss": 2.533273661136627, "lr": 4.456927326757647e-05, "elapsed_seconds": 140.25915118306875, "tokens_seen": 6965248, "tokens_per_second": 60751.80562698115, "peak_memory_mib": 918.17138671875}
{"step": 3500, "train_loss": 2.552374839782715, "val_loss": 2.544974172115326, "lr": 4.0986341428539463e-05, "elapsed_seconds": 143.61484716646373, "tokens_seen": 7170048, "tokens_per_second": 61030.554157049846, "peak_memory_mib": 918.17138671875}
{"step": 3600, "train_loss": 2.353788375854492, "val_loss": 2.555063855648041, "lr": 3.75824429038262e-05, "elapsed_seconds": 146.96350223384798, "tokens_seen": 7374848, "tokens_per_second": 61158.89499192582, "peak_memory_mib": 918.17138671875}
{"step": 3700, "train_loss": 2.349487543106079, "val_loss": 2.5082758188247682, "lr": 3.437225747005646e-05, "elapsed_seconds": 150.2344714552164, "tokens_seen": 7579648, "tokens_per_second": 62611.408706902, "peak_memory_mib": 918.17138671875}
{"step": 3800, "train_loss": 2.2907791137695312, "val_loss": 2.5594096183776855, "lr": 3.136962948972637e-05, "elapsed_seconds": 153.52962828427553, "tokens_seen": 7784448, "tokens_per_second": 62151.81788733386, "peak_memory_mib": 918.17138671875}
{"step": 3900, "train_loss": 2.216472864151001, "val_loss": 2.520068109035492, "lr": 2.85875082055068e-05, "elapsed_seconds": 156.82304306328297, "tokens_seen": 7989248, "tokens_per_second": 62184.6995285448, "peak_memory_mib": 918.17138671875}
{"step": 4000, "train_loss": 2.642991542816162, "val_loss": 2.5324328780174254, "lr": 2.60378918948685e-05, "elapsed_seconds": 160.1469088923186, "tokens_seen": 8194048, "tokens_per_second": 61615.00260704637, "peak_memory_mib": 918.17138671875}
{"step": 4100, "train_loss": 2.618239641189575, "val_loss": 2.488600420951843, "lr": 2.3731776125873964e-05, "elapsed_seconds": 163.44011328555644, "tokens_seen": 8398848, "tokens_per_second": 62188.6725036064, "peak_memory_mib": 918.17138671875}
{"step": 4200, "train_loss": 2.510422706604004, "val_loss": 2.560197639465332, "lr": 2.167910633729072e-05, "elapsed_seconds": 166.73379081115127, "tokens_seen": 8603648, "tokens_per_second": 62179.73232685911, "peak_memory_mib": 918.17138671875}
{"step": 4300, "train_loss": 2.6282994747161865, "val_loss": 2.487551724910736, "lr": 1.9888734947530145e-05, "elapsed_seconds": 170.00677412748337, "tokens_seen": 8808448, "tokens_per_second": 62572.8841346692, "peak_memory_mib": 918.17138671875}
{"step": 4400, "train_loss": 2.589658498764038, "val_loss": 2.4826349139213564, "lr": 1.836838317738582e-05, "elapsed_seconds": 173.30990775674582, "tokens_seen": 9013248, "tokens_per_second": 62001.71908766728, "peak_memory_mib": 918.17138671875}
{"step": 4500, "train_loss": 2.3459200859069824, "val_loss": 2.4990344047546387, "lr": 1.7124607751215775e-05, "elapsed_seconds": 176.57977626658976, "tokens_seen": 9218048, "tokens_per_second": 62632.48551139801, "peak_memory_mib": 918.17138671875}
{"step": 4600, "train_loss": 2.449418067932129, "val_loss": 2.4125881671905516, "lr": 1.6162772620174506e-05, "elapsed_seconds": 179.84403241798282, "tokens_seen": 9422848, "tokens_per_second": 62740.191121708274, "peak_memory_mib": 918.17138671875}
{"step": 4700, "train_loss": 2.4271254539489746, "val_loss": 2.476691722869873, "lr": 1.5487025829442063e-05, "elapsed_seconds": 182.9968834631145, "tokens_seen": 9627648, "tokens_per_second": 64957.07685748403, "peak_memory_mib": 918.17138671875}
{"step": 4800, "train_loss": 2.6032819747924805, "val_loss": 2.458772397041321, "lr": 1.5100281629213473e-05, "elapsed_seconds": 186.2418392933905, "tokens_seen": 9832448, "tokens_per_second": 63113.33231556723, "peak_memory_mib": 918.17138671875}
{"step": 4882, "train_loss": 2.4316115379333496, "val_loss": 2.541500651836395, "lr": 1.5000014560381196e-05, "elapsed_seconds": 188.94260244816542, "tokens_seen": 10000384, "tokens_per_second": 62180.95658877932, "peak_memory_mib": 918.17138671875}
{"run": 6, "name": "batch-16", "overrides": {"batch_size": 16, "max_steps": 2442, "max_lr": 0.0002, "min_lr": 2e-05}}
{"step": 0, "train_loss": 9.258320808410645, "val_loss": 9.258959197998047, "lr": 0.0, "elapsed_seconds": 0.293607734143734, "tokens_seen": 4096, "tokens_per_second": 13950.481134267304, "peak_memory_mib": 1322.51904296875}
{"step": 100, "train_loss": 4.886083602905273, "val_loss": 4.776155972480774, "lr": 0.0002, "elapsed_seconds": 3.702443577349186, "tokens_seen": 413696, "tokens_per_second": 120158.32225068493, "peak_memory_mib": 1500.28857421875}
{"step": 200, "train_loss": 3.7895917892456055, "val_loss": 3.755342435836792, "lr": 0.000199191486719282, "elapsed_seconds": 7.149861577898264, "tokens_seen": 823296, "tokens_per_second": 118813.52985131164, "peak_memory_mib": 1500.42919921875}
{"step": 300, "train_loss": 3.508819341659546, "val_loss": 3.4465346455574037, "lr": 0.00019678047340435234, "elapsed_seconds": 10.563075805082917, "tokens_seen": 1232896, "tokens_per_second": 120004.22525835558, "peak_memory_mib": 1500.53857421875}
{"step": 400, "train_loss": 3.1684486865997314, "val_loss": 3.2346898794174193, "lr": 0.0001928102786393246, "elapsed_seconds": 13.945797853171825, "tokens_seen": 1642496, "tokens_per_second": 121085.89145752249, "peak_memory_mib": 1500.67919921875}
{"step": 500, "train_loss": 3.1147730350494385, "val_loss": 3.08065242767334, "lr": 0.00018735223476185563, "elapsed_seconds": 17.33557037450373, "tokens_seen": 2052096, "tokens_per_second": 120834.08460780166, "peak_memory_mib": 1500.92919921875}
{"step": 600, "train_loss": 3.345949172973633, "val_loss": 2.9978271484375, "lr": 0.00018050440623776053, "elapsed_seconds": 20.715340664610267, "tokens_seen": 2461696, "tokens_per_second": 121191.66277744652, "peak_memory_mib": 1500.92919921875}
{"step": 700, "train_loss": 2.888838529586792, "val_loss": 2.8972628831863405, "lr": 0.00017238982774050172, "elapsed_seconds": 24.09493494592607, "tokens_seen": 2871296, "tokens_per_second": 121197.98484219014, "peak_memory_mib": 1500.92919921875}
{"step": 800, "train_loss": 2.7185659408569336, "val_loss": 2.7899273157119753, "lr": 0.00016315429359191168, "elapsed_seconds": 27.48516314662993, "tokens_seen": 3280896, "tokens_per_second": 120817.83530702445, "peak_memory_mib": 1500.92919921875}
{"step": 900, "train_loss": 2.6914210319519043, "val_loss": 2.808844780921936, "lr": 0.00015296373828118284, "elapsed_seconds": 30.9010379742831, "tokens_seen": 3690496, "tokens_per_second": 119910.70699898602, "peak_memory_mib": 1500.92919921875}
{"step": 1000, "train_loss": 2.612590789794922, "val_loss": 2.7190327405929566, "lr": 0.00014200125512624006, "elapsed_seconds": 34.41734533943236, "tokens_seen": 4100096, "tokens_per_second": 116485.77410343637, "peak_memory_mib": 1500.92919921875}
{"step": 1100, "train_loss": 2.603931427001953, "val_loss": 2.7166372179985045, "lr": 0.00013046380664309259, "elapsed_seconds": 37.8635092061013, "tokens_seen": 4509696, "tokens_per_second": 118856.87209446159, "peak_memory_mib": 1500.92919921875}
{"step": 1200, "train_loss": 2.6739795207977295, "val_loss": 2.6524933218955993, "lr": 0.0001185586857278343, "elapsed_seconds": 41.29037269204855, "tokens_seen": 4919296, "tokens_per_second": 119526.17050344117, "peak_memory_mib": 1500.92919921875}
{"step": 1300, "train_loss": 2.492794990539551, "val_loss": 2.667458140850067, "lr": 0.00010649979123309946, "elapsed_seconds": 44.783931424841285, "tokens_seen": 5328896, "tokens_per_second": 117244.34459514312, "peak_memory_mib": 1500.92919921875}
{"step": 1400, "train_loss": 2.52225923538208, "val_loss": 2.6365846276283262, "lr": 9.450378485554961e-05, "elapsed_seconds": 48.22786363773048, "tokens_seen": 5738496, "tokens_per_second": 118933.84786921465, "peak_memory_mib": 1500.92919921875}
{"step": 1500, "train_loss": 2.4928138256073, "val_loss": 2.619891953468323, "lr": 8.278619838344758e-05, "elapsed_seconds": 51.62333862297237, "tokens_seen": 6148096, "tokens_per_second": 120631.13156315681, "peak_memory_mib": 1500.92919921875}
{"step": 1600, "train_loss": 2.472443103790283, "val_loss": 2.5428881525993345, "lr": 7.155756124525239e-05, "elapsed_seconds": 55.030854819342494, "tokens_seen": 6557696, "tokens_per_second": 120204.8621848556, "peak_memory_mib": 1500.92919921875}
{"step": 1700, "train_loss": 2.50465989112854, "val_loss": 2.5396477699279787, "lr": 6.101961793542168e-05, "elapsed_seconds": 58.4331684820354, "tokens_seen": 6967296, "tokens_per_second": 120388.66559696784, "peak_memory_mib": 1500.92919921875}
{"step": 1800, "train_loss": 2.3811988830566406, "val_loss": 2.5903076410293577, "lr": 5.136170327878777e-05, "elapsed_seconds": 61.915440917015076, "tokens_seen": 7376896, "tokens_per_second": 117624.3454932718, "peak_memory_mib": 1500.92919921875}
{"step": 1900, "train_loss": 2.366424560546875, "val_loss": 2.522120487689972, "lr": 4.275734065899343e-05, "elapsed_seconds": 65.37106996960938, "tokens_seen": 7786496, "tokens_per_second": 118531.22674095877, "peak_memory_mib": 1500.92919921875}
{"step": 2000, "train_loss": 2.624523162841797, "val_loss": 2.5147685647010802, "lr": 3.536112433048803e-05, "elapsed_seconds": 68.84102547354996, "tokens_seen": 8196096, "tokens_per_second": 118041.85783311166, "peak_memory_mib": 1500.92919921875}
{"step": 2100, "train_loss": 2.5759403705596924, "val_loss": 2.5533642053604124, "lr": 2.930594182946401e-05, "elapsed_seconds": 72.2674964144826, "tokens_seen": 8605696, "tokens_per_second": 119539.93162043577, "peak_memory_mib": 1500.92919921875}
{"step": 2200, "train_loss": 2.474318504333496, "val_loss": 2.503451681137085, "lr": 2.4700586388571276e-05, "elapsed_seconds": 75.6662757024169, "tokens_seen": 9015296, "tokens_per_second": 120513.80556273677, "peak_memory_mib": 1500.92919921875}
{"step": 2300, "train_loss": 2.403888702392578, "val_loss": 2.477636468410492, "lr": 2.162780225306299e-05, "elapsed_seconds": 79.08370384946465, "tokens_seen": 9424896, "tokens_per_second": 119856.25097733387, "peak_memory_mib": 1500.92919921875}
{"step": 2400, "train_loss": 2.505068302154541, "val_loss": 2.4893635749816894, "lr": 2.0142798018102183e-05, "elapsed_seconds": 82.46770093031228, "tokens_seen": 9834496, "tokens_per_second": 121040.29427159257, "peak_memory_mib": 1500.92919921875}
{"step": 2441, "train_loss": 2.646977424621582, "val_loss": 2.487160527706146, "lr": 2.0000080972661158e-05, "elapsed_seconds": 83.99950354360044, "tokens_seen": 10002432, "tokens_per_second": 109632.90300592831, "peak_memory_mib": 1500.92919921875}
{"run": 7, "name": "batch-32", "overrides": {"batch_size": 32, "max_steps": 1221, "max_lr": 0.0003, "min_lr": 3e-05}}
{"step": 0, "train_loss": 9.263245582580566, "val_loss": 9.257105398178101, "lr": 0.0, "elapsed_seconds": 0.538926849141717, "tokens_seen": 8192, "tokens_per_second": 15200.522778758621, "peak_memory_mib": 2515.90966796875}
{"step": 100, "train_loss": 4.3373517990112305, "val_loss": 4.262581729888916, "lr": 0.0003, "elapsed_seconds": 5.809932205826044, "tokens_seen": 827392, "tokens_per_second": 155416.251531409, "peak_memory_mib": 2689.81982421875}
{"step": 200, "train_loss": 3.3893563747406006, "val_loss": 3.3806643009185793, "lr": 0.0002947331859127466, "elapsed_seconds": 10.839311813935637, "tokens_seen": 1646592, "tokens_per_second": 162882.93436705755, "peak_memory_mib": 2689.81982421875}
{"step": 300, "train_loss": 3.209794759750366, "val_loss": 3.0895413875579836, "lr": 0.0002793436966973522, "elapsed_seconds": 16.092170003801584, "tokens_seen": 2465792, "tokens_per_second": 155953.17312540847, "peak_memory_mib": 2689.81982421875}
{"step": 400, "train_loss": 2.8541390895843506, "val_loss": 2.8729946494102476, "lr": 0.00025503232611078386, "elapsed_seconds": 21.160452900454402, "tokens_seen": 3284992, "tokens_per_second": 161632.65545476234, "peak_memory_mib": 2689.81982421875}
{"step": 500, "train_loss": 2.703413724899292, "val_loss": 2.73113409280777, "lr": 0.00022369601443579374, "elapsed_seconds": 25.964175317436457, "tokens_seen": 4104192, "tokens_per_second": 170534.44102328538, "peak_memory_mib": 2689.81982421875}
{"step": 600, "train_loss": 2.7430105209350586, "val_loss": 2.69673570394516, "lr": 0.00018777983615789898, "elapsed_seconds": 30.77007850818336, "tokens_seen": 4923392, "tokens_per_second": 170457.0146235972, "peak_memory_mib": 2689.81982421875}
{"step": 700, "train_loss": 2.6579322814941406, "val_loss": 2.629882514476776, "lr": 0.00015008621844323758, "elapsed_seconds": 35.65474015288055, "tokens_seen": 5742592, "tokens_per_second": 167708.676702534, "peak_memory_mib": 2689.81982421875}
{"step": 800, "train_loss": 2.4509286880493164, "val_loss": 2.5519954204559325, "lr": 0.00011355627650335215, "elapsed_seconds": 40.70328037254512, "tokens_seen": 6561792, "tokens_per_second": 162264.6941551557, "peak_memory_mib": 2689.81982421875}
{"step": 900, "train_loss": 2.4736249446868896, "val_loss": 2.5715654253959657, "lr": 8.104032756513945e-05, "elapsed_seconds": 45.986949345096946, "tokens_seen": 7380992, "tokens_per_second": 155043.78050057747, "peak_memory_mib": 2689.81982421875}
{"step": 1000, "train_loss": 2.562999725341797, "val_loss": 2.493496310710907, "lr": 5.5075489523832e-05, "elapsed_seconds": 51.16296804510057, "tokens_seen": 8200192, "tokens_per_second": 158268.35929381812, "peak_memory_mib": 2689.81982421875}
{"step": 1100, "train_loss": 2.4007928371429443, "val_loss": 2.4951994895935057, "lr": 3.768771756119591e-05, "elapsed_seconds": 56.45454775728285, "tokens_seen": 9019392, "tokens_per_second": 154811.98898264923, "peak_memory_mib": 2689.81982421875}
{"step": 1200, "train_loss": 2.4384541511535645, "val_loss": 2.449347805976868, "lr": 3.0233725193064602e-05, "elapsed_seconds": 61.72439749725163, "tokens_seen": 9838592, "tokens_per_second": 155450.35871066898, "peak_memory_mib": 2689.81982421875}
{"step": 1220, "train_loss": 2.613049030303955, "val_loss": 2.4907107830047606, "lr": 3.0000530141751747e-05, "elapsed_seconds": 63.07838122174144, "tokens_seen": 10002432, "tokens_per_second": 121005.83224208096, "peak_memory_mib": 2689.81982421875}
{"run": 8, "name": "batch-64", "overrides": {"batch_size": 32, "gradient_accumulation_steps": 2, "max_steps": 611, "max_lr": 0.0004, "min_lr": 4e-05}}
{"step": 0, "train_loss": 9.26008939743042, "val_loss": 9.257043361663818, "lr": 0.0, "elapsed_seconds": 0.5592288989573717, "tokens_seen": 16384, "tokens_per_second": 29297.406631076778, "peak_memory_mib": 2601.17724609375}
{"step": 100, "train_loss": 3.9386322498321533, "val_loss": 3.9216312170028687, "lr": 0.0004, "elapsed_seconds": 8.928385077044368, "tokens_seen": 1654784, "tokens_per_second": 195766.45309952076, "peak_memory_mib": 2776.46240234375}
{"step": 200, "train_loss": 3.155155897140503, "val_loss": 3.090404748916626, "lr": 0.0003670407061604626, "elapsed_seconds": 17.242781007662416, "tokens_seen": 3293184, "tokens_per_second": 197055.80092888308, "peak_memory_mib": 2776.46240234375}
{"step": 300, "train_loss": 2.8094202280044556, "val_loss": 2.790524959564209, "lr": 0.00028023299186852774, "elapsed_seconds": 25.571847131475806, "tokens_seen": 4931584, "tokens_per_second": 196708.73309346434, "peak_memory_mib": 2776.46240234375}
{"step": 400, "train_loss": 2.6134471893310547, "val_loss": 2.67360143661499, "lr": 0.00017136709004515657, "elapsed_seconds": 33.88156998716295, "tokens_seen": 6569984, "tokens_per_second": 197166.6152498886, "peak_memory_mib": 2777.08740234375}
{"step": 500, "train_loss": 2.461327075958252, "val_loss": 2.5971648931503295, "lr": 8.031125899371258e-05, "elapsed_seconds": 42.361620554700494, "tokens_seen": 8208384, "tokens_per_second": 193206.38431374394, "peak_memory_mib": 2777.21240234375}
{"step": 600, "train_loss": 2.520787477493286, "val_loss": 2.546170151233673, "lr": 4.041145306339378e-05, "elapsed_seconds": 51.01557873003185, "tokens_seen": 9846784, "tokens_per_second": 189323.78101720303, "peak_memory_mib": 2777.21240234375}
{"step": 610, "train_loss": 2.669832944869995, "val_loss": 2.5399650931358337, "lr": 4.0003401724098366e-05, "elapsed_seconds": 52.27301685139537, "tokens_seen": 10010624, "tokens_per_second": 130296.69629314485, "peak_memory_mib": 2777.21240234375}
[2026-09-26T13:25:36+08:00] GPU tuning complete
