{"run": 0, "name": "compile-bf16", "overrides": {"batch_size": 128, "max_steps": 300, "max_lr": 0.004, "min_lr": 0.0004, "eval_interval": 100, "compile_model": true, "dtype": "bfloat16", "save_checkpoints": false}}
/root/miniconda3/lib/python3.12/site-packages/torch/_inductor/compile_fx.py:282: UserWarning: TensorFloat32 tensor cores for float32 matrix multiplication available but not enabled. Consider setting `torch.set_float32_matmul_precision('high')` for better performance.
  warnings.warn(
{"step": 0, "train_loss": 9.25688648223877, "val_loss": 9.256686019897462, "lr": 0.0, "gradient_norm": 1.1000478267669678, "elapsed_seconds": 16.52588793449104, "tokens_seen": 32768, "tokens_per_second": 1982.827263235607, "peak_memory_mib": 9533.87841796875, "peak_gpu_memory_bytes": 9996996096}
{"step": 100, "train_loss": 2.911517858505249, "val_loss": 2.855507528781891, "lr": 0.004, "gradient_norm": 0.3500528335571289, "elapsed_seconds": 24.81378667242825, "tokens_seen": 3309568, "tokens_per_second": 395371.4366289403, "peak_memory_mib": 9722.47607421875, "peak_gpu_memory_bytes": 10194755072}
{"step": 200, "train_loss": 2.2887229919433594, "val_loss": 2.3214978098869326, "lr": 0.0022, "gradient_norm": 0.22120031714439392, "elapsed_seconds": 33.06817797757685, "tokens_seen": 6586368, "tokens_per_second": 396976.93500700436, "peak_memory_mib": 9722.47607421875, "peak_gpu_memory_bytes": 10194755072}
{"step": 299, "train_loss": 2.061800956726074, "val_loss": 2.080176371335983, "lr": 0.00040022206153301094, "gradient_norm": 0.18352916836738586, "elapsed_seconds": 41.25542226061225, "tokens_seen": 9830400, "tokens_per_second": 396230.0066632823, "peak_memory_mib": 9722.47607421875, "peak_gpu_memory_bytes": 10194755072}
{"run": 1, "name": "eager-bf16", "overrides": {"batch_size": 128, "max_steps": 300, "max_lr": 0.004, "min_lr": 0.0004, "eval_interval": 100, "compile_model": false, "dtype": "bfloat16", "save_checkpoints": false}}
{"step": 0, "train_loss": 9.25687313079834, "val_loss": 9.256686019897462, "lr": 0.0, "gradient_norm": 1.1001067161560059, "elapsed_seconds": 1.7193727185949683, "tokens_seen": 32768, "tokens_per_second": 19058.087252003563, "peak_memory_mib": 12256.12841796875, "peak_gpu_memory_bytes": 12851482112}
{"step": 100, "train_loss": 2.909125328063965, "val_loss": 2.8582528829574585, "lr": 0.004, "gradient_norm": 0.3047765791416168, "elapsed_seconds": 18.408058759756386, "tokens_seen": 3309568, "tokens_per_second": 196348.5748231215, "peak_memory_mib": 12434.80419921875, "peak_gpu_memory_bytes": 13038837248}
{"step": 200, "train_loss": 2.287688732147217, "val_loss": 2.32423130273819, "lr": 0.0022, "gradient_norm": 0.21868911385536194, "elapsed_seconds": 35.08316936902702, "tokens_seen": 6586368, "tokens_per_second": 196508.4083191409, "peak_memory_mib": 12434.80419921875, "peak_gpu_memory_bytes": 13038837248}
{"step": 299, "train_loss": 2.062291145324707, "val_loss": 2.0818036615848543, "lr": 0.00040022206153301094, "gradient_norm": 0.18130597472190857, "elapsed_seconds": 51.583919713273644, "tokens_seen": 9830400, "tokens_per_second": 196599.05443979602, "peak_memory_mib": 12434.80419921875, "peak_gpu_memory_bytes": 13038837248}
{"run": 2, "name": "compile-fp16", "overrides": {"batch_size": 128, "max_steps": 300, "max_lr": 0.004, "min_lr": 0.0004, "eval_interval": 100, "compile_model": true, "dtype": "float16", "save_checkpoints": false}}
{"step": 0, "train_loss": 9.256915092468262, "val_loss": 9.256686019897462, "lr": 0.0, "gradient_norm": 1.8439788818359375, "elapsed_seconds": 11.969368998892605, "tokens_seen": 32768, "tokens_per_second": 2737.654034582696, "peak_memory_mib": 9541.56591796875, "peak_gpu_memory_bytes": 10005057024}
{"step": 100, "train_loss": 9.5114107131958, "val_loss": 9.45424861907959, "lr": 0.004, "gradient_norm": 12.212996482849121, "elapsed_seconds": 20.324690287932754, "tokens_seen": 3309568, "tokens_per_second": 392181.2653512425, "peak_memory_mib": 9722.53857421875, "peak_gpu_memory_bytes": 10194820608}
{"step": 200, "train_loss": 8.806129455566406, "val_loss": 8.80730414390564, "lr": 0.0022, "gradient_norm": 5.923804759979248, "elapsed_seconds": 28.685864569619298, "tokens_seen": 6586368, "tokens_per_second": 391906.6697871497, "peak_memory_mib": 9722.53857421875, "peak_gpu_memory_bytes": 10194820608}
{"step": 299, "train_loss": 8.37309455871582, "val_loss": 8.366617822647095, "lr": 0.00040022206153301094, "gradient_norm": 3.926279306411743, "elapsed_seconds": 37.03143912367523, "tokens_seen": 9830400, "tokens_per_second": 388712.7965668634, "peak_memory_mib": 9722.53857421875, "peak_gpu_memory_bytes": 10194820608}
{"run": 3, "name": "eager-fp16", "overrides": {"batch_size": 128, "max_steps": 300, "max_lr": 0.004, "min_lr": 0.0004, "eval_interval": 100, "compile_model": false, "dtype": "float16", "save_checkpoints": false}}
{"step": 0, "train_loss": 9.256914138793945, "val_loss": 9.256686019897462, "lr": 0.0, "gradient_norm": 1.8445520401000977, "elapsed_seconds": 1.6403680834919214, "tokens_seen": 32768, "tokens_per_second": 19975.984485923364, "peak_memory_mib": 12256.12841796875, "peak_gpu_memory_bytes": 12851482112}
{"step": 100, "train_loss": 9.351982116699219, "val_loss": 9.354269742965698, "lr": 0.004, "gradient_norm": 12.903010368347168, "elapsed_seconds": 18.468809350393713, "tokens_seen": 3309568, "tokens_per_second": 194717.94152377173, "peak_memory_mib": 12434.80419921875, "peak_gpu_memory_bytes": 13038837248}
{"step": 200, "train_loss": 9.138083457946777, "val_loss": 9.156694841384887, "lr": 0.0022, "gradient_norm": 12.505773544311523, "elapsed_seconds": 35.25397715438157, "tokens_seen": 6586368, "tokens_per_second": 195220.0082874345, "peak_memory_mib": 12434.80419921875, "peak_gpu_memory_bytes": 13038837248}
{"step": 299, "train_loss": 8.80909538269043, "val_loss": 8.7991042137146, "lr": 0.00040022206153301094, "gradient_norm": 7.405093669891357, "elapsed_seconds": 51.83939884696156, "tokens_seen": 9830400, "tokens_per_second": 195595.3162334533, "peak_memory_mib": 12434.80419921875, "peak_gpu_memory_bytes": 13038837248}
