{"run": 0, "name": "actual-batch-1", "overrides": {"batch_size": 1, "max_steps": 300, "max_lr": 0.00035, "min_lr": 3.5e-05}}
/root/autodl-tmp/Stanford-CS336/assignments/spring2026/assignment1-basics/.venv/lib/python3.12/site-packages/torch/_inductor/compile_fx.py:322: UserWarning: TensorFloat32 tensor cores for float32 matrix multiplication available but not enabled. Consider setting `torch.set_float32_matmul_precision('high')` for better performance.
  warnings.warn(
{"step": 0, "train_loss": 9.246953964233398, "val_loss": 9.250390243530273, "lr": 0.0, "elapsed_seconds": 20.360347812995315, "tokens_seen": 256, "tokens_per_second": 12.573457908485002, "peak_memory_mib": 470.3798828125}
{"step": 100, "train_loss": 4.887453556060791, "val_loss": 4.858711409568786, "lr": 0.00035, "elapsed_seconds": 23.483268212527037, "tokens_seen": 25856, "tokens_per_second": 8197.438730488784, "peak_memory_mib": 472.4814453125}
{"step": 200, "train_loss": 4.947477340698242, "val_loss": 4.289695501327515, "lr": 0.00019250000000000002, "elapsed_seconds": 26.605375135317445, "tokens_seen": 51456, "tokens_per_second": 8199.606504545605, "peak_memory_mib": 473.1767578125}
{"step": 299, "train_loss": 4.097768306732178, "val_loss": 4.185811483860016, "lr": 3.5019430384138455e-05, "elapsed_seconds": 29.636504236608744, "tokens_seen": 76800, "tokens_per_second": 8361.23166963485, "peak_memory_mib": 475.4111328125}
{"run": 1, "name": "actual-batch-8", "overrides": {"batch_size": 8, "max_steps": 300, "max_lr": 0.001, "min_lr": 0.0001}}
{"step": 0, "train_loss": 9.249456405639648, "val_loss": 9.262427568435669, "lr": 0.0, "elapsed_seconds": 17.41967933997512, "tokens_seen": 2048, "tokens_per_second": 117.56814833825831, "peak_memory_mib": 734.94873046875}
{"step": 100, "train_loss": 4.015473365783691, "val_loss": 3.906860828399658, "lr": 0.001, "elapsed_seconds": 20.69261503778398, "tokens_seen": 206848, "tokens_per_second": 62573.8485051542, "peak_memory_mib": 914.92138671875}
{"step": 200, "train_loss": 3.537722587585449, "val_loss": 3.330319607257843, "lr": 0.00055, "elapsed_seconds": 23.966091454029083, "tokens_seen": 411648, "tokens_per_second": 62563.460928308465, "peak_memory_mib": 914.92138671875}
{"step": 299, "train_loss": 3.347817897796631, "val_loss": 3.1932711839675902, "lr": 0.00010005551538325273, "elapsed_seconds": 27.212774539366364, "tokens_seen": 614400, "tokens_per_second": 62448.87049025603, "peak_memory_mib": 917.43701171875}
{"run": 2, "name": "actual-batch-16", "overrides": {"batch_size": 16, "max_steps": 300, "max_lr": 0.0014, "min_lr": 0.00014}}
{"step": 0, "train_loss": 9.258320808410645, "val_loss": 9.258959197998047, "lr": 0.0, "elapsed_seconds": 0.29043163172900677, "tokens_seen": 4096, "tokens_per_second": 14103.043270847358, "peak_memory_mib": 1322.16748046875}
{"step": 100, "train_loss": 3.66483998298645, "val_loss": 3.6076359510421754, "lr": 0.0014, "elapsed_seconds": 3.708817947655916, "tokens_seen": 413696, "tokens_per_second": 119822.60619956262, "peak_memory_mib": 1500.51513671875}
{"step": 200, "train_loss": 3.073995351791382, "val_loss": 3.0792551279067992, "lr": 0.0007700000000000001, "elapsed_seconds": 7.116087343543768, "tokens_seen": 823296, "tokens_per_second": 120213.58015143091, "peak_memory_mib": 1500.92919921875}
{"step": 299, "train_loss": 2.951165199279785, "val_loss": 2.9101741433143617, "lr": 0.00014007772153655382, "elapsed_seconds": 10.390321066603065, "tokens_seen": 1228800, "tokens_per_second": 123846.98769842947, "peak_memory_mib": 1500.92919921875}
{"run": 3, "name": "actual-batch-32", "overrides": {"batch_size": 32, "max_steps": 300, "max_lr": 0.002, "min_lr": 0.0002}}
{"step": 0, "train_loss": 9.263245582580566, "val_loss": 9.257105398178101, "lr": 0.0, "elapsed_seconds": 0.5367830041795969, "tokens_seen": 8192, "tokens_per_second": 15261.223408012369, "peak_memory_mib": 2504.78466796875}
{"step": 100, "train_loss": 3.396559000015259, "val_loss": 3.3620938777923586, "lr": 0.002, "elapsed_seconds": 5.745736451819539, "tokens_seen": 827392, "tokens_per_second": 157267.68057815492, "peak_memory_mib": 2682.75732421875}
{"step": 200, "train_loss": 2.8060646057128906, "val_loss": 2.799137735366821, "lr": 0.0011, "elapsed_seconds": 10.947323366999626, "tokens_seen": 1646592, "tokens_per_second": 157490.36546778292, "peak_memory_mib": 2682.97607421875}
{"step": 299, "train_loss": 2.6167359352111816, "val_loss": 2.6107731580734255, "lr": 0.00020011103076650547, "elapsed_seconds": 15.66166652739048, "tokens_seen": 2457600, "tokens_per_second": 172029.76628932398, "peak_memory_mib": 2683.16357421875}
{"run": 4, "name": "actual-batch-64", "overrides": {"batch_size": 64, "max_steps": 300, "max_lr": 0.0028, "min_lr": 0.00028}}
{"step": 0, "train_loss": 9.260083198547363, "val_loss": 9.256903219223023, "lr": 0.0, "elapsed_seconds": 24.14691785350442, "tokens_seen": 16384, "tokens_per_second": 678.5130465193911, "peak_memory_mib": 4841.31591796875}
{"step": 100, "train_loss": 3.0934951305389404, "val_loss": 3.108713662624359, "lr": 0.0028, "elapsed_seconds": 32.68697680905461, "tokens_seen": 1654784, "tokens_per_second": 191848.7071473726, "peak_memory_mib": 5020.42919921875}
{"step": 200, "train_loss": 2.557807445526123, "val_loss": 2.541006398200989, "lr": 0.0015400000000000001, "elapsed_seconds": 41.21020829863846, "tokens_seen": 3293184, "tokens_per_second": 192227.6474955866, "peak_memory_mib": 5020.95263671875}
{"step": 299, "train_loss": 2.3494465351104736, "val_loss": 2.353084921836853, "lr": 0.00028015544307310764, "elapsed_seconds": 49.63459627144039, "tokens_seen": 4915200, "tokens_per_second": 192538.1289876115, "peak_memory_mib": 5020.95263671875}
{"run": 5, "name": "actual-batch-128", "overrides": {"batch_size": 128, "max_steps": 300, "max_lr": 0.004, "min_lr": 0.0004}}
{"step": 0, "train_loss": 9.256895065307617, "val_loss": 9.256685829162597, "lr": 0.0, "elapsed_seconds": 1.9597424622625113, "tokens_seen": 32768, "tokens_per_second": 16720.551614303808, "peak_memory_mib": 9538.92529296875}
{"step": 100, "train_loss": 2.9203438758850098, "val_loss": 2.8771788120269775, "lr": 0.004, "elapsed_seconds": 18.72246634401381, "tokens_seen": 3309568, "tokens_per_second": 195481.34658740836, "peak_memory_mib": 9718.11669921875}
{"step": 200, "train_loss": 2.288745880126953, "val_loss": 2.323529052734375, "lr": 0.0022, "elapsed_seconds": 34.88930062390864, "tokens_seen": 6586368, "tokens_per_second": 202686.55828091933, "peak_memory_mib": 9718.11669921875}
{"step": 299, "train_loss": 2.061575174331665, "val_loss": 2.0800809979438784, "lr": 0.00040022206153301094, "elapsed_seconds": 50.90406149625778, "tokens_seen": 9830400, "tokens_per_second": 202565.12581074735, "peak_memory_mib": 9718.11669921875}
{"run": 6, "name": "edge-lr-1e-2", "overrides": {"batch_size": 32, "max_steps": 500, "max_lr": 0.01, "min_lr": 0.001}}
{"step": 0, "train_loss": 9.263245582580566, "val_loss": 9.257105398178101, "lr": 0.0, "elapsed_seconds": 0.5189821906387806, "tokens_seen": 8192, "tokens_per_second": 15784.695977082356, "peak_memory_mib": 2504.78466796875}
{"step": 100, "train_loss": 3.550182342529297, "val_loss": 3.5533457159996034, "lr": 0.010000000000000002, "elapsed_seconds": 5.270490638911724, "tokens_seen": 827392, "tokens_per_second": 172408.3842561899, "peak_memory_mib": 2682.75732421875}
{"step": 200, "train_loss": 3.434608221054077, "val_loss": 3.3955432415008544, "lr": 0.008681980515339464, "elapsed_seconds": 9.99124169908464, "tokens_seen": 1646592, "tokens_per_second": 173531.69896000088, "peak_memory_mib": 2682.97607421875}
{"step": 300, "train_loss": 3.4404690265655518, "val_loss": 3.3308395385742187, "lr": 0.0055000000000000005, "elapsed_seconds": 14.714321291074157, "tokens_seen": 2465792, "tokens_per_second": 173446.16208023022, "peak_memory_mib": 2683.16357421875}
{"step": 400, "train_loss": 3.108060359954834, "val_loss": 3.112598955631256, "lr": 0.0023180194846605367, "elapsed_seconds": 19.430392015725374, "tokens_seen": 3284992, "tokens_per_second": 173703.80137724307, "peak_memory_mib": 2683.21826171875}
{"step": 499, "train_loss": 3.0701651573181152, "val_loss": 2.9707102179527283, "lr": 0.0010001387905984465, "elapsed_seconds": 24.11002701893449, "tokens_seen": 4096000, "tokens_per_second": 173305.9514240069, "peak_memory_mib": 2683.47607421875}
{"run": 7, "name": "edge-lr-3e-2", "overrides": {"batch_size": 32, "max_steps": 500, "max_lr": 0.03, "min_lr": 0.003}}
{"step": 0, "train_loss": 9.263245582580566, "val_loss": 9.257105398178101, "lr": 0.0, "elapsed_seconds": 0.5553016886115074, "tokens_seen": 8192, "tokens_per_second": 14752.28344049344, "peak_memory_mib": 2504.78466796875}
{"step": 100, "train_loss": 4.547415733337402, "val_loss": 4.47856912612915, "lr": 0.03, "elapsed_seconds": 5.2884912602603436, "tokens_seen": 827392, "tokens_per_second": 173075.7040823157, "peak_memory_mib": 2682.75732421875}
{"step": 200, "train_loss": 5.635839462280273, "val_loss": 5.280921888351441, "lr": 0.02604594154601839, "elapsed_seconds": 10.004884207621217, "tokens_seen": 1646592, "tokens_per_second": 173692.04833811065, "peak_memory_mib": 2682.97607421875}
{"step": 300, "train_loss": 4.811232089996338, "val_loss": 4.692373585700989, "lr": 0.0165, "elapsed_seconds": 14.705482721328735, "tokens_seen": 2465792, "tokens_per_second": 174275.66789122848, "peak_memory_mib": 2683.16357421875}
{"step": 400, "train_loss": 4.398332595825195, "val_loss": 4.456263446807862, "lr": 0.006954058453981609, "elapsed_seconds": 19.436769153922796, "tokens_seen": 3284992, "tokens_per_second": 173145.30694232706, "peak_memory_mib": 2683.21826171875}
{"step": 499, "train_loss": 4.337244987487793, "val_loss": 4.244226026535034, "lr": 0.0030004163717953394, "elapsed_seconds": 24.137682104483247, "tokens_seen": 4096000, "tokens_per_second": 172521.37348576292, "peak_memory_mib": 2683.47607421875}
{"run": 8, "name": "edge-lr-1e-1", "overrides": {"batch_size": 32, "max_steps": 500, "max_lr": 0.1, "min_lr": 0.01}}
{"step": 0, "train_loss": 9.263245582580566, "val_loss": 9.257105398178101, "lr": 0.0, "elapsed_seconds": 0.5168898589909077, "tokens_seen": 8192, "tokens_per_second": 15848.589064564689, "peak_memory_mib": 2504.78466796875}
{"step": 100, "train_loss": NaN, "val_loss": NaN, "lr": 0.1, "elapsed_seconds": 5.6766182370483875, "tokens_seen": 827392, "tokens_per_second": 158768.0092294947, "peak_memory_mib": 2682.75732421875}
{"step": 200, "train_loss": NaN, "val_loss": NaN, "lr": 0.08681980515339464, "elapsed_seconds": 10.623056450858712, "tokens_seen": 1646592, "tokens_per_second": 165614.10050351243, "peak_memory_mib": 2682.97607421875}
{"step": 300, "train_loss": NaN, "val_loss": NaN, "lr": 0.05500000000000001, "elapsed_seconds": 15.322697786614299, "tokens_seen": 2465792, "tokens_per_second": 174311.237025009, "peak_memory_mib": 2683.16357421875}
{"step": 400, "train_loss": NaN, "val_loss": NaN, "lr": 0.023180194846605363, "elapsed_seconds": 20.016337338835, "tokens_seen": 3284992, "tokens_per_second": 174534.06601303277, "peak_memory_mib": 2683.21826171875}
{"step": 499, "train_loss": NaN, "val_loss": NaN, "lr": 0.010001387905984465, "elapsed_seconds": 24.66706663928926, "tokens_seen": 4096000, "tokens_per_second": 174382.96851240014, "peak_memory_mib": 2683.47607421875}
