{"step": 0, "train_loss": 9.301012992858887, "val_loss": 9.306549263000488, "lr": 0.0, "elapsed_seconds": 13.348427575081587, "tokens_seen": 8192, "tokens_per_second": 613.7050903906328, "peak_memory_mib": 2471.22216796875}
{"step": 100, "train_loss": 3.468209981918335, "val_loss": 3.5340359210968018, "lr": 0.002, "elapsed_seconds": 18.04710567742586, "tokens_seen": 827392, "tokens_per_second": 174346.91605871668, "peak_memory_mib": 2613.94482421875}
{"step": 200, "train_loss": 2.9664745330810547, "val_loss": 2.9484489798545837, "lr": 0.001998059313627899, "elapsed_seconds": 23.075210316106677, "tokens_seen": 1646592, "tokens_per_second": 162924.19013761543, "peak_memory_mib": 2613.94482421875}
{"step": 300, "train_loss": 2.6668715476989746, "val_loss": 2.7116355180740355, "lr": 0.0019922456239862526, "elapsed_seconds": 28.208211351186037, "tokens_seen": 2465792, "tokens_per_second": 159594.63863324773, "peak_memory_mib": 2613.94482421875}
{"step": 400, "train_loss": 2.58164119720459, "val_loss": 2.546381425857544, "lr": 0.0019825840034045244, "elapsed_seconds": 33.236359000205994, "tokens_seen": 3284992, "tokens_per_second": 162922.92161174072, "peak_memory_mib": 2614.31982421875}
{"step": 500, "train_loss": 2.4093551635742188, "val_loss": 2.443326723575592, "lr": 0.0019691161189391497, "elapsed_seconds": 37.93487892858684, "tokens_seen": 4104192, "tokens_per_second": 174352.8564389029, "peak_memory_mib": 2614.31982421875}
{"step": 600, "train_loss": 2.321645498275757, "val_loss": 2.352601671218872, "lr": 0.0019519000526786673, "elapsed_seconds": 42.940546529367566, "tokens_seen": 4923392, "tokens_per_second": 163654.42186460682, "peak_memory_mib": 2614.31982421875}
{"step": 700, "train_loss": 2.3275487422943115, "val_loss": 2.318171203136444, "lr": 0.0019310100512567956, "elapsed_seconds": 47.63677581772208, "tokens_seen": 5742592, "tokens_per_second": 174437.89701941973, "peak_memory_mib": 2614.31982421875}
{"step": 800, "train_loss": 2.203853130340576, "val_loss": 2.2451682448387147, "lr": 0.0019065362056536954, "elapsed_seconds": 52.39488699473441, "tokens_seen": 6561792, "tokens_per_second": 172169.14448925105, "peak_memory_mib": 2614.31982421875}
{"step": 900, "train_loss": 2.236459255218506, "val_loss": 2.191250467300415, "lr": 0.0018785840626663333, "elapsed_seconds": 57.113881619647145, "tokens_seen": 7380992, "tokens_per_second": 173596.3219659176, "peak_memory_mib": 2614.31982421875}
{"step": 1000, "train_loss": 2.152275800704956, "val_loss": 2.1809019327163695, "lr": 0.001847274169723524, "elapsed_seconds": 61.81295150704682, "tokens_seen": 8200192, "tokens_per_second": 174332.36979107428, "peak_memory_mib": 2614.31982421875}
{"step": 1100, "train_loss": 2.056525707244873, "val_loss": 2.0841797053813935, "lr": 0.0018127415550087027, "elapsed_seconds": 66.50419573672116, "tokens_seen": 9019392, "tokens_per_second": 174623.0991881693, "peak_memory_mib": 2614.31982421875}
{"step": 1200, "train_loss": 2.067397117614746, "val_loss": 2.1038274109363555, "lr": 0.00177513514513247, "elapsed_seconds": 71.20039718970656, "tokens_seen": 9838592, "tokens_per_second": 174438.94105116872, "peak_memory_mib": 2614.31982421875}
{"step": 1300, "train_loss": 2.0318174362182617, "val_loss": 2.0459901213645937, "lr": 0.0017346171228662711, "elapsed_seconds": 75.8434098046273, "tokens_seen": 10657792, "tokens_per_second": 176437.14448946778, "peak_memory_mib": 2614.31982421875}
{"step": 1400, "train_loss": 2.090491771697998, "val_loss": 2.029721474647522, "lr": 0.001691362227707076, "elapsed_seconds": 80.52517246082425, "tokens_seen": 11476992, "tokens_per_second": 174976.8585845762, "peak_memory_mib": 2614.31982421875}
{"step": 1500, "train_loss": 2.017988920211792, "val_loss": 2.0213284611701967, "lr": 0.0016455570022894668, "elapsed_seconds": 85.18989854678512, "tokens_seen": 12296192, "tokens_per_second": 175615.88039997258, "peak_memory_mib": 2614.31982421875}
{"step": 1600, "train_loss": 1.9894347190856934, "val_loss": 1.9890808403491973, "lr": 0.0015973989878950861, "elapsed_seconds": 90.0078167039901, "tokens_seen": 13115392, "tokens_per_second": 170031.9047308029, "peak_memory_mib": 2614.31982421875}
{"step": 1700, "train_loss": 1.9654945135116577, "val_loss": 1.9449387609958648, "lr": 0.0015470958725289172, "elapsed_seconds": 95.12955842912197, "tokens_seen": 13934592, "tokens_per_second": 159945.5751151465, "peak_memory_mib": 2614.31982421875}
{"step": 1800, "train_loss": 1.885894775390625, "val_loss": 1.924484646320343, "lr": 0.0014948645952364392, "elapsed_seconds": 99.87016389332712, "tokens_seen": 14753792, "tokens_per_second": 172804.92655710338, "peak_memory_mib": 2614.31982421875}
{"step": 1900, "train_loss": 2.0025830268859863, "val_loss": 1.945588856935501, "lr": 0.0014409304105244042, "elapsed_seconds": 104.55339169315994, "tokens_seen": 15572992, "tokens_per_second": 174922.1273102552, "peak_memory_mib": 2614.31982421875}
{"step": 2000, "train_loss": 1.883390188217163, "val_loss": 1.8776005506515503, "lr": 0.0013855259169200597, "elapsed_seconds": 109.25099327601492, "tokens_seen": 16392192, "tokens_per_second": 174386.85136538523, "peak_memory_mib": 2614.31982421875}
{"step": 2100, "train_loss": 1.8370444774627686, "val_loss": 1.8785913705825805, "lr": 0.0013288900538582745, "elapsed_seconds": 113.99671072140336, "tokens_seen": 17211392, "tokens_per_second": 172618.81278764084, "peak_memory_mib": 2614.31982421875}
{"step": 2200, "train_loss": 1.7441174983978271, "val_loss": 1.8639219462871552, "lr": 0.0012712670712226402, "elapsed_seconds": 118.73909076303244, "tokens_seen": 18030592, "tokens_per_second": 172740.2585709488, "peak_memory_mib": 2614.31982421875}
{"step": 2300, "train_loss": 1.9173353910446167, "val_loss": 1.8402244687080382, "lr": 0.001212905475984536, "elapsed_seconds": 123.5392581988126, "tokens_seen": 18849792, "tokens_per_second": 170660.71459548187, "peak_memory_mib": 2614.31982421875}
{"step": 2400, "train_loss": 1.730560064315796, "val_loss": 1.8358125627040862, "lr": 0.0011540569604829235, "elapsed_seconds": 128.68084075674415, "tokens_seen": 19668992, "tokens_per_second": 159328.37116795828, "peak_memory_mib": 2614.31982421875}
{"step": 2500, "train_loss": 1.8755216598510742, "val_loss": 1.810943168401718, "lr": 0.001094975316966808, "elapsed_seconds": 133.44002917781472, "tokens_seen": 20488192, "tokens_per_second": 172130.13486957143, "peak_memory_mib": 2614.31982421875}
{"step": 2600, "train_loss": 1.836323618888855, "val_loss": 1.7714067816734314, "lr": 0.0010359153430815518, "elapsed_seconds": 138.25564062222838, "tokens_seen": 21307392, "tokens_per_second": 170113.44018580578, "peak_memory_mib": 2614.31982421875}
{"step": 2700, "train_loss": 1.7810746431350708, "val_loss": 1.77507803440094, "lr": 0.0009771317430192785, "elapsed_seconds": 143.1411837413907, "tokens_seen": 22126592, "tokens_per_second": 167678.4064042067, "peak_memory_mib": 2614.31982421875}
{"step": 2800, "train_loss": 1.7134652137756348, "val_loss": 1.7870752573013307, "lr": 0.000918878029072308, "elapsed_seconds": 147.8563784006983, "tokens_seen": 22945792, "tokens_per_second": 173736.19071293218, "peak_memory_mib": 2614.31982421875}
{"step": 2900, "train_loss": 1.8115004301071167, "val_loss": 1.7568801581859588, "lr": 0.0008614054283268206, "elapsed_seconds": 152.5862798858434, "tokens_seen": 23764992, "tokens_per_second": 173196.00234475292, "peak_memory_mib": 2614.31982421875}
{"step": 3000, "train_loss": 1.7806543111801147, "val_loss": 1.7448342263698577, "lr": 0.0008049617992117852, "elapsed_seconds": 157.67162676528096, "tokens_seen": 24584192, "tokens_per_second": 161090.2879430242, "peak_memory_mib": 2614.31982421875}
{"step": 3100, "train_loss": 1.6999287605285645, "val_loss": 1.7423649251461029, "lr": 0.0007497905625756802, "elapsed_seconds": 162.4257858581841, "tokens_seen": 25403392, "tokens_per_second": 172312.26477583358, "peak_memory_mib": 2614.31982421875}
{"step": 3200, "train_loss": 1.7298474311828613, "val_loss": 1.7545467913150787, "lr": 0.0006961296519008872, "elapsed_seconds": 167.30554618872702, "tokens_seen": 26222592, "tokens_per_second": 167877.0917637161, "peak_memory_mib": 2614.31982421875}
{"step": 3300, "train_loss": 1.7615766525268555, "val_loss": 1.731219184398651, "lr": 0.0006442104871830975, "elapsed_seconds": 172.46082167699933, "tokens_seen": 27041792, "tokens_per_second": 158905.1792853565, "peak_memory_mib": 2614.31982421875}
{"step": 3400, "train_loss": 1.7368890047073364, "val_loss": 1.7289354503154755, "lr": 0.0005942569769010196, "elapsed_seconds": 177.6189151313156, "tokens_seen": 27860992, "tokens_per_second": 158818.356456037, "peak_memory_mib": 2614.31982421875}
{"step": 3500, "train_loss": 1.7394485473632812, "val_loss": 1.6829492449760437, "lr": 0.0005464845523805263, "elapsed_seconds": 182.51726070418954, "tokens_seen": 28680192, "tokens_per_second": 167240.17008055685, "peak_memory_mib": 2614.31982421875}
{"step": 3600, "train_loss": 1.6302416324615479, "val_loss": 1.6867466986179351, "lr": 0.0005010992387176826, "elapsed_seconds": 187.1968832332641, "tokens_seen": 29499392, "tokens_per_second": 175056.85536583242, "peak_memory_mib": 2614.31982421875}
{"step": 3700, "train_loss": 1.730750322341919, "val_loss": 1.6641993880271913, "lr": 0.0004582967662674195, "elapsed_seconds": 191.90451641380787, "tokens_seen": 30318592, "tokens_per_second": 174015.27399725383, "peak_memory_mib": 2614.31982421875}
{"step": 3800, "train_loss": 1.7755306959152222, "val_loss": 1.6799273550510407, "lr": 0.0004182617265296849, "elapsed_seconds": 196.89089188165963, "tokens_seen": 31137792, "tokens_per_second": 164287.573524883, "peak_memory_mib": 2614.31982421875}
{"step": 3900, "train_loss": 1.567511796951294, "val_loss": 1.647161865234375, "lr": 0.000381166776073424, "elapsed_seconds": 202.03663325682282, "tokens_seen": 31956992, "tokens_per_second": 159199.67980106676, "peak_memory_mib": 2614.31982421875}
{"step": 4000, "train_loss": 1.649095058441162, "val_loss": 1.6540768623352051, "lr": 0.00034717189193158, "elapsed_seconds": 207.0923493374139, "tokens_seen": 32776192, "tokens_per_second": 162034.42910059675, "peak_memory_mib": 2614.31982421875}
{"step": 4100, "train_loss": 1.6388332843780518, "val_loss": 1.6459946632385254, "lr": 0.0003164236816783195, "elapsed_seconds": 212.07162711955607, "tokens_seen": 33595392, "tokens_per_second": 164521.81958850534, "peak_memory_mib": 2614.31982421875}
{"step": 4200, "train_loss": 1.7028262615203857, "val_loss": 1.671514916419983, "lr": 0.0002890547511638763, "elapsed_seconds": 217.23655125498772, "tokens_seen": 34414592, "tokens_per_second": 158608.3350966453, "peak_memory_mib": 2614.31982421875}
{"step": 4300, "train_loss": 1.6434993743896484, "val_loss": 1.6494944989681244, "lr": 0.00026518313263373527, "elapsed_seconds": 222.35415522940457, "tokens_seen": 35233792, "tokens_per_second": 160074.94289999182, "peak_memory_mib": 2614.31982421875}
{"step": 4400, "train_loss": 1.5133012533187866, "val_loss": 1.6177894949913025, "lr": 0.0002449117756984776, "elapsed_seconds": 227.03814388997853, "tokens_seen": 36052992, "tokens_per_second": 174893.68161708987, "peak_memory_mib": 2614.31982421875}
{"step": 4500, "train_loss": 1.4965676069259644, "val_loss": 1.6489267587661742, "lr": 0.00022832810334954366, "elapsed_seconds": 231.73068638890982, "tokens_seen": 36872192, "tokens_per_second": 174574.84422810303, "peak_memory_mib": 2614.31982421875}
{"step": 4600, "train_loss": 1.715847373008728, "val_loss": 1.6411214113235473, "lr": 0.0002155036349356601, "elapsed_seconds": 236.41693587973714, "tokens_seen": 37691392, "tokens_per_second": 174809.25220641296, "peak_memory_mib": 2614.31982421875}
{"step": 4700, "train_loss": 1.6563180685043335, "val_loss": 1.6266867458820342, "lr": 0.00020649367772589418, "elapsed_seconds": 241.01888386905193, "tokens_seen": 38510592, "tokens_per_second": 178011.61375653974, "peak_memory_mib": 2614.31982421875}
{"step": 4800, "train_loss": 1.5563633441925049, "val_loss": 1.639651471376419, "lr": 0.000201337088389513, "elapsed_seconds": 245.63483840599656, "tokens_seen": 39329792, "tokens_per_second": 177471.4188441596, "peak_memory_mib": 2614.31982421875}
{"step": 4882, "train_loss": 1.56026291847229, "val_loss": 1.6149861216545105, "lr": 0.00020000019413841596, "elapsed_seconds": 249.49901304207742, "tokens_seen": 40001536, "tokens_per_second": 173838.96663527054, "peak_memory_mib": 2614.31982421875}
{
  "steps": 4883,
  "best_val_loss": 1.6149861216545105,
  "elapsed_seconds": 249.49944283813238,
  "tokens_seen": 40001536,
  "parameter_count": 17576448,
  "peak_memory_mib": 2614.31982421875
}
