Resolved 76 packages in 3ms
Downloading nvidia-cublas (403.5MiB)
Downloading torch (506.1MiB)
Downloading nvidia-cudnn-cu13 (349.1MiB)
Downloading nvidia-cufft (204.2MiB)
Downloading nvidia-cusolver (191.6MiB)
Downloading nvidia-nccl-cu13 (187.4MiB)
Downloading triton (179.5MiB)
Downloading nvidia-cusparselt-cu13 (162.0MiB)
Downloading nvidia-cusparse (139.2MiB)
Downloading nvidia-cuda-nvrtc (86.0MiB)
Downloading nvidia-nvshmem-cu13 (57.6MiB)
 Downloaded nvidia-nvshmem-cu13
 Downloaded nvidia-cuda-nvrtc
 Downloaded nvidia-cusparse
 Downloaded nvidia-cusparselt-cu13
 Downloaded triton
 Downloaded nvidia-nccl-cu13
 Downloaded nvidia-cusolver
 Downloaded nvidia-cufft
 Downloaded nvidia-cudnn-cu13
 Downloaded nvidia-cublas
 Downloaded torch
Prepared 11 packages in 2m 30s
warning: Failed to hardlink files; falling back to full copy. This may lead to degraded performance.
         If the cache and target directories are on different filesystems, hardlinking may not be supported.
         If this is intentional, set `export UV_LINK_MODE=copy` or use `--link-mode=copy` to suppress this warning.
Installed 75 packages in 3.07s
 + annotated-types==0.7.0
 + certifi==2026.2.25
 + charset-normalizer==3.4.6
 + click==8.3.1
 + contourpy==1.4.0
 + cs336-basics==26.0.0 (from file:///root/autodl-tmp/Stanford-CS336/assignments/spring2026/assignment1-basics)
 + cuda-bindings==13.2.0
 + cuda-pathfinder==1.5.0
 + cuda-toolkit==13.0.2
 + cycler==0.12.1
 + einops==0.8.2
 + einx==0.4.2
 + filelock==3.25.2
 + fonttools==4.66.0
 + frozendict==2.4.7
 + fsspec==2026.3.0
 + gitdb==4.0.12
 + gitpython==3.1.46
 + idna==3.11
 + iniconfig==2.3.0
 + jaxtyping==0.3.9
 + jinja2==3.1.6
 + kiwisolver==1.5.1
 + markupsafe==3.0.3
 + matplotlib==3.11.2
 + mpmath==1.3.0
 + networkx==3.6.1
 + numpy==2.4.4
 + nvidia-cublas==13.1.0.3
 + nvidia-cuda-cupti==13.0.85
 + nvidia-cuda-nvrtc==13.0.88
 + nvidia-cuda-runtime==13.0.96
 + nvidia-cudnn-cu13==9.19.0.56
 + nvidia-cufft==12.0.0.61
 + nvidia-cufile==1.15.1.6
 + nvidia-curand==10.4.0.35
 + nvidia-cusolver==12.0.4.66
 + nvidia-cusparse==12.6.3.3
 + nvidia-cusparselt-cu13==0.8.0
 + nvidia-nccl-cu13==2.28.9
 + nvidia-nvjitlink==13.0.88
 + nvidia-nvshmem-cu13==3.4.5
 + nvidia-nvtx==13.0.85
 + packaging==26.0
 + pillow==12.3.0
 + platformdirs==4.9.4
 + pluggy==1.6.0
 + protobuf==6.33.6
 + psutil==7.2.2
 + pydantic==2.12.5
 + pydantic-core==2.41.5
 + pygments==2.20.0
 + pyparsing==3.3.3
 + pytest==9.0.2
 + pytest-timeout==2.4.0
 + python-dateutil==2.9.0.post0
 + pyyaml==6.0.3
 + regex==2026.3.32
 + requests==2.33.1
 + ruff==0.15.8
 + sentry-sdk==2.56.0
 + setuptools==81.0.0
 + six==1.17.0
 + smmap==5.0.3
 + sympy==1.14.0
 + tiktoken==0.12.0
 + torch==2.11.0
 + tqdm==4.67.3
 + triton==3.6.0
 + ty==0.0.26
 + typing-extensions==4.15.0
 + typing-inspection==0.4.2
 + urllib3==2.6.3
 + wadler-lindig==0.1.7
 + wandb==0.25.1
